Archive member included because of file (symbol)

.\CortexM3\ARM_GCC_493\Debug\Filter_ADC_VDAC01.a(cyfitter_cfg.o)
                              .\CortexM3\ARM_GCC_493\Debug\Cm3Start.o (cyfitter_cfg)
.\CortexM3\ARM_GCC_493\Debug\Filter_ADC_VDAC01.a(DMA_dma.o)
                              .\CortexM3\ARM_GCC_493\Debug\main.o (DMA_DmaInitialize)
.\CortexM3\ARM_GCC_493\Debug\Filter_ADC_VDAC01.a(isr.o)
                              .\CortexM3\ARM_GCC_493\Debug\main.o (isr_StartEx)
.\CortexM3\ARM_GCC_493\Debug\Filter_ADC_VDAC01.a(ADC_DelSig.o)
                              .\CortexM3\ARM_GCC_493\Debug\main.o (ADC_DelSig_StartConvert)
.\CortexM3\ARM_GCC_493\Debug\Filter_ADC_VDAC01.a(ADC_DelSig_INT.o)
                              .\CortexM3\ARM_GCC_493\Debug\Filter_ADC_VDAC01.a(ADC_DelSig.o) (ADC_DelSig_ISR1)
.\CortexM3\ARM_GCC_493\Debug\Filter_ADC_VDAC01.a(UART_1.o)
                              .\CortexM3\ARM_GCC_493\Debug\main.o (UART_1_Start)
.\CortexM3\ARM_GCC_493\Debug\Filter_ADC_VDAC01.a(Opamp.o)
                              .\CortexM3\ARM_GCC_493\Debug\main.o (Opamp_Start)
.\CortexM3\ARM_GCC_493\Debug\Filter_ADC_VDAC01.a(Filter.o)
                              .\CortexM3\ARM_GCC_493\Debug\main.o (Filter_Start)
.\CortexM3\ARM_GCC_493\Debug\Filter_ADC_VDAC01.a(Filter_PVT.o)
                              .\CortexM3\ARM_GCC_493\Debug\Filter_ADC_VDAC01.a(Filter.o) (Filter_SetInterruptMode)
.\CortexM3\ARM_GCC_493\Debug\Filter_ADC_VDAC01.a(Filter_RAM_Data.o)
                              .\CortexM3\ARM_GCC_493\Debug\Filter_ADC_VDAC01.a(Filter.o) (Filter_control)
.\CortexM3\ARM_GCC_493\Debug\Filter_ADC_VDAC01.a(ADC_DelSig_Ext_CP_Clk.o)
                              .\CortexM3\ARM_GCC_493\Debug\Filter_ADC_VDAC01.a(ADC_DelSig.o) (ADC_DelSig_Ext_CP_Clk_SetDividerRegister)
.\CortexM3\ARM_GCC_493\Debug\Filter_ADC_VDAC01.a(ADC_DelSig_IRQ.o)
                              .\CortexM3\ARM_GCC_493\Debug\main.o (ADC_DelSig_IRQ_Start)
.\CortexM3\ARM_GCC_493\Debug\Filter_ADC_VDAC01.a(ADC_DelSig_theACLK.o)
                              .\CortexM3\ARM_GCC_493\Debug\Filter_ADC_VDAC01.a(ADC_DelSig.o) (ADC_DelSig_theACLK_SetDividerRegister)
.\CortexM3\ARM_GCC_493\Debug\Filter_ADC_VDAC01.a(UART_1_IntClock.o)
                              .\CortexM3\ARM_GCC_493\Debug\Filter_ADC_VDAC01.a(UART_1.o) (UART_1_IntClock_Start)
.\CortexM3\ARM_GCC_493\Debug\Filter_ADC_VDAC01.a(CyDmac.o)
                              .\CortexM3\ARM_GCC_493\Debug\Cm3Start.o (CyDmacConfigure)
.\CortexM3\ARM_GCC_493\Debug\Filter_ADC_VDAC01.a(CyLib.o)
                              .\CortexM3\ARM_GCC_493\Debug\Cm3Start.o (CyResetStatus)
.\CortexM3\ARM_GCC_493\Debug\Filter_ADC_VDAC01.a(cyPm.o)
                              .\CortexM3\ARM_GCC_493\Debug\Filter_ADC_VDAC01.a(CyLib.o) (CyPmReadStatus)
.\CortexM3\ARM_GCC_493\Debug\Filter_ADC_VDAC01.a(CyBootAsmGnu.o)
                              .\CortexM3\ARM_GCC_493\Debug\Filter_ADC_VDAC01.a(cyfitter_cfg.o) (CyDelayCycles)
.\CortexM3\ARM_GCC_493\Debug\Filter_ADC_VDAC01.a(CyFlash.o)
                              .\CortexM3\ARM_GCC_493\Debug\Filter_ADC_VDAC01.a(cyPm.o) (CyFlash_SetWaitCycles)
.\CortexM3\ARM_GCC_493\Debug\Filter_ADC_VDAC01.a(CySpc.o)
                              .\CortexM3\ARM_GCC_493\Debug\Filter_ADC_VDAC01.a(CyFlash.o) (CySpcStart)
c:/program files (x86)/cypress/psoc creator/4.0/psoc creator/import/gnu/arm/4.9.3/bin/../lib/gcc/arm-none-eabi/4.9.3/armv7-m\libgcc.a(_arm_addsubdf3.o)
                              .\CortexM3\ARM_GCC_493\Debug\Filter_ADC_VDAC01.a(ADC_DelSig.o) (__aeabi_f2d)
c:/program files (x86)/cypress/psoc creator/4.0/psoc creator/import/gnu/arm/4.9.3/bin/../lib/gcc/arm-none-eabi/4.9.3/armv7-m\libgcc.a(_arm_cmpdf2.o)
                              .\CortexM3\ARM_GCC_493\Debug\Filter_ADC_VDAC01.a(ADC_DelSig.o) (__aeabi_dcmpgt)
c:/program files (x86)/cypress/psoc creator/4.0/psoc creator/import/gnu/arm/4.9.3/bin/../lib/gcc/arm-none-eabi/4.9.3/armv7-m\libgcc.a(_arm_addsubsf3.o)
                              .\CortexM3\ARM_GCC_493\Debug\Filter_ADC_VDAC01.a(ADC_DelSig.o) (__aeabi_ui2f)
c:/program files (x86)/cypress/psoc creator/4.0/psoc creator/import/gnu/arm/4.9.3/bin/../lib/gcc/arm-none-eabi/4.9.3/armv7-m\libgcc.a(_arm_muldivsf3.o)
                              .\CortexM3\ARM_GCC_493\Debug\Filter_ADC_VDAC01.a(ADC_DelSig.o) (__aeabi_fmul)
c:/program files (x86)/cypress/psoc creator/4.0/psoc creator/import/gnu/arm/4.9.3/bin/../lib/gcc/arm-none-eabi/4.9.3/armv7-m\libgcc.a(_arm_fixunssfsi.o)
                              .\CortexM3\ARM_GCC_493\Debug\Filter_ADC_VDAC01.a(ADC_DelSig.o) (__aeabi_f2uiz)
c:/program files (x86)/cypress/psoc creator/4.0/psoc creator/import/gnu/arm/4.9.3/bin/../lib/gcc/arm-none-eabi/4.9.3/../../../../arm-none-eabi/lib/armv7-m\libg_nano.a(lib_a-errno.o)
                              .\CortexM3\ARM_GCC_493\Debug\Cm3Start.o (__errno)
[...]
Memory Configuration

Name             Origin             Length             Attributes
rom              0x00000000         0x00040000         xr
ram              0x1fff8000         0x00010000         xrw
*default*        0x00000000         0xffffffff

Linker script and memory map

LOAD c:/program files (x86)/cypress/psoc creator/4.0/psoc creator/import/gnu/arm/4.9.3/bin/../lib/gcc/arm-none-eabi/4.9.3/armv7-m/crti.o
LOAD c:/program files (x86)/cypress/psoc creator/4.0/psoc creator/import/gnu/arm/4.9.3/bin/../lib/gcc/arm-none-eabi/4.9.3/armv7-m/crtbegin.o
LOAD c:/program files (x86)/cypress/psoc creator/4.0/psoc creator/import/gnu/arm/4.9.3/bin/../lib/gcc/arm-none-eabi/4.9.3/../../../../arm-none-eabi/lib/armv7-m/crt0.o
START GROUP
LOAD .\CortexM3\ARM_GCC_493\Debug\main.o
LOAD .\CortexM3\ARM_GCC_493\Debug\cymetadata.o
LOAD .\CortexM3\ARM_GCC_493\Debug\Cm3Start.o
LOAD .\CortexM3\ARM_GCC_493\Debug\Filter_ADC_VDAC01.a
LOAD C:\Program Files (x86)\Cypress\PSoC Creator\4.0\PSoC Creator\psoc\content\cycomponentlibrary\CyComponentLibrary.cylib\CortexM3\ARM_GCC_493\Debug\CyComponentLibrary.a
END GROUP
START GROUP
LOAD c:/program files (x86)/cypress/psoc creator/4.0/psoc creator/import/gnu/arm/4.9.3/bin/../lib/gcc/arm-none-eabi/4.9.3/armv7-m\libgcc.a
LOAD c:/program files (x86)/cypress/psoc creator/4.0/psoc creator/import/gnu/arm/4.9.3/bin/../lib/gcc/arm-none-eabi/4.9.3/../../../../arm-none-eabi/lib/armv7-m\libg_nano.a
LOAD c:/program files (x86)/cypress/psoc creator/4.0/psoc creator/import/gnu/arm/4.9.3/bin/../lib/gcc/arm-none-eabi/4.9.3/../../../../arm-none-eabi/lib/armv7-m\libc_nano.a
END GROUP
START GROUP
LOAD c:/program files (x86)/cypress/psoc creator/4.0/psoc creator/import/gnu/arm/4.9.3/bin/../lib/gcc/arm-none-eabi/4.9.3/armv7-m\libgcc.a
LOAD c:/program files (x86)/cypress/psoc creator/4.0/psoc creator/import/gnu/arm/4.9.3/bin/../lib/gcc/arm-none-eabi/4.9.3/../../../../arm-none-eabi/lib/armv7-m\libc_nano.a
END GROUP
LOAD c:/program files (x86)/cypress/psoc creator/4.0/psoc creator/import/gnu/arm/4.9.3/bin/../lib/gcc/arm-none-eabi/4.9.3/armv7-m/crtend.o
LOAD c:/program files (x86)/cypress/psoc creator/4.0/psoc creator/import/gnu/arm/4.9.3/bin/../lib/gcc/arm-none-eabi/4.9.3/armv7-m/crtn.o
START GROUP
LOAD c:/program files (x86)/cypress/psoc creator/4.0/psoc creator/import/gnu/arm/4.9.3/bin/../lib/gcc/arm-none-eabi/4.9.3/armv7-m\libgcc.a
LOAD c:/program files (x86)/cypress/psoc creator/4.0/psoc creator/import/gnu/arm/4.9.3/bin/../lib/gcc/arm-none-eabi/4.9.3/../../../../arm-none-eabi/lib/armv7-m\libc.a
LOAD c:/program files (x86)/cypress/psoc creator/4.0/psoc creator/import/gnu/arm/4.9.3/bin/../lib/gcc/arm-none-eabi/4.9.3/../../../../arm-none-eabi/lib/armv7-m\libnosys.a
END GROUP
                0x00000000                CY_APPL_ORIGIN = 0x0
                0x00000100                CY_FLASH_ROW_SIZE = 0x100
                0x00000020                CY_ECC_ROW_SIZE = 0x20
                0x00000000                CY_EE_IN_BTLDR = 0x0
                0x00000000                CY_APPL_LOADABLE = 0x0
                0x00000800                CY_EE_SIZE = 0x800
                0x00000001                CY_APPL_NUM = 0x1
                0x00000001                CY_APPL_MAX = 0x1
                0x00000040                CY_METADATA_SIZE = 0x40
                0x00000000                CY_APPL_LOADABLE = 0x0
                0x00000000                CY_CHECKSUM_EXCLUDE_SIZE = ALIGN (0x0, CY_FLASH_ROW_SIZE)
                0x1fff81e0                PROVIDE (__cy_heap_start, _end)
                0x00000001                PROVIDE (__cy_region_num, ((__cy_regions_end - __cy_regions) / 0x10))
                0x20008000                PROVIDE (__cy_stack, (ORIGIN (ram) + 0x10000))
                0x20007800                PROVIDE (__cy_heap_end, (__cy_stack - 0x800))

.cybootloader   0x00000000        0x0
 *(.cybootloader)
                0x00000000                appl1_start = CY_APPL_ORIGIN?CY_APPL_ORIGIN:ALIGN (CY_FLASH_ROW_SIZE)
                0x0001ff00                appl2_start = (appl1_start + ALIGN ((((0x40000 - appl1_start) - (0x2 * CY_FLASH_ROW_SIZE)) / 0x2), CY_FLASH_ROW_SIZE))
                0x00000000                appl_start = (CY_APPL_NUM == 0x1)?appl1_start:appl2_start
                0x00000000                ecc_offset = ((appl_start / CY_FLASH_ROW_SIZE) * CY_ECC_ROW_SIZE)
                0x00000000                ee_offset = (CY_APPL_LOADABLE && ! (CY_EE_IN_BTLDR))?((CY_EE_SIZE / CY_APPL_MAX) * (CY_APPL_NUM - 0x1)):0x0
                0x00000800                ee_size = (CY_APPL_LOADABLE && ! (CY_EE_IN_BTLDR))?(CY_EE_SIZE / CY_APPL_MAX):CY_EE_SIZE
                0x00000000                PROVIDE (CY_ECC_OFFSET, ecc_offset)

.text           0x00000000     0x1cd4
 CREATE_OBJECT_SYMBOLS
                0x00000000                PROVIDE (__cy_interrupt_vector, RomVectors)
 *(.romvectors)
 .romvectors    0x00000000       0x10 .\CortexM3\ARM_GCC_493\Debug\Cm3Start.o
                0x00000000                RomVectors
                0x00000001                ASSERT ((. != __cy_interrupt_vector), No interrupt vector)
                0x00000001                ASSERT (CY_APPL_ORIGIN?(SIZEOF (.cybootloader) <= CY_APPL_ORIGIN):0x1, Wrong image location)
                0x00000010                PROVIDE (__cy_reset, Reset)
 *(.text.Reset)
 .text.Reset    0x00000010       0x18 .\CortexM3\ARM_GCC_493\Debug\Cm3Start.o
                0x00000010                Reset
                0x00000001                ASSERT ((. != __cy_reset), No reset code)
 *(.dma_init)
 .dma_init      0x00000028      0x1f8 .\CortexM3\ARM_GCC_493\Debug\Filter_ADC_VDAC01.a(cyfitter_cfg.o)
                0x00000001                ASSERT ((((appl_start + .) <= 0x10000) || 0x0), DMA Init must be within the first 64k of flash)
 *(.text .text.* .gnu.linkonce.t.*)
 .text          0x00000220       0x5c c:/program files (x86)/cypress/psoc creator/4.0/psoc creator/import/gnu/arm/4.9.3/bin/../lib/gcc/arm-none-eabi/4.9.3/armv7-m/crtbegin.o
 .text.filterVDAC
                0x0000027c       0x2c .\CortexM3\ARM_GCC_493\Debug\main.o
                0x0000027c                filterVDAC
 .text.main     0x000002a8       0x4c .\CortexM3\ARM_GCC_493\Debug\main.o
                0x000002a8                main
 .text.DMA_Config
                0x000002f4       0x5c .\CortexM3\ARM_GCC_493\Debug\main.o
                0x000002f4                DMA_Config
 .text.IntDefaultHandler
                0x00000350       0x14 .\CortexM3\ARM_GCC_493\Debug\Cm3Start.o
                0x00000350                IntDefaultHandler
 .text._sbrk    0x00000364       0x50 .\CortexM3\ARM_GCC_493\Debug\Cm3Start.o
                0x00000364                _sbrk
 .text.Start_c  0x000003b4       0x98 .\CortexM3\ARM_GCC_493\Debug\Cm3Start.o
                0x000003b4                Start_c
 .text.initialize_psoc
                0x0000044c       0x90 .\CortexM3\ARM_GCC_493\Debug\Cm3Start.o
                0x0000044c                initialize_psoc
 .text.CYMEMZERO
                0x000004dc       0x1c .\CortexM3\ARM_GCC_493\Debug\Filter_ADC_VDAC01.a(cyfitter_cfg.o)
 .text.CYCONFIGCPY
                0x000004f8       0x1c .\CortexM3\ARM_GCC_493\Debug\Filter_ADC_VDAC01.a(cyfitter_cfg.o)
 .text.CyClockStartupError
                0x00000514        0xc .\CortexM3\ARM_GCC_493\Debug\Filter_ADC_VDAC01.a(cyfitter_cfg.o)
 .text.cfg_dma_init
                0x00000520      0x174 .\CortexM3\ARM_GCC_493\Debug\Filter_ADC_VDAC01.a(cyfitter_cfg.o)
 .text.ClockSetup
                0x00000694      0x154 .\CortexM3\ARM_GCC_493\Debug\Filter_ADC_VDAC01.a(cyfitter_cfg.o)
 .text.AnalogSetDefault
                0x000007e8       0xa8 .\CortexM3\ARM_GCC_493\Debug\Filter_ADC_VDAC01.a(cyfitter_cfg.o)
 .text.cyfitter_cfg
                0x00000890      0x114 .\CortexM3\ARM_GCC_493\Debug\Filter_ADC_VDAC01.a(cyfitter_cfg.o)
                0x00000890                cyfitter_cfg
 .text.DMA_DmaInitialize
                0x000009a4       0x68 .\CortexM3\ARM_GCC_493\Debug\Filter_ADC_VDAC01.a(DMA_dma.o)
                0x000009a4                DMA_DmaInitialize
 .text.isr_StartEx
                0x00000a0c       0x24 .\CortexM3\ARM_GCC_493\Debug\Filter_ADC_VDAC01.a(isr.o)
                0x00000a0c                isr_StartEx
 .text.isr_SetVector
                0x00000a30       0x24 .\CortexM3\ARM_GCC_493\Debug\Filter_ADC_VDAC01.a(isr.o)
                0x00000a30                isr_SetVector
 .text.isr_SetPriority
                0x00000a54       0x24 .\CortexM3\ARM_GCC_493\Debug\Filter_ADC_VDAC01.a(isr.o)
                0x00000a54                isr_SetPriority
 .text.isr_Enable
                0x00000a78       0x18 .\CortexM3\ARM_GCC_493\Debug\Filter_ADC_VDAC01.a(isr.o)
                0x00000a78                isr_Enable
 .text.isr_Disable
                0x00000a90       0x18 .\CortexM3\ARM_GCC_493\Debug\Filter_ADC_VDAC01.a(isr.o)
                0x00000a90                isr_Disable
 .text.ADC_DelSig_StartConvert
                0x00000aa8       0x20 .\CortexM3\ARM_GCC_493\Debug\Filter_ADC_VDAC01.a(ADC_DelSig.o)
                0x00000aa8                ADC_DelSig_StartConvert
 .text.ADC_DelSig_GetResult8
                0x00000ac8       0x68 .\CortexM3\ARM_GCC_493\Debug\Filter_ADC_VDAC01.a(ADC_DelSig.o)
                0x00000ac8                ADC_DelSig_GetResult8
 .text.UART_1_Start
                0x00000b30       0x20 .\CortexM3\ARM_GCC_493\Debug\Filter_ADC_VDAC01.a(UART_1.o)
                0x00000b30                UART_1_Start
 .text.UART_1_Init
                0x00000b50       0x40 .\CortexM3\ARM_GCC_493\Debug\Filter_ADC_VDAC01.a(UART_1.o)
                0x00000b50                UART_1_Init
 .text.UART_1_Enable
                0x00000b90       0x5c .\CortexM3\ARM_GCC_493\Debug\Filter_ADC_VDAC01.a(UART_1.o)
                0x00000b90                UART_1_Enable
 .text.UART_1_PutChar
                0x00000bec       0x34 .\CortexM3\ARM_GCC_493\Debug\Filter_ADC_VDAC01.a(UART_1.o)
                0x00000bec                UART_1_PutChar
 .text.UART_1_PutString
                0x00000c20       0x40 .\CortexM3\ARM_GCC_493\Debug\Filter_ADC_VDAC01.a(UART_1.o)
                0x00000c20                UART_1_PutString
 .text.Opamp_Init
                0x00000c60        0xc .\CortexM3\ARM_GCC_493\Debug\Filter_ADC_VDAC01.a(Opamp.o)
                0x00000c60                Opamp_Init
 .text.Opamp_Enable
                0x00000c6c       0x48 .\CortexM3\ARM_GCC_493\Debug\Filter_ADC_VDAC01.a(Opamp.o)
                0x00000c6c                Opamp_Enable
 .text.Opamp_Start
                0x00000cb4       0x20 .\CortexM3\ARM_GCC_493\Debug\Filter_ADC_VDAC01.a(Opamp.o)
                0x00000cb4                Opamp_Start
 .text.Opamp_SetPower
                0x00000cd4       0x40 .\CortexM3\ARM_GCC_493\Debug\Filter_ADC_VDAC01.a(Opamp.o)
                0x00000cd4                Opamp_SetPower
 .text.Filter_Init
                0x00000d14      0x11c .\CortexM3\ARM_GCC_493\Debug\Filter_ADC_VDAC01.a(Filter.o)
                0x00000d14                Filter_Init
 .text.Filter_Enable
                0x00000e30       0x48 .\CortexM3\ARM_GCC_493\Debug\Filter_ADC_VDAC01.a(Filter.o)
                0x00000e30                Filter_Enable
 .text.Filter_Start
                0x00000e78       0x20 .\CortexM3\ARM_GCC_493\Debug\Filter_ADC_VDAC01.a(Filter.o)
                0x00000e78                Filter_Start
 .text.Filter_Read8
                0x00000e98       0x40 .\CortexM3\ARM_GCC_493\Debug\Filter_ADC_VDAC01.a(Filter.o)
                0x00000e98                Filter_Read8
 .text.Filter_SetInterruptMode
                0x00000ed8       0x28 .\CortexM3\ARM_GCC_493\Debug\Filter_ADC_VDAC01.a(Filter_PVT.o)
                0x00000ed8                Filter_SetInterruptMode
 .text.Filter_SetDMAMode
                0x00000f00       0x28 .\CortexM3\ARM_GCC_493\Debug\Filter_ADC_VDAC01.a(Filter_PVT.o)
                0x00000f00                Filter_SetDMAMode
 .text.ADC_DelSig_IRQ_Start
                0x00000f28       0x20 .\CortexM3\ARM_GCC_493\Debug\Filter_ADC_VDAC01.a(ADC_DelSig_IRQ.o)
                0x00000f28                ADC_DelSig_IRQ_Start
 .text.ADC_DelSig_IRQ_Interrupt
                0x00000f48        0xc .\CortexM3\ARM_GCC_493\Debug\Filter_ADC_VDAC01.a(ADC_DelSig_IRQ.o)
                0x00000f48                ADC_DelSig_IRQ_Interrupt
 .text.ADC_DelSig_IRQ_SetVector
                0x00000f54       0x24 .\CortexM3\ARM_GCC_493\Debug\Filter_ADC_VDAC01.a(ADC_DelSig_IRQ.o)
                0x00000f54                ADC_DelSig_IRQ_SetVector
 .text.ADC_DelSig_IRQ_SetPriority
                0x00000f78       0x24 .\CortexM3\ARM_GCC_493\Debug\Filter_ADC_VDAC01.a(ADC_DelSig_IRQ.o)
                0x00000f78                ADC_DelSig_IRQ_SetPriority
 .text.ADC_DelSig_IRQ_Enable
                0x00000f9c       0x18 .\CortexM3\ARM_GCC_493\Debug\Filter_ADC_VDAC01.a(ADC_DelSig_IRQ.o)
                0x00000f9c                ADC_DelSig_IRQ_Enable
 .text.ADC_DelSig_IRQ_Disable
                0x00000fb4       0x18 .\CortexM3\ARM_GCC_493\Debug\Filter_ADC_VDAC01.a(ADC_DelSig_IRQ.o)
                0x00000fb4                ADC_DelSig_IRQ_Disable
 .text.UART_1_IntClock_Start
                0x00000fcc       0x34 .\CortexM3\ARM_GCC_493\Debug\Filter_ADC_VDAC01.a(UART_1_IntClock.o)
                0x00000fcc                UART_1_IntClock_Start
 .text.CyDmacConfigure
                0x00001000       0x5c .\CortexM3\ARM_GCC_493\Debug\Filter_ADC_VDAC01.a(CyDmac.o)
                0x00001000                CyDmacConfigure
 .text.CyDmaChEnable
                0x0000105c       0x8c .\CortexM3\ARM_GCC_493\Debug\Filter_ADC_VDAC01.a(CyDmac.o)
                0x0000105c                CyDmaChEnable
 .text.CyDmaChPriority
                0x000010e8       0x60 .\CortexM3\ARM_GCC_493\Debug\Filter_ADC_VDAC01.a(CyDmac.o)
                0x000010e8                CyDmaChPriority
 .text.CyDmaChSetExtendedAddress
                0x00001148       0x7c .\CortexM3\ARM_GCC_493\Debug\Filter_ADC_VDAC01.a(CyDmac.o)
                0x00001148                CyDmaChSetExtendedAddress
 .text.CyDmaChSetInitialTd
                0x000011c4       0x3c .\CortexM3\ARM_GCC_493\Debug\Filter_ADC_VDAC01.a(CyDmac.o)
                0x000011c4                CyDmaChSetInitialTd
 .text.CyDmaChSetConfiguration
                0x00001200       0xa0 .\CortexM3\ARM_GCC_493\Debug\Filter_ADC_VDAC01.a(CyDmac.o)
                0x00001200                CyDmaChSetConfiguration
 .text.CyDmaTdAllocate
                0x000012a0       0x5c .\CortexM3\ARM_GCC_493\Debug\Filter_ADC_VDAC01.a(CyDmac.o)
                0x000012a0                CyDmaTdAllocate
 .text.CyDmaTdSetConfiguration
                0x000012fc       0x80 .\CortexM3\ARM_GCC_493\Debug\Filter_ADC_VDAC01.a(CyDmac.o)
                0x000012fc                CyDmaTdSetConfiguration
 .text.CyDmaTdSetAddress
                0x0000137c       0x5c .\CortexM3\ARM_GCC_493\Debug\Filter_ADC_VDAC01.a(CyDmac.o)
                0x0000137c                CyDmaTdSetAddress
 .text.CyDelay  0x000013d8       0x44 .\CortexM3\ARM_GCC_493\Debug\Filter_ADC_VDAC01.a(CyLib.o)
                0x000013d8                CyDelay
 *fill*         0x0000141c        0x4 
 .text          0x00001420       0x20 .\CortexM3\ARM_GCC_493\Debug\Filter_ADC_VDAC01.a(CyBootAsmGnu.o)
                0x00001420                CyDelayCycles
                0x00001430                CyEnterCriticalSection
                0x00001438                CyExitCriticalSection
 .text.__errno  0x00001440        0xc c:/program files (x86)/cypress/psoc creator/4.0/psoc creator/import/gnu/arm/4.9.3/bin/../lib/gcc/arm-none-eabi/4.9.3/../../../../arm-none-eabi/lib/armv7-m\libg_nano.a(lib_a-errno.o)
                0x00001440                __errno
 .text.__libc_init_array
                0x0000144c       0x4c c:/program files (x86)/cypress/psoc creator/4.0/psoc creator/import/gnu/arm/4.9.3/bin/../lib/gcc/arm-none-eabi/4.9.3/../../../../arm-none-eabi/lib/armv7-m\libg_nano.a(lib_a-init.o)
                0x0000144c                __libc_init_array
 .text.memcpy   0x00001498       0x16 c:/program files (x86)/cypress/psoc creator/4.0/psoc creator/import/gnu/arm/4.9.3/bin/../lib/gcc/arm-none-eabi/4.9.3/../../../../arm-none-eabi/lib/armv7-m\libg_nano.a(lib_a-memcpy.o)
                0x00001498                memcpy
 .text.memset   0x000014ae       0x10 c:/program files (x86)/cypress/psoc creator/4.0/psoc creator/import/gnu/arm/4.9.3/bin/../lib/gcc/arm-none-eabi/4.9.3/../../../../arm-none-eabi/lib/armv7-m\libg_nano.a(lib_a-memset.o)
                0x000014ae                memset
 *fill*         0x000014be        0x2 
 .text.sprintf  0x000014c0       0x48 c:/program files (x86)/cypress/psoc creator/4.0/psoc creator/import/gnu/arm/4.9.3/bin/../lib/gcc/arm-none-eabi/4.9.3/../../../../arm-none-eabi/lib/armv7-m\libg_nano.a(lib_a-sprintf.o)
                0x000014c0                siprintf
                0x000014c0                sprintf
 .text.__ssputs_r
                0x00001508       0xb2 c:/program files (x86)/cypress/psoc creator/4.0/psoc creator/import/gnu/arm/4.9.3/bin/../lib/gcc/arm-none-eabi/4.9.3/../../../../arm-none-eabi/lib/armv7-m\libg_nano.a(lib_a-nano-svfprintf.o)
                0x00001508                __ssputs_r
 *fill*         0x000015ba        0x2 
 .text._svfprintf_r
                0x000015bc      0x1e4 c:/program files (x86)/cypress/psoc creator/4.0/psoc creator/import/gnu/arm/4.9.3/bin/../lib/gcc/arm-none-eabi/4.9.3/../../../../arm-none-eabi/lib/armv7-m\libg_nano.a(lib_a-nano-svfprintf.o)
                0x000015bc                _svfiprintf_r
                0x000015bc                _svfprintf_r
 .text._printf_common
                0x000017a0       0xea c:/program files (x86)/cypress/psoc creator/4.0/psoc creator/import/gnu/arm/4.9.3/bin/../lib/gcc/arm-none-eabi/4.9.3/../../../../arm-none-eabi/lib/armv7-m\libg_nano.a(lib_a-nano-vfprintf_i.o)
                0x000017a0                _printf_common
 *fill*         0x0000188a        0x2 
 .text._printf_i
                0x0000188c      0x240 c:/program files (x86)/cypress/psoc creator/4.0/psoc creator/import/gnu/arm/4.9.3/bin/../lib/gcc/arm-none-eabi/4.9.3/../../../../arm-none-eabi/lib/armv7-m\libg_nano.a(lib_a-nano-vfprintf_i.o)
                0x0000188c                _printf_i
 .text.memchr   0x00001acc       0x1c c:/program files (x86)/cypress/psoc creator/4.0/psoc creator/import/gnu/arm/4.9.3/bin/../lib/gcc/arm-none-eabi/4.9.3/../../../../arm-none-eabi/lib/armv7-m\libg_nano.a(lib_a-memchr.o)
                0x00001acc                memchr
 .text.memmove  0x00001ae8       0x36 c:/program files (x86)/cypress/psoc creator/4.0/psoc creator/import/gnu/arm/4.9.3/bin/../lib/gcc/arm-none-eabi/4.9.3/../../../../arm-none-eabi/lib/armv7-m\libg_nano.a(lib_a-memmove.o)
                0x00001ae8                memmove
 *fill*         0x00001b1e        0x2 
 .text._free_r  0x00001b20       0x88 c:/program files (x86)/cypress/psoc creator/4.0/psoc creator/import/gnu/arm/4.9.3/bin/../lib/gcc/arm-none-eabi/4.9.3/../../../../arm-none-eabi/lib/armv7-m\libg_nano.a(lib_a-nano-freer.o)
                0x00001b20                _free_r
 .text._malloc_r
                0x00001ba8       0xac c:/program files (x86)/cypress/psoc creator/4.0/psoc creator/import/gnu/arm/4.9.3/bin/../lib/gcc/arm-none-eabi/4.9.3/../../../../arm-none-eabi/lib/armv7-m\libg_nano.a(lib_a-nano-mallocr.o)
                0x00001ba8                _malloc_r
 .text._realloc_r
                0x00001c54       0x4c c:/program files (x86)/cypress/psoc creator/4.0/psoc creator/import/gnu/arm/4.9.3/bin/../lib/gcc/arm-none-eabi/4.9.3/../../../../arm-none-eabi/lib/armv7-m\libg_nano.a(lib_a-nano-reallocr.o)
                0x00001c54                _realloc_r
 .text._sbrk_r  0x00001ca0       0x20 c:/program files (x86)/cypress/psoc creator/4.0/psoc creator/import/gnu/arm/4.9.3/bin/../lib/gcc/arm-none-eabi/4.9.3/../../../../arm-none-eabi/lib/armv7-m\libg_nano.a(lib_a-sbrkr.o)
                0x00001ca0                _sbrk_r
 .text._malloc_usable_size_r
                0x00001cc0       0x14 c:/program files (x86)/cypress/psoc creator/4.0/psoc creator/import/gnu/arm/4.9.3/bin/../lib/gcc/arm-none-eabi/4.9.3/../../../../arm-none-eabi/lib/armv7-m\libg_nano.a(lib_a-nano-msizer.o)
                0x00001cc0                _malloc_usable_size_r
 *(.plt)
 *(.gnu.warning)
 *(.glue_7t)
 .glue_7t       0x00000000        0x0 linker stubs
 *(.glue_7)
 .glue_7        0x00000000        0x0 linker stubs
 *(.vfp11_veneer)
 .vfp11_veneer  0x00000000        0x0 linker stubs
 *(.bootloader)
 *(.ARM.extab* .gnu.linkonce.armextab.*)
 *(.gcc_except_table)

.v4_bx          0x00001cd4        0x0
 .v4_bx         0x00000000        0x0 linker stubs

.iplt           0x00001cd4        0x0
 .iplt          0x00000000        0x0 c:/program files (x86)/cypress/psoc creator/4.0/psoc creator/import/gnu/arm/4.9.3/bin/../lib/gcc/arm-none-eabi/4.9.3/armv7-m/crtbegin.o

.eh_frame_hdr
 *(.eh_frame_hdr)

.eh_frame       0x00001cd4        0x4
 *(.eh_frame)
 .eh_frame      0x00001cd4        0x0 c:/program files (x86)/cypress/psoc creator/4.0/psoc creator/import/gnu/arm/4.9.3/bin/../lib/gcc/arm-none-eabi/4.9.3/armv7-m/crtbegin.o
 .eh_frame      0x00001cd4        0x4 c:/program files (x86)/cypress/psoc creator/4.0/psoc creator/import/gnu/arm/4.9.3/bin/../lib/gcc/arm-none-eabi/4.9.3/armv7-m/crtend.o
                0x00001cd8                PROVIDE (__exidx_start, .)

.ARM.exidx
 *(.ARM.exidx* .gnu.linkonce.armexidx.*)
                0x00001cd8                __exidx_end = .

.rodata         0x00001cd8      0x7b8
 *(.rodata .rodata.* .gnu.linkonce.r.*)
 .rodata        0x00001cd8       0x20 .\CortexM3\ARM_GCC_493\Debug\main.o
 .rodata        0x00001cf8       0xe8 .\CortexM3\ARM_GCC_493\Debug\Filter_ADC_VDAC01.a(cyfitter_cfg.o)
 .rodata        0x00001de0      0x640 .\CortexM3\ARM_GCC_493\Debug\Filter_ADC_VDAC01.a(Filter_RAM_Data.o)
                0x00001de0                Filter_control
                0x00001ee0                Filter_data_a
                0x000020e0                Filter_data_b
                0x000022e0                Filter_acu
                0x00002320                Filter_cfsm
 .rodata.str1.1
                0x00002420        0x2 c:/program files (x86)/cypress/psoc creator/4.0/psoc creator/import/gnu/arm/4.9.3/bin/../lib/gcc/arm-none-eabi/4.9.3/../../../../arm-none-eabi/lib/armv7-m\libg_nano.a(lib_a-impure.o)
 .rodata.str1.1
                0x00002422       0x11 c:/program files (x86)/cypress/psoc creator/4.0/psoc creator/import/gnu/arm/4.9.3/bin/../lib/gcc/arm-none-eabi/4.9.3/../../../../arm-none-eabi/lib/armv7-m\libg_nano.a(lib_a-nano-svfprintf.o)
 .rodata.str1.1
                0x00002433       0x22 c:/program files (x86)/cypress/psoc creator/4.0/psoc creator/import/gnu/arm/4.9.3/bin/../lib/gcc/arm-none-eabi/4.9.3/../../../../arm-none-eabi/lib/armv7-m\libg_nano.a(lib_a-nano-vfprintf_i.o)
                0x00002458                . = ALIGN (0x4)
 *fill*         0x00002455        0x3 
 *(.init)
 .init          0x00002458        0x4 c:/program files (x86)/cypress/psoc creator/4.0/psoc creator/import/gnu/arm/4.9.3/bin/../lib/gcc/arm-none-eabi/4.9.3/armv7-m/crti.o
                0x00002458                _init
 .init          0x0000245c        0x8 c:/program files (x86)/cypress/psoc creator/4.0/psoc creator/import/gnu/arm/4.9.3/bin/../lib/gcc/arm-none-eabi/4.9.3/armv7-m/crtn.o
                0x00002464                . = ALIGN (0x4)
                0x00002464                __preinit_array_start = .
 *(.preinit_array)
                0x00002464                __preinit_array_end = .
                0x00002464                . = ALIGN (0x4)
                0x00002464                __init_array_start = .
 *(SORT(.init_array.*))
 *(.init_array)
 .init_array    0x00002464        0x4 c:/program files (x86)/cypress/psoc creator/4.0/psoc creator/import/gnu/arm/4.9.3/bin/../lib/gcc/arm-none-eabi/4.9.3/armv7-m/crtbegin.o
 .init_array    0x00002468        0x4 .\CortexM3\ARM_GCC_493\Debug\Cm3Start.o
                0x0000246c                __init_array_end = .
                0x0000246c                . = ALIGN (0x4)
 *(.fini)
 .fini          0x0000246c        0x4 c:/program files (x86)/cypress/psoc creator/4.0/psoc creator/import/gnu/arm/4.9.3/bin/../lib/gcc/arm-none-eabi/4.9.3/armv7-m/crti.o
                0x0000246c                _fini
 .fini          0x00002470        0x8 c:/program files (x86)/cypress/psoc creator/4.0/psoc creator/import/gnu/arm/4.9.3/bin/../lib/gcc/arm-none-eabi/4.9.3/armv7-m/crtn.o
                0x00002478                . = ALIGN (0x4)
                0x00002478                __fini_array_start = .
 *(.fini_array)
 .fini_array    0x00002478        0x4 c:/program files (x86)/cypress/psoc creator/4.0/psoc creator/import/gnu/arm/4.9.3/bin/../lib/gcc/arm-none-eabi/4.9.3/armv7-m/crtbegin.o
 *(SORT(.fini_array.*))
                0x0000247c                __fini_array_end = .
                0x0000247c                . = ALIGN (0x4)
 *crtbegin.o(.ctors)
 *(EXCLUDE_FILE(*crtend.o) .ctors)
 *(SORT(.ctors.*))
 *crtend.o(.ctors)
                0x0000247c                . = ALIGN (0x4)
 *crtbegin.o(.dtors)
 *(EXCLUDE_FILE(*crtend.o) .dtors)
 *(SORT(.dtors.*))
 *crtend.o(.dtors)
                0x0000247c                . = ALIGN (0x4)
                0x0000247c                __cy_regions = .
                0x0000247c        0x4 LONG 0x2490 __cy_region_init_ram
                0x00002480        0x4 LONG 0x1fff8108 __cy_region_start_data
                0x00002484        0x4 LONG 0x88 __cy_region_init_size_ram
                0x00002488        0x4 LONG 0x50 __cy_region_zero_size_ram
                0x0000248c                __cy_regions_end = .
                0x00002490                . = ALIGN (0x8)
 *fill*         0x0000248c        0x4 
                0x00002490                _etext = .

.cy_checksum_exclude
                0x00002490        0x0
 *(.cy_checksum_exclude)

.ramvectors     0x1fff8000      0x100
                0x1fff8000                __cy_region_start_ram = .
 *(.ramvectors)
 .ramvectors    0x1fff8000      0x100 .\CortexM3\ARM_GCC_493\Debug\Cm3Start.o
                0x1fff8000                CyRamVectors

.noinit         0x1fff8100        0x5
 *(.noinit)
 .noinit        0x1fff8100        0x4 .\CortexM3\ARM_GCC_493\Debug\Cm3Start.o
 .noinit        0x1fff8104        0x1 .\CortexM3\ARM_GCC_493\Debug\Filter_ADC_VDAC01.a(CyLib.o)
                0x1fff8104                CyResetStatus

.data           0x1fff8108       0x88 load address 0x00002490
                0x1fff8108                __cy_region_start_data = .
 *(.jcr)
 .jcr           0x1fff8108        0x0 c:/program files (x86)/cypress/psoc creator/4.0/psoc creator/import/gnu/arm/4.9.3/bin/../lib/gcc/arm-none-eabi/4.9.3/armv7-m/crtbegin.o
 .jcr           0x1fff8108        0x4 c:/program files (x86)/cypress/psoc creator/4.0/psoc creator/import/gnu/arm/4.9.3/bin/../lib/gcc/arm-none-eabi/4.9.3/armv7-m/crtend.o
 *(.got.plt)
 *(.got)
 *(.shdata)
 *(.data .data.* .gnu.linkonce.d.*)
 .data          0x1fff810c        0x4 .\CortexM3\ARM_GCC_493\Debug\Cm3Start.o
 .data          0x1fff8110        0x1 .\CortexM3\ARM_GCC_493\Debug\Filter_ADC_VDAC01.a(DMA_dma.o)
                0x1fff8110                DMA_DmaHandle
 *fill*         0x1fff8111        0x3 
 .data          0x1fff8114        0x8 .\CortexM3\ARM_GCC_493\Debug\Filter_ADC_VDAC01.a(CyDmac.o)
 .data          0x1fff811c       0x10 .\CortexM3\ARM_GCC_493\Debug\Filter_ADC_VDAC01.a(CyLib.o)
                0x1fff811c                cydelay_freq_hz
                0x1fff8120                cydelay_freq_khz
                0x1fff8124                cydelay_freq_mhz
                0x1fff8128                cydelay_32k_ms
 .data.impure_data
                0x1fff812c       0x60 c:/program files (x86)/cypress/psoc creator/4.0/psoc creator/import/gnu/arm/4.9.3/bin/../lib/gcc/arm-none-eabi/4.9.3/../../../../arm-none-eabi/lib/armv7-m\libg_nano.a(lib_a-impure.o)
 .data._impure_ptr
                0x1fff818c        0x4 c:/program files (x86)/cypress/psoc creator/4.0/psoc creator/import/gnu/arm/4.9.3/bin/../lib/gcc/arm-none-eabi/4.9.3/../../../../arm-none-eabi/lib/armv7-m\libg_nano.a(lib_a-impure.o)
                0x1fff818c                _impure_ptr
                0x1fff8190                . = ALIGN (0x8)
 *(.ram)
                0x1fff8190                _edata = .

.igot.plt       0x1fff8190        0x0 load address 0x00002518
 .igot.plt      0x00000000        0x0 c:/program files (x86)/cypress/psoc creator/4.0/psoc creator/import/gnu/arm/4.9.3/bin/../lib/gcc/arm-none-eabi/4.9.3/armv7-m/crtbegin.o

.bss            0x1fff8190       0x50 load address 0x00002518
                0x1fff8190                PROVIDE (__bss_start__, .)
 *(.shbss)
 *(.bss .bss.* .gnu.linkonce.b.*)
 .bss           0x1fff8190       0x1c c:/program files (x86)/cypress/psoc creator/4.0/psoc creator/import/gnu/arm/4.9.3/bin/../lib/gcc/arm-none-eabi/4.9.3/armv7-m/crtbegin.o
 *fill*         0x1fff81ac        0x4 
 .bss           0x1fff81b0        0x8 .\CortexM3\ARM_GCC_493\Debug\Filter_ADC_VDAC01.a(cyfitter_cfg.o)
 .bss           0x1fff81b8        0x8 .\CortexM3\ARM_GCC_493\Debug\Filter_ADC_VDAC01.a(ADC_DelSig.o)
                0x1fff81b8                ADC_DelSig_convDone
                0x1fff81b9                ADC_DelSig_stopConversion
                0x1fff81ba                ADC_DelSig_initVar
                0x1fff81bb                ADC_DelSig_started
 .bss           0x1fff81c0        0x2 .\CortexM3\ARM_GCC_493\Debug\Filter_ADC_VDAC01.a(UART_1.o)
                0x1fff81c0                UART_1_initVar
 .bss           0x1fff81c2        0x1 .\CortexM3\ARM_GCC_493\Debug\Filter_ADC_VDAC01.a(Opamp.o)
                0x1fff81c2                Opamp_initVar
 .bss           0x1fff81c3        0x1 .\CortexM3\ARM_GCC_493\Debug\Filter_ADC_VDAC01.a(Filter.o)
                0x1fff81c3                Filter_initVar
 .bss.__malloc_sbrk_start
                0x1fff81c4        0x4 c:/program files (x86)/cypress/psoc creator/4.0/psoc creator/import/gnu/arm/4.9.3/bin/../lib/gcc/arm-none-eabi/4.9.3/../../../../arm-none-eabi/lib/armv7-m\libg_nano.a(lib_a-nano-mallocr.o)
                0x1fff81c4                __malloc_sbrk_start
 .bss.__malloc_free_list
                0x1fff81c8        0x4 c:/program files (x86)/cypress/psoc creator/4.0/psoc creator/import/gnu/arm/4.9.3/bin/../lib/gcc/arm-none-eabi/4.9.3/../../../../arm-none-eabi/lib/armv7-m\libg_nano.a(lib_a-nano-mallocr.o)
                0x1fff81c8                __malloc_free_list
 *(COMMON)
 COMMON         0x1fff81cc        0xa .\CortexM3\ARM_GCC_493\Debug\main.o
                0x1fff81cc                buffer
 *fill*         0x1fff81d6        0x2 
 COMMON         0x1fff81d8        0x4 c:/program files (x86)/cypress/psoc creator/4.0/psoc creator/import/gnu/arm/4.9.3/bin/../lib/gcc/arm-none-eabi/4.9.3/../../../../arm-none-eabi/lib/armv7-m\libg_nano.a(lib_a-reent.o)
                0x1fff81d8                errno
                0x1fff81e0                . = ALIGN (0x8)
 *fill*         0x1fff81dc        0x4 
 *(.ram.b)
                0x1fff81e0                _end = .
                0x1fff81e0                __end = .
                0x1fff81e0                PROVIDE (end, .)
                0x1fff81e0                PROVIDE (__bss_end__, .)
                0x00002490                __cy_region_init_ram = LOADADDR (.data)
                0x00000088                __cy_region_init_size_ram = (_edata - ADDR (.data))
                0x00000050                __cy_region_zero_size_ram = (_end - _edata)

.heap           0x1fff81e0       0x80 load address 0x00002518
                0x1fff81e0                . = _end
                0x1fff8260                . = (. + 0x80)
 *fill*         0x1fff81e0       0x80 
                0x1fff8260                __cy_heap_limit = .

.stack          0x20007800      0x800
                0x20007800                __cy_stack_limit = .
                0x20008000                . = (. + 0x800)
 *fill*         0x20007800      0x800 
                0x00000001                ASSERT ((__cy_stack_limit >= __cy_heap_limit), region RAM overflowed with stack)
                0x00000000                cy_checksum_exclude_size = (CY_APPL_LOADABLE == 0x1)?SIZEOF (.cy_checksum_exclude):0x0
                0x00000001                ASSERT ((cy_checksum_exclude_size <= CY_CHECKSUM_EXCLUDE_SIZE), CY_BOOT: Section .cy_checksum_exclude size exceedes specified limit.)

.cyloadermeta
 *(.cyloadermeta)

.cyloadablemeta
 *(.cyloadablemeta)

.cyconfigecc    0x80000000      0xf10
 *(.cyconfigecc)
 .cyconfigecc   0x80000000      0xf10 .\CortexM3\ARM_GCC_493\Debug\cymetadata.o
                0x80000000                cy_meta_configecc

.cycustnvl      0x90000000        0x4
 *(.cycustnvl)
 .cycustnvl     0x90000000        0x4 .\CortexM3\ARM_GCC_493\Debug\cymetadata.o
                0x90000000                cy_meta_custnvl

.cywolatch      0x90100000        0x4
 *(.cywolatch)
 .cywolatch     0x90100000        0x4 .\CortexM3\ARM_GCC_493\Debug\cymetadata.o
                0x90100000                cy_meta_wonvl

.cyeeprom       0x90200000        0x0
 *(.cyeeprom)
                0x00000001                ASSERT ((. <= ((0x90200000 + ee_offset) + ee_size)), .cyeeprom data will not fit in EEPROM)

.cyflashprotect
                0x90400000      0x100
 *(.cyflashprotect)
 .cyflashprotect
                0x90400000      0x100 .\CortexM3\ARM_GCC_493\Debug\cymetadata.o
                0x90400000                cy_meta_flashprotect

.cymeta         0x90500000        0xc
 *(.cymeta)
 .cymeta        0x90500000        0xc .\CortexM3\ARM_GCC_493\Debug\cymetadata.o
                0x90500000                cy_metadata

.rel.dyn        0x00002518        0x0 load address 0x9050000c
 .rel.iplt      0x00000000        0x0 c:/program files (x86)/cypress/psoc creator/4.0/psoc creator/import/gnu/arm/4.9.3/bin/../lib/gcc/arm-none-eabi/4.9.3/armv7-m/crtbegin.o

.stab
 *(.stab)

.stabstr
 *(.stabstr)

.debug
 *(.debug)

.line
 *(.line)

.debug_srcinfo
 *(.debug_srcinfo)

.debug_sfnames
 *(.debug_sfnames)

.debug_aranges  0x00000000      0xbb0
 *(.debug_aranges)
 .debug_aranges
                0x00000000       0x30 .\CortexM3\ARM_GCC_493\Debug\main.o
 .debug_aranges
                0x00000030       0x18 .\CortexM3\ARM_GCC_493\Debug\cymetadata.o
 .debug_aranges
                0x00000048       0x48 .\CortexM3\ARM_GCC_493\Debug\Cm3Start.o
 .debug_aranges
                0x00000090       0x60 .\CortexM3\ARM_GCC_493\Debug\Filter_ADC_VDAC01.a(cyfitter_cfg.o)
 .debug_aranges
                0x000000f0       0x28 .\CortexM3\ARM_GCC_493\Debug\Filter_ADC_VDAC01.a(DMA_dma.o)
 .debug_aranges
                0x00000118       0x80 .\CortexM3\ARM_GCC_493\Debug\Filter_ADC_VDAC01.a(isr.o)
 .debug_aranges
                0x00000198       0xe8 .\CortexM3\ARM_GCC_493\Debug\Filter_ADC_VDAC01.a(ADC_DelSig.o)
 .debug_aranges
                0x00000280       0x38 .\CortexM3\ARM_GCC_493\Debug\Filter_ADC_VDAC01.a(ADC_DelSig_INT.o)
 .debug_aranges
                0x000002b8       0xf0 .\CortexM3\ARM_GCC_493\Debug\Filter_ADC_VDAC01.a(UART_1.o)
 .debug_aranges
                0x000003a8       0x40 .\CortexM3\ARM_GCC_493\Debug\Filter_ADC_VDAC01.a(Opamp.o)
 .debug_aranges
                0x000003e8       0x80 .\CortexM3\ARM_GCC_493\Debug\Filter_ADC_VDAC01.a(Filter.o)
 .debug_aranges
                0x00000468       0x28 .\CortexM3\ARM_GCC_493\Debug\Filter_ADC_VDAC01.a(Filter_PVT.o)
 .debug_aranges
                0x00000490       0x18 .\CortexM3\ARM_GCC_493\Debug\Filter_ADC_VDAC01.a(Filter_RAM_Data.o)
 .debug_aranges
                0x000004a8       0x70 .\CortexM3\ARM_GCC_493\Debug\Filter_ADC_VDAC01.a(ADC_DelSig_Ext_CP_Clk.o)
 .debug_aranges
                0x00000518       0x80 .\CortexM3\ARM_GCC_493\Debug\Filter_ADC_VDAC01.a(ADC_DelSig_IRQ.o)
 .debug_aranges
                0x00000598       0x80 .\CortexM3\ARM_GCC_493\Debug\Filter_ADC_VDAC01.a(ADC_DelSig_theACLK.o)
 .debug_aranges
                0x00000618       0x70 .\CortexM3\ARM_GCC_493\Debug\Filter_ADC_VDAC01.a(UART_1_IntClock.o)
 .debug_aranges
                0x00000688       0xd8 .\CortexM3\ARM_GCC_493\Debug\Filter_ADC_VDAC01.a(CyDmac.o)
 .debug_aranges
                0x00000760      0x2a0 .\CortexM3\ARM_GCC_493\Debug\Filter_ADC_VDAC01.a(CyLib.o)
 .debug_aranges
                0x00000a00       0x98 .\CortexM3\ARM_GCC_493\Debug\Filter_ADC_VDAC01.a(cyPm.o)
 .debug_aranges
                0x00000a98       0x20 .\CortexM3\ARM_GCC_493\Debug\Filter_ADC_VDAC01.a(CyBootAsmGnu.o)
 .debug_aranges
                0x00000ab8       0x80 .\CortexM3\ARM_GCC_493\Debug\Filter_ADC_VDAC01.a(CyFlash.o)
 .debug_aranges
                0x00000b38       0x78 .\CortexM3\ARM_GCC_493\Debug\Filter_ADC_VDAC01.a(CySpc.o)

.debug_pubnames
 *(.debug_pubnames)

.debug_info     0x00000000     0x4f5c
 *(.debug_info .gnu.linkonce.wi.*)
 .debug_info    0x00000000      0x1b0 .\CortexM3\ARM_GCC_493\Debug\main.o
 .debug_info    0x000001b0      0x13f .\CortexM3\ARM_GCC_493\Debug\cymetadata.o
 .debug_info    0x000002ef      0x319 .\CortexM3\ARM_GCC_493\Debug\Cm3Start.o
 .debug_info    0x00000608      0x3b8 .\CortexM3\ARM_GCC_493\Debug\Filter_ADC_VDAC01.a(cyfitter_cfg.o)
 .debug_info    0x000009c0      0x114 .\CortexM3\ARM_GCC_493\Debug\Filter_ADC_VDAC01.a(DMA_dma.o)
 .debug_info    0x00000ad4      0x23a .\CortexM3\ARM_GCC_493\Debug\Filter_ADC_VDAC01.a(isr.o)
 .debug_info    0x00000d0e      0x725 .\CortexM3\ARM_GCC_493\Debug\Filter_ADC_VDAC01.a(ADC_DelSig.o)
 .debug_info    0x00001433       0xcc .\CortexM3\ARM_GCC_493\Debug\Filter_ADC_VDAC01.a(ADC_DelSig_INT.o)
 .debug_info    0x000014ff      0x503 .\CortexM3\ARM_GCC_493\Debug\Filter_ADC_VDAC01.a(UART_1.o)
 .debug_info    0x00001a02      0x11e .\CortexM3\ARM_GCC_493\Debug\Filter_ADC_VDAC01.a(Opamp.o)
 .debug_info    0x00001b20      0x3aa .\CortexM3\ARM_GCC_493\Debug\Filter_ADC_VDAC01.a(Filter.o)
 .debug_info    0x00001eca       0xe9 .\CortexM3\ARM_GCC_493\Debug\Filter_ADC_VDAC01.a(Filter_PVT.o)
 .debug_info    0x00001fb3      0x12b .\CortexM3\ARM_GCC_493\Debug\Filter_ADC_VDAC01.a(Filter_RAM_Data.o)
 .debug_info    0x000020de      0x25d .\CortexM3\ARM_GCC_493\Debug\Filter_ADC_VDAC01.a(ADC_DelSig_Ext_CP_Clk.o)
 .debug_info    0x0000233b      0x23a .\CortexM3\ARM_GCC_493\Debug\Filter_ADC_VDAC01.a(ADC_DelSig_IRQ.o)
 .debug_info    0x00002575      0x299 .\CortexM3\ARM_GCC_493\Debug\Filter_ADC_VDAC01.a(ADC_DelSig_theACLK.o)
 .debug_info    0x0000280e      0x25d .\CortexM3\ARM_GCC_493\Debug\Filter_ADC_VDAC01.a(UART_1_IntClock.o)
 .debug_info    0x00002a6b      0x8b4 .\CortexM3\ARM_GCC_493\Debug\Filter_ADC_VDAC01.a(CyDmac.o)
 .debug_info    0x0000331f      0xe4a .\CortexM3\ARM_GCC_493\Debug\Filter_ADC_VDAC01.a(CyLib.o)
 .debug_info    0x00004169      0x561 .\CortexM3\ARM_GCC_493\Debug\Filter_ADC_VDAC01.a(cyPm.o)
 .debug_info    0x000046ca       0xd5 .\CortexM3\ARM_GCC_493\Debug\Filter_ADC_VDAC01.a(CyBootAsmGnu.o)
 .debug_info    0x0000479f      0x36a .\CortexM3\ARM_GCC_493\Debug\Filter_ADC_VDAC01.a(CyFlash.o)
 .debug_info    0x00004b09      0x453 .\CortexM3\ARM_GCC_493\Debug\Filter_ADC_VDAC01.a(CySpc.o)

.debug_abbrev   0x00000000     0x1965
 *(.debug_abbrev)
 .debug_abbrev  0x00000000       0xfa .\CortexM3\ARM_GCC_493\Debug\main.o
 .debug_abbrev  0x000000fa       0x77 .\CortexM3\ARM_GCC_493\Debug\cymetadata.o
 .debug_abbrev  0x00000171      0x1b6 .\CortexM3\ARM_GCC_493\Debug\Cm3Start.o
 .debug_abbrev  0x00000327      0x183 .\CortexM3\ARM_GCC_493\Debug\Filter_ADC_VDAC01.a(cyfitter_cfg.o)
 .debug_abbrev  0x000004aa       0x8b .\CortexM3\ARM_GCC_493\Debug\Filter_ADC_VDAC01.a(DMA_dma.o)
 .debug_abbrev  0x00000535      0x172 .\CortexM3\ARM_GCC_493\Debug\Filter_ADC_VDAC01.a(isr.o)
 .debug_abbrev  0x000006a7      0x19d .\CortexM3\ARM_GCC_493\Debug\Filter_ADC_VDAC01.a(ADC_DelSig.o)
 .debug_abbrev  0x00000844       0x42 .\CortexM3\ARM_GCC_493\Debug\Filter_ADC_VDAC01.a(ADC_DelSig_INT.o)
 .debug_abbrev  0x00000886      0x163 .\CortexM3\ARM_GCC_493\Debug\Filter_ADC_VDAC01.a(UART_1.o)
 .debug_abbrev  0x000009e9       0xa8 .\CortexM3\ARM_GCC_493\Debug\Filter_ADC_VDAC01.a(Opamp.o)
 .debug_abbrev  0x00000a91      0x15e .\CortexM3\ARM_GCC_493\Debug\Filter_ADC_VDAC01.a(Filter.o)
 .debug_abbrev  0x00000bef       0x7f .\CortexM3\ARM_GCC_493\Debug\Filter_ADC_VDAC01.a(Filter_PVT.o)
 .debug_abbrev  0x00000c6e       0x66 .\CortexM3\ARM_GCC_493\Debug\Filter_ADC_VDAC01.a(Filter_RAM_Data.o)
 .debug_abbrev  0x00000cd4      0x11d .\CortexM3\ARM_GCC_493\Debug\Filter_ADC_VDAC01.a(ADC_DelSig_Ext_CP_Clk.o)
 .debug_abbrev  0x00000df1      0x172 .\CortexM3\ARM_GCC_493\Debug\Filter_ADC_VDAC01.a(ADC_DelSig_IRQ.o)
 .debug_abbrev  0x00000f63      0x11d .\CortexM3\ARM_GCC_493\Debug\Filter_ADC_VDAC01.a(ADC_DelSig_theACLK.o)
 .debug_abbrev  0x00001080      0x11d .\CortexM3\ARM_GCC_493\Debug\Filter_ADC_VDAC01.a(UART_1_IntClock.o)
 .debug_abbrev  0x0000119d      0x194 .\CortexM3\ARM_GCC_493\Debug\Filter_ADC_VDAC01.a(CyDmac.o)
 .debug_abbrev  0x00001331      0x217 .\CortexM3\ARM_GCC_493\Debug\Filter_ADC_VDAC01.a(CyLib.o)
 .debug_abbrev  0x00001548      0x161 .\CortexM3\ARM_GCC_493\Debug\Filter_ADC_VDAC01.a(cyPm.o)
 .debug_abbrev  0x000016a9       0x14 .\CortexM3\ARM_GCC_493\Debug\Filter_ADC_VDAC01.a(CyBootAsmGnu.o)
 .debug_abbrev  0x000016bd      0x13c .\CortexM3\ARM_GCC_493\Debug\Filter_ADC_VDAC01.a(CyFlash.o)
 .debug_abbrev  0x000017f9      0x16c .\CortexM3\ARM_GCC_493\Debug\Filter_ADC_VDAC01.a(CySpc.o)

.debug_line     0x00000000     0x2b5a
 *(.debug_line)
 .debug_line    0x00000000      0x1b6 .\CortexM3\ARM_GCC_493\Debug\main.o
 .debug_line    0x000001b6       0x51 .\CortexM3\ARM_GCC_493\Debug\cymetadata.o
 .debug_line    0x00000207      0x1db .\CortexM3\ARM_GCC_493\Debug\Cm3Start.o
 .debug_line    0x000003e2      0x22c .\CortexM3\ARM_GCC_493\Debug\Filter_ADC_VDAC01.a(cyfitter_cfg.o)
 .debug_line    0x0000060e       0x76 .\CortexM3\ARM_GCC_493\Debug\Filter_ADC_VDAC01.a(DMA_dma.o)
 .debug_line    0x00000684      0x14e .\CortexM3\ARM_GCC_493\Debug\Filter_ADC_VDAC01.a(isr.o)
 .debug_line    0x000007d2      0x35e .\CortexM3\ARM_GCC_493\Debug\Filter_ADC_VDAC01.a(ADC_DelSig.o)
 .debug_line    0x00000b30       0x93 .\CortexM3\ARM_GCC_493\Debug\Filter_ADC_VDAC01.a(ADC_DelSig_INT.o)
 .debug_line    0x00000bc3      0x2e4 .\CortexM3\ARM_GCC_493\Debug\Filter_ADC_VDAC01.a(UART_1.o)
 .debug_line    0x00000ea7       0xad .\CortexM3\ARM_GCC_493\Debug\Filter_ADC_VDAC01.a(Opamp.o)
 .debug_line    0x00000f54      0x180 .\CortexM3\ARM_GCC_493\Debug\Filter_ADC_VDAC01.a(Filter.o)
 .debug_line    0x000010d4       0x76 .\CortexM3\ARM_GCC_493\Debug\Filter_ADC_VDAC01.a(Filter_PVT.o)
 .debug_line    0x0000114a       0x56 .\CortexM3\ARM_GCC_493\Debug\Filter_ADC_VDAC01.a(Filter_RAM_Data.o)
 .debug_line    0x000011a0      0x1b0 .\CortexM3\ARM_GCC_493\Debug\Filter_ADC_VDAC01.a(ADC_DelSig_Ext_CP_Clk.o)
 .debug_line    0x00001350      0x159 .\CortexM3\ARM_GCC_493\Debug\Filter_ADC_VDAC01.a(ADC_DelSig_IRQ.o)
 .debug_line    0x000014a9      0x1d1 .\CortexM3\ARM_GCC_493\Debug\Filter_ADC_VDAC01.a(ADC_DelSig_theACLK.o)
 .debug_line    0x0000167a      0x1aa .\CortexM3\ARM_GCC_493\Debug\Filter_ADC_VDAC01.a(UART_1_IntClock.o)
 .debug_line    0x00001824      0x2b5 .\CortexM3\ARM_GCC_493\Debug\Filter_ADC_VDAC01.a(CyDmac.o)
 .debug_line    0x00001ad9      0x882 .\CortexM3\ARM_GCC_493\Debug\Filter_ADC_VDAC01.a(CyLib.o)
 .debug_line    0x0000235b      0x37f .\CortexM3\ARM_GCC_493\Debug\Filter_ADC_VDAC01.a(cyPm.o)
 .debug_line    0x000026da       0x66 .\CortexM3\ARM_GCC_493\Debug\Filter_ADC_VDAC01.a(CyBootAsmGnu.o)
 .debug_line    0x00002740      0x205 .\CortexM3\ARM_GCC_493\Debug\Filter_ADC_VDAC01.a(CyFlash.o)
 .debug_line    0x00002945      0x215 .\CortexM3\ARM_GCC_493\Debug\Filter_ADC_VDAC01.a(CySpc.o)

.debug_frame    0x00000000     0x31e0
 *(.debug_frame)
 .debug_frame   0x00000000       0x70 .\CortexM3\ARM_GCC_493\Debug\main.o
 .debug_frame   0x00000070       0xd8 .\CortexM3\ARM_GCC_493\Debug\Cm3Start.o
 .debug_frame   0x00000148      0x160 .\CortexM3\ARM_GCC_493\Debug\Filter_ADC_VDAC01.a(cyfitter_cfg.o)
 .debug_frame   0x000002a8       0x58 .\CortexM3\ARM_GCC_493\Debug\Filter_ADC_VDAC01.a(DMA_dma.o)
 .debug_frame   0x00000300      0x1e8 .\CortexM3\ARM_GCC_493\Debug\Filter_ADC_VDAC01.a(isr.o)
 .debug_frame   0x000004e8      0x40c .\CortexM3\ARM_GCC_493\Debug\Filter_ADC_VDAC01.a(ADC_DelSig.o)
 .debug_frame   0x000008f4       0xa0 .\CortexM3\ARM_GCC_493\Debug\Filter_ADC_VDAC01.a(ADC_DelSig_INT.o)
 .debug_frame   0x00000994      0x42c .\CortexM3\ARM_GCC_493\Debug\Filter_ADC_VDAC01.a(UART_1.o)
 .debug_frame   0x00000dc0       0xb8 .\CortexM3\ARM_GCC_493\Debug\Filter_ADC_VDAC01.a(Opamp.o)
 .debug_frame   0x00000e78      0x204 .\CortexM3\ARM_GCC_493\Debug\Filter_ADC_VDAC01.a(Filter.o)
 .debug_frame   0x0000107c       0x60 .\CortexM3\ARM_GCC_493\Debug\Filter_ADC_VDAC01.a(Filter_PVT.o)
 .debug_frame   0x000010dc      0x1b4 .\CortexM3\ARM_GCC_493\Debug\Filter_ADC_VDAC01.a(ADC_DelSig_Ext_CP_Clk.o)
 .debug_frame   0x00001290      0x1e8 .\CortexM3\ARM_GCC_493\Debug\Filter_ADC_VDAC01.a(ADC_DelSig_IRQ.o)
 .debug_frame   0x00001478      0x200 .\CortexM3\ARM_GCC_493\Debug\Filter_ADC_VDAC01.a(ADC_DelSig_theACLK.o)
 .debug_frame   0x00001678      0x1b4 .\CortexM3\ARM_GCC_493\Debug\Filter_ADC_VDAC01.a(UART_1_IntClock.o)
 .debug_frame   0x0000182c      0x3d0 .\CortexM3\ARM_GCC_493\Debug\Filter_ADC_VDAC01.a(CyDmac.o)
 .debug_frame   0x00001bfc      0xc0c .\CortexM3\ARM_GCC_493\Debug\Filter_ADC_VDAC01.a(CyLib.o)
 .debug_frame   0x00002808      0x234 .\CortexM3\ARM_GCC_493\Debug\Filter_ADC_VDAC01.a(cyPm.o)
 .debug_frame   0x00002a3c      0x210 .\CortexM3\ARM_GCC_493\Debug\Filter_ADC_VDAC01.a(CyFlash.o)
 .debug_frame   0x00002c4c      0x1f8 .\CortexM3\ARM_GCC_493\Debug\Filter_ADC_VDAC01.a(CySpc.o)
 .debug_frame   0x00002e44       0x20 c:/program files (x86)/cypress/psoc creator/4.0/psoc creator/import/gnu/arm/4.9.3/bin/../lib/gcc/arm-none-eabi/4.9.3/../../../../arm-none-eabi/lib/armv7-m\libg_nano.a(lib_a-errno.o)
 .debug_frame   0x00002e64       0x28 c:/program files (x86)/cypress/psoc creator/4.0/psoc creator/import/gnu/arm/4.9.3/bin/../lib/gcc/arm-none-eabi/4.9.3/../../../../arm-none-eabi/lib/armv7-m\libg_nano.a(lib_a-exit.o)
 .debug_frame   0x00002e8c       0x2c c:/program files (x86)/cypress/psoc creator/4.0/psoc creator/import/gnu/arm/4.9.3/bin/../lib/gcc/arm-none-eabi/4.9.3/../../../../arm-none-eabi/lib/armv7-m\libg_nano.a(lib_a-init.o)
 .debug_frame   0x00002eb8       0x28 c:/program files (x86)/cypress/psoc creator/4.0/psoc creator/import/gnu/arm/4.9.3/bin/../lib/gcc/arm-none-eabi/4.9.3/../../../../arm-none-eabi/lib/armv7-m\libg_nano.a(lib_a-memcpy.o)
 .debug_frame   0x00002ee0       0x20 c:/program files (x86)/cypress/psoc creator/4.0/psoc creator/import/gnu/arm/4.9.3/bin/../lib/gcc/arm-none-eabi/4.9.3/../../../../arm-none-eabi/lib/armv7-m\libg_nano.a(lib_a-memset.o)
 .debug_frame   0x00002f00       0x70 c:/program files (x86)/cypress/psoc creator/4.0/psoc creator/import/gnu/arm/4.9.3/bin/../lib/gcc/arm-none-eabi/4.9.3/../../../../arm-none-eabi/lib/armv7-m\libg_nano.a(lib_a-sprintf.o)
 .debug_frame   0x00002f70       0x8c c:/program files (x86)/cypress/psoc creator/4.0/psoc creator/import/gnu/arm/4.9.3/bin/../lib/gcc/arm-none-eabi/4.9.3/../../../../arm-none-eabi/lib/armv7-m\libg_nano.a(lib_a-nano-svfprintf.o)
 .debug_frame   0x00002ffc       0x58 c:/program files (x86)/cypress/psoc creator/4.0/psoc creator/import/gnu/arm/4.9.3/bin/../lib/gcc/arm-none-eabi/4.9.3/../../../../arm-none-eabi/lib/armv7-m\libg_nano.a(lib_a-nano-vfprintf_i.o)
 .debug_frame   0x00003054       0x28 c:/program files (x86)/cypress/psoc creator/4.0/psoc creator/import/gnu/arm/4.9.3/bin/../lib/gcc/arm-none-eabi/4.9.3/../../../../arm-none-eabi/lib/armv7-m\libg_nano.a(lib_a-memchr.o)
 .debug_frame   0x0000307c       0x28 c:/program files (x86)/cypress/psoc creator/4.0/psoc creator/import/gnu/arm/4.9.3/bin/../lib/gcc/arm-none-eabi/4.9.3/../../../../arm-none-eabi/lib/armv7-m\libg_nano.a(lib_a-memmove.o)
 .debug_frame   0x000030a4       0x2c c:/program files (x86)/cypress/psoc creator/4.0/psoc creator/import/gnu/arm/4.9.3/bin/../lib/gcc/arm-none-eabi/4.9.3/../../../../arm-none-eabi/lib/armv7-m\libg_nano.a(lib_a-nano-freer.o)
 .debug_frame   0x000030d0       0x2c c:/program files (x86)/cypress/psoc creator/4.0/psoc creator/import/gnu/arm/4.9.3/bin/../lib/gcc/arm-none-eabi/4.9.3/../../../../arm-none-eabi/lib/armv7-m\libg_nano.a(lib_a-nano-mallocr.o)
 .debug_frame   0x000030fc       0x3c c:/program files (x86)/cypress/psoc creator/4.0/psoc creator/import/gnu/arm/4.9.3/bin/../lib/gcc/arm-none-eabi/4.9.3/../../../../arm-none-eabi/lib/armv7-m\libg_nano.a(lib_a-nano-reallocr.o)
 .debug_frame   0x00003138       0x2c c:/program files (x86)/cypress/psoc creator/4.0/psoc creator/import/gnu/arm/4.9.3/bin/../lib/gcc/arm-none-eabi/4.9.3/../../../../arm-none-eabi/lib/armv7-m\libg_nano.a(lib_a-sbrkr.o)
 .debug_frame   0x00003164       0x20 c:/program files (x86)/cypress/psoc creator/4.0/psoc creator/import/gnu/arm/4.9.3/bin/../lib/gcc/arm-none-eabi/4.9.3/../../../../arm-none-eabi/lib/armv7-m\libg_nano.a(lib_a-nano-msizer.o)
 .debug_frame   0x00003184       0x5c c:/program files (x86)/cypress/psoc creator/4.0/psoc creator/import/gnu/arm/4.9.3/bin/../lib/gcc/arm-none-eabi/4.9.3/../../../../arm-none-eabi/lib/armv7-m\libg_nano.a(lib_a-reent.o)

.debug_str      0x00000000     0x278e
 *(.debug_str)
 .debug_str     0x00000000      0x1f2 .\CortexM3\ARM_GCC_493\Debug\main.o
                                0x233 (size before relaxing)
 .debug_str     0x000001f2       0x75 .\CortexM3\ARM_GCC_493\Debug\cymetadata.o
                                0x22f (size before relaxing)
 .debug_str     0x00000267      0x12b .\CortexM3\ARM_GCC_493\Debug\Cm3Start.o
                                0x310 (size before relaxing)
 .debug_str     0x00000392      0x17f .\CortexM3\ARM_GCC_493\Debug\Filter_ADC_VDAC01.a(cyfitter_cfg.o)
                                0x358 (size before relaxing)
 .debug_str     0x00000511       0x8b .\CortexM3\ARM_GCC_493\Debug\Filter_ADC_VDAC01.a(DMA_dma.o)
                                0x24c (size before relaxing)
 .debug_str     0x0000059c       0xe2 .\CortexM3\ARM_GCC_493\Debug\Filter_ADC_VDAC01.a(isr.o)
                                0x2c3 (size before relaxing)
 .debug_str     0x0000067e      0x403 .\CortexM3\ARM_GCC_493\Debug\Filter_ADC_VDAC01.a(ADC_DelSig.o)
                                0x614 (size before relaxing)
 .debug_str     0x00000a81       0x68 .\CortexM3\ARM_GCC_493\Debug\Filter_ADC_VDAC01.a(ADC_DelSig_INT.o)
                                0x21c (size before relaxing)
 .debug_str     0x00000ae9      0x299 .\CortexM3\ARM_GCC_493\Debug\Filter_ADC_VDAC01.a(UART_1.o)
                                0x494 (size before relaxing)
 .debug_str     0x00000d82       0x71 .\CortexM3\ARM_GCC_493\Debug\Filter_ADC_VDAC01.a(Opamp.o)
                                0x230 (size before relaxing)
 .debug_str     0x00000df3      0x165 .\CortexM3\ARM_GCC_493\Debug\Filter_ADC_VDAC01.a(Filter.o)
                                0x344 (size before relaxing)
 .debug_str     0x00000f58       0x55 .\CortexM3\ARM_GCC_493\Debug\Filter_ADC_VDAC01.a(Filter_PVT.o)
                                0x214 (size before relaxing)
 .debug_str     0x00000fad       0x29 .\CortexM3\ARM_GCC_493\Debug\Filter_ADC_VDAC01.a(Filter_RAM_Data.o)
                                0x225 (size before relaxing)
 .debug_str     0x00000fd6      0x202 .\CortexM3\ARM_GCC_493\Debug\Filter_ADC_VDAC01.a(ADC_DelSig_Ext_CP_Clk.o)
                                0x3db (size before relaxing)
 .debug_str     0x000011d8      0x164 .\CortexM3\ARM_GCC_493\Debug\Filter_ADC_VDAC01.a(ADC_DelSig_IRQ.o)
                                0x35d (size before relaxing)
 .debug_str     0x0000133c      0x1ec .\CortexM3\ARM_GCC_493\Debug\Filter_ADC_VDAC01.a(ADC_DelSig_theACLK.o)
                                0x408 (size before relaxing)
 .debug_str     0x00001528      0x177 .\CortexM3\ARM_GCC_493\Debug\Filter_ADC_VDAC01.a(UART_1_IntClock.o)
                                0x393 (size before relaxing)
 .debug_str     0x0000169f      0x35e .\CortexM3\ARM_GCC_493\Debug\Filter_ADC_VDAC01.a(CyDmac.o)
                                0x556 (size before relaxing)
 .debug_str     0x000019fd      0x7cf .\CortexM3\ARM_GCC_493\Debug\Filter_ADC_VDAC01.a(CyLib.o)
                                0xa23 (size before relaxing)
 .debug_str     0x000021cc      0x365 .\CortexM3\ARM_GCC_493\Debug\Filter_ADC_VDAC01.a(cyPm.o)
                                0x570 (size before relaxing)
 .debug_str     0x00002531      0x13e .\CortexM3\ARM_GCC_493\Debug\Filter_ADC_VDAC01.a(CyFlash.o)
                                0x32f (size before relaxing)
 .debug_str     0x0000266f      0x11f .\CortexM3\ARM_GCC_493\Debug\Filter_ADC_VDAC01.a(CySpc.o)
                                0x32c (size before relaxing)

.debug_loc
 *(.debug_loc)

.debug_macinfo
 *(.debug_macinfo)

.debug_ranges   0x00000000      0xa20
 *(.debug_ranges)
 .debug_ranges  0x00000000       0x20 .\CortexM3\ARM_GCC_493\Debug\main.o
 .debug_ranges  0x00000020       0x38 .\CortexM3\ARM_GCC_493\Debug\Cm3Start.o
 .debug_ranges  0x00000058       0x50 .\CortexM3\ARM_GCC_493\Debug\Filter_ADC_VDAC01.a(cyfitter_cfg.o)
 .debug_ranges  0x000000a8       0x18 .\CortexM3\ARM_GCC_493\Debug\Filter_ADC_VDAC01.a(DMA_dma.o)
 .debug_ranges  0x000000c0       0x70 .\CortexM3\ARM_GCC_493\Debug\Filter_ADC_VDAC01.a(isr.o)
 .debug_ranges  0x00000130       0xd8 .\CortexM3\ARM_GCC_493\Debug\Filter_ADC_VDAC01.a(ADC_DelSig.o)
 .debug_ranges  0x00000208       0x28 .\CortexM3\ARM_GCC_493\Debug\Filter_ADC_VDAC01.a(ADC_DelSig_INT.o)
 .debug_ranges  0x00000230       0xe0 .\CortexM3\ARM_GCC_493\Debug\Filter_ADC_VDAC01.a(UART_1.o)
 .debug_ranges  0x00000310       0x30 .\CortexM3\ARM_GCC_493\Debug\Filter_ADC_VDAC01.a(Opamp.o)
 .debug_ranges  0x00000340       0x70 .\CortexM3\ARM_GCC_493\Debug\Filter_ADC_VDAC01.a(Filter.o)
 .debug_ranges  0x000003b0       0x18 .\CortexM3\ARM_GCC_493\Debug\Filter_ADC_VDAC01.a(Filter_PVT.o)
 .debug_ranges  0x000003c8       0x60 .\CortexM3\ARM_GCC_493\Debug\Filter_ADC_VDAC01.a(ADC_DelSig_Ext_CP_Clk.o)
 .debug_ranges  0x00000428       0x70 .\CortexM3\ARM_GCC_493\Debug\Filter_ADC_VDAC01.a(ADC_DelSig_IRQ.o)
 .debug_ranges  0x00000498       0x70 .\CortexM3\ARM_GCC_493\Debug\Filter_ADC_VDAC01.a(ADC_DelSig_theACLK.o)
 .debug_ranges  0x00000508       0x60 .\CortexM3\ARM_GCC_493\Debug\Filter_ADC_VDAC01.a(UART_1_IntClock.o)
 .debug_ranges  0x00000568       0xc8 .\CortexM3\ARM_GCC_493\Debug\Filter_ADC_VDAC01.a(CyDmac.o)
 .debug_ranges  0x00000630      0x290 .\CortexM3\ARM_GCC_493\Debug\Filter_ADC_VDAC01.a(CyLib.o)
 .debug_ranges  0x000008c0       0x88 .\CortexM3\ARM_GCC_493\Debug\Filter_ADC_VDAC01.a(cyPm.o)
 .debug_ranges  0x00000948       0x70 .\CortexM3\ARM_GCC_493\Debug\Filter_ADC_VDAC01.a(CyFlash.o)
 .debug_ranges  0x000009b8       0x68 .\CortexM3\ARM_GCC_493\Debug\Filter_ADC_VDAC01.a(CySpc.o)

.comment        0x00000000       0x70
 .comment       0x00000000       0x70 .\CortexM3\ARM_GCC_493\Debug\main.o
                                 0x71 (size before relaxing)
 .comment       0x00000000       0x71 .\CortexM3\ARM_GCC_493\Debug\cymetadata.o
 .comment       0x00000000       0x71 .\CortexM3\ARM_GCC_493\Debug\Cm3Start.o
 .comment       0x00000000       0x71 .\CortexM3\ARM_GCC_493\Debug\Filter_ADC_VDAC01.a(cyfitter_cfg.o)
 .comment       0x00000000       0x71 .\CortexM3\ARM_GCC_493\Debug\Filter_ADC_VDAC01.a(DMA_dma.o)
 .comment       0x00000000       0x71 .\CortexM3\ARM_GCC_493\Debug\Filter_ADC_VDAC01.a(isr.o)
 .comment       0x00000000       0x71 .\CortexM3\ARM_GCC_493\Debug\Filter_ADC_VDAC01.a(ADC_DelSig.o)
 .comment       0x00000000       0x71 .\CortexM3\ARM_GCC_493\Debug\Filter_ADC_VDAC01.a(ADC_DelSig_INT.o)
 .comment       0x00000000       0x71 .\CortexM3\ARM_GCC_493\Debug\Filter_ADC_VDAC01.a(UART_1.o)
 .comment       0x00000000       0x71 .\CortexM3\ARM_GCC_493\Debug\Filter_ADC_VDAC01.a(Opamp.o)
 .comment       0x00000000       0x71 .\CortexM3\ARM_GCC_493\Debug\Filter_ADC_VDAC01.a(Filter.o)
 .comment       0x00000000       0x71 .\CortexM3\ARM_GCC_493\Debug\Filter_ADC_VDAC01.a(Filter_PVT.o)
 .comment       0x00000000       0x71 .\CortexM3\ARM_GCC_493\Debug\Filter_ADC_VDAC01.a(Filter_RAM_Data.o)
 .comment       0x00000000       0x71 .\CortexM3\ARM_GCC_493\Debug\Filter_ADC_VDAC01.a(ADC_DelSig_Ext_CP_Clk.o)
 .comment       0x00000000       0x71 .\CortexM3\ARM_GCC_493\Debug\Filter_ADC_VDAC01.a(ADC_DelSig_IRQ.o)
 .comment       0x00000000       0x71 .\CortexM3\ARM_GCC_493\Debug\Filter_ADC_VDAC01.a(ADC_DelSig_theACLK.o)
 .comment       0x00000000       0x71 .\CortexM3\ARM_GCC_493\Debug\Filter_ADC_VDAC01.a(UART_1_IntClock.o)
 .comment       0x00000000       0x71 .\CortexM3\ARM_GCC_493\Debug\Filter_ADC_VDAC01.a(CyDmac.o)
 .comment       0x00000000       0x71 .\CortexM3\ARM_GCC_493\Debug\Filter_ADC_VDAC01.a(CyLib.o)
 .comment       0x00000000       0x71 .\CortexM3\ARM_GCC_493\Debug\Filter_ADC_VDAC01.a(cyPm.o)
 .comment       0x00000000       0x71 .\CortexM3\ARM_GCC_493\Debug\Filter_ADC_VDAC01.a(CyFlash.o)
 .comment       0x00000000       0x71 .\CortexM3\ARM_GCC_493\Debug\Filter_ADC_VDAC01.a(CySpc.o)

.debug_weaknames
 *(.debug_weaknames)

.debug_funcnames
 *(.debug_funcnames)

.debug_typenames
 *(.debug_typenames)

.debug_varnames
 *(.debug_varnames)

.note.gnu.arm.ident
 *(.note.gnu.arm.ident)

.ARM.attributes
                0x00000000       0x29
 *(.ARM.attributes)
 .ARM.attributes
                0x00000000       0x1d c:/program files (x86)/cypress/psoc creator/4.0/psoc creator/import/gnu/arm/4.9.3/bin/../lib/gcc/arm-none-eabi/4.9.3/armv7-m/crti.o
 .ARM.attributes
                0x0000001d       0x2d c:/program files (x86)/cypress/psoc creator/4.0/psoc creator/import/gnu/arm/4.9.3/bin/../lib/gcc/arm-none-eabi/4.9.3/armv7-m/crtbegin.o
 .ARM.attributes
                0x0000004a       0x1b c:/program files (x86)/cypress/psoc creator/4.0/psoc creator/import/gnu/arm/4.9.3/bin/../lib/gcc/arm-none-eabi/4.9.3/../../../../arm-none-eabi/lib/armv7-m/crt0.o
 .ARM.attributes
                0x00000065       0x33 .\CortexM3\ARM_GCC_493\Debug\main.o
 .ARM.attributes
                0x00000098       0x33 .\CortexM3\ARM_GCC_493\Debug\cymetadata.o
 .ARM.attributes
                0x000000cb       0x33 .\CortexM3\ARM_GCC_493\Debug\Cm3Start.o
 .ARM.attributes
                0x000000fe       0x33 .\CortexM3\ARM_GCC_493\Debug\Filter_ADC_VDAC01.a(cyfitter_cfg.o)
 .ARM.attributes
                0x00000131       0x33 .\CortexM3\ARM_GCC_493\Debug\Filter_ADC_VDAC01.a(DMA_dma.o)
 .ARM.attributes
                0x00000164       0x33 .\CortexM3\ARM_GCC_493\Debug\Filter_ADC_VDAC01.a(isr.o)
 .ARM.attributes
                0x00000197       0x33 .\CortexM3\ARM_GCC_493\Debug\Filter_ADC_VDAC01.a(ADC_DelSig.o)
 .ARM.attributes
                0x000001ca       0x33 .\CortexM3\ARM_GCC_493\Debug\Filter_ADC_VDAC01.a(ADC_DelSig_INT.o)
 .ARM.attributes
                0x000001fd       0x33 .\CortexM3\ARM_GCC_493\Debug\Filter_ADC_VDAC01.a(UART_1.o)
 .ARM.attributes
                0x00000230       0x33 .\CortexM3\ARM_GCC_493\Debug\Filter_ADC_VDAC01.a(Opamp.o)
 .ARM.attributes
                0x00000263       0x33 .\CortexM3\ARM_GCC_493\Debug\Filter_ADC_VDAC01.a(Filter.o)
 .ARM.attributes
                0x00000296       0x33 .\CortexM3\ARM_GCC_493\Debug\Filter_ADC_VDAC01.a(Filter_PVT.o)
 .ARM.attributes
                0x000002c9       0x33 .\CortexM3\ARM_GCC_493\Debug\Filter_ADC_VDAC01.a(Filter_RAM_Data.o)
 .ARM.attributes
                0x000002fc       0x33 .\CortexM3\ARM_GCC_493\Debug\Filter_ADC_VDAC01.a(ADC_DelSig_Ext_CP_Clk.o)
 .ARM.attributes
                0x0000032f       0x33 .\CortexM3\ARM_GCC_493\Debug\Filter_ADC_VDAC01.a(ADC_DelSig_IRQ.o)
 .ARM.attributes
                0x00000362       0x33 .\CortexM3\ARM_GCC_493\Debug\Filter_ADC_VDAC01.a(ADC_DelSig_theACLK.o)
 .ARM.attributes
                0x00000395       0x33 .\CortexM3\ARM_GCC_493\Debug\Filter_ADC_VDAC01.a(UART_1_IntClock.o)
 .ARM.attributes
                0x000003c8       0x33 .\CortexM3\ARM_GCC_493\Debug\Filter_ADC_VDAC01.a(CyDmac.o)
 .ARM.attributes
                0x000003fb       0x33 .\CortexM3\ARM_GCC_493\Debug\Filter_ADC_VDAC01.a(CyLib.o)
 .ARM.attributes
                0x0000042e       0x33 .\CortexM3\ARM_GCC_493\Debug\Filter_ADC_VDAC01.a(cyPm.o)
 .ARM.attributes
                0x00000461       0x21 .\CortexM3\ARM_GCC_493\Debug\Filter_ADC_VDAC01.a(CyBootAsmGnu.o)
 .ARM.attributes
                0x00000482       0x33 .\CortexM3\ARM_GCC_493\Debug\Filter_ADC_VDAC01.a(CyFlash.o)
 .ARM.attributes
                0x000004b5       0x33 .\CortexM3\ARM_GCC_493\Debug\Filter_ADC_VDAC01.a(CySpc.o)
 .ARM.attributes
                0x000004e8       0x1d c:/program files (x86)/cypress/psoc creator/4.0/psoc creator/import/gnu/arm/4.9.3/bin/../lib/gcc/arm-none-eabi/4.9.3/armv7-m\libgcc.a(_arm_addsubdf3.o)
 .ARM.attributes
                0x00000505       0x1d c:/program files (x86)/cypress/psoc creator/4.0/psoc creator/import/gnu/arm/4.9.3/bin/../lib/gcc/arm-none-eabi/4.9.3/armv7-m\libgcc.a(_arm_cmpdf2.o)
 .ARM.attributes
                0x00000522       0x1d c:/program files (x86)/cypress/psoc creator/4.0/psoc creator/import/gnu/arm/4.9.3/bin/../lib/gcc/arm-none-eabi/4.9.3/armv7-m\libgcc.a(_arm_addsubsf3.o)
 .ARM.attributes
                0x0000053f       0x1d c:/program files (x86)/cypress/psoc creator/4.0/psoc creator/import/gnu/arm/4.9.3/bin/../lib/gcc/arm-none-eabi/4.9.3/armv7-m\libgcc.a(_arm_muldivsf3.o)
 .ARM.attributes
                0x0000055c       0x1d c:/program files (x86)/cypress/psoc creator/4.0/psoc creator/import/gnu/arm/4.9.3/bin/../lib/gcc/arm-none-eabi/4.9.3/armv7-m\libgcc.a(_arm_fixunssfsi.o)
 .ARM.attributes
                0x00000579       0x2d c:/program files (x86)/cypress/psoc creator/4.0/psoc creator/import/gnu/arm/4.9.3/bin/../lib/gcc/arm-none-eabi/4.9.3/../../../../arm-none-eabi/lib/armv7-m\libg_nano.a(lib_a-errno.o)
 .ARM.attributes
                0x000005a6       0x2d c:/program files (x86)/cypress/psoc creator/4.0/psoc creator/import/gnu/arm/4.9.3/bin/../lib/gcc/arm-none-eabi/4.9.3/../../../../arm-none-eabi/lib/armv7-m\libg_nano.a(lib_a-exit.o)
 .ARM.attributes
                0x000005d3       0x2d c:/program files (x86)/cypress/psoc creator/4.0/psoc creator/import/gnu/arm/4.9.3/bin/../lib/gcc/arm-none-eabi/4.9.3/../../../../arm-none-eabi/lib/armv7-m\libg_nano.a(lib_a-impure.o)
 .ARM.attributes
                0x00000600       0x2d c:/program files (x86)/cypress/psoc creator/4.0/psoc creator/import/gnu/arm/4.9.3/bin/../lib/gcc/arm-none-eabi/4.9.3/../../../../arm-none-eabi/lib/armv7-m\libg_nano.a(lib_a-init.o)
 .ARM.attributes
                0x0000062d       0x2d c:/program files (x86)/cypress/psoc creator/4.0/psoc creator/import/gnu/arm/4.9.3/bin/../lib/gcc/arm-none-eabi/4.9.3/../../../../arm-none-eabi/lib/armv7-m\libg_nano.a(lib_a-memcpy.o)
 .ARM.attributes
                0x0000065a       0x2d c:/program files (x86)/cypress/psoc creator/4.0/psoc creator/import/gnu/arm/4.9.3/bin/../lib/gcc/arm-none-eabi/4.9.3/../../../../arm-none-eabi/lib/armv7-m\libg_nano.a(lib_a-memset.o)
 .ARM.attributes
                0x00000687       0x2d c:/program files (x86)/cypress/psoc creator/4.0/psoc creator/import/gnu/arm/4.9.3/bin/../lib/gcc/arm-none-eabi/4.9.3/../../../../arm-none-eabi/lib/armv7-m\libg_nano.a(lib_a-sprintf.o)
 .ARM.attributes
                0x000006b4       0x2d c:/program files (x86)/cypress/psoc creator/4.0/psoc creator/import/gnu/arm/4.9.3/bin/../lib/gcc/arm-none-eabi/4.9.3/../../../../arm-none-eabi/lib/armv7-m\libg_nano.a(lib_a-nano-svfprintf.o)
 .ARM.attributes
                0x000006e1       0x2d c:/program files (x86)/cypress/psoc creator/4.0/psoc creator/import/gnu/arm/4.9.3/bin/../lib/gcc/arm-none-eabi/4.9.3/../../../../arm-none-eabi/lib/armv7-m\libg_nano.a(lib_a-nano-vfprintf_i.o)
 .ARM.attributes
                0x0000070e       0x2d c:/program files (x86)/cypress/psoc creator/4.0/psoc creator/import/gnu/arm/4.9.3/bin/../lib/gcc/arm-none-eabi/4.9.3/../../../../arm-none-eabi/lib/armv7-m\libg_nano.a(lib_a-memchr.o)
 .ARM.attributes
                0x0000073b       0x2d c:/program files (x86)/cypress/psoc creator/4.0/psoc creator/import/gnu/arm/4.9.3/bin/../lib/gcc/arm-none-eabi/4.9.3/../../../../arm-none-eabi/lib/armv7-m\libg_nano.a(lib_a-memmove.o)
 .ARM.attributes
                0x00000768       0x2d c:/program files (x86)/cypress/psoc creator/4.0/psoc creator/import/gnu/arm/4.9.3/bin/../lib/gcc/arm-none-eabi/4.9.3/../../../../arm-none-eabi/lib/armv7-m\libg_nano.a(lib_a-nano-freer.o)
 .ARM.attributes
                0x00000795       0x2d c:/program files (x86)/cypress/psoc creator/4.0/psoc creator/import/gnu/arm/4.9.3/bin/../lib/gcc/arm-none-eabi/4.9.3/../../../../arm-none-eabi/lib/armv7-m\libg_nano.a(lib_a-nano-mallocr.o)
 .ARM.attributes
                0x000007c2       0x2d c:/program files (x86)/cypress/psoc creator/4.0/psoc creator/import/gnu/arm/4.9.3/bin/../lib/gcc/arm-none-eabi/4.9.3/../../../../arm-none-eabi/lib/armv7-m\libg_nano.a(lib_a-nano-reallocr.o)
 .ARM.attributes
                0x000007ef       0x2d c:/program files (x86)/cypress/psoc creator/4.0/psoc creator/import/gnu/arm/4.9.3/bin/../lib/gcc/arm-none-eabi/4.9.3/../../../../arm-none-eabi/lib/armv7-m\libg_nano.a(lib_a-sbrkr.o)
 .ARM.attributes
                0x0000081c       0x2d c:/program files (x86)/cypress/psoc creator/4.0/psoc creator/import/gnu/arm/4.9.3/bin/../lib/gcc/arm-none-eabi/4.9.3/../../../../arm-none-eabi/lib/armv7-m\libg_nano.a(lib_a-nano-msizer.o)
 .ARM.attributes
                0x00000849       0x2d c:/program files (x86)/cypress/psoc creator/4.0/psoc creator/import/gnu/arm/4.9.3/bin/../lib/gcc/arm-none-eabi/4.9.3/../../../../arm-none-eabi/lib/armv7-m\libg_nano.a(lib_a-reent.o)
 .ARM.attributes
                0x00000876       0x2d c:/program files (x86)/cypress/psoc creator/4.0/psoc creator/import/gnu/arm/4.9.3/bin/../lib/gcc/arm-none-eabi/4.9.3/armv7-m/crtend.o
 .ARM.attributes
                0x000008a3       0x1d c:/program files (x86)/cypress/psoc creator/4.0/psoc creator/import/gnu/arm/4.9.3/bin/../lib/gcc/arm-none-eabi/4.9.3/armv7-m/crtn.o

/DISCARD/
 *(.note.GNU-stack)
OUTPUT(.\CortexM3\ARM_GCC_493\Debug\Filter_ADC_VDAC01.elf elf32-littlearm)
