Archive member included to satisfy reference by file (symbol)

.\CortexM3\ARM_GCC_541\Debug\FreeRTOS_Demo.a(UART_1.o)
                              .\CortexM3\ARM_GCC_541\Debug\main.o (UART_1_Start)
.\CortexM3\ARM_GCC_541\Debug\FreeRTOS_Demo.a(UART_1_INT.o)
                              .\CortexM3\ARM_GCC_541\Debug\FreeRTOS_Demo.a(UART_1.o) (UART_1_RXISR)
.\CortexM3\ARM_GCC_541\Debug\FreeRTOS_Demo.a(isr_UART1_TX_BYTE_COMPLETE.o)
                              .\CortexM3\ARM_GCC_541\Debug\Serial.o (isr_UART1_TX_BYTE_COMPLETE_StartEx)
.\CortexM3\ARM_GCC_541\Debug\FreeRTOS_Demo.a(isr_UART1_RX_BYTE_RECEIVED.o)
                              .\CortexM3\ARM_GCC_541\Debug\Serial.o (isr_UART1_RX_BYTE_RECEIVED_StartEx)
.\CortexM3\ARM_GCC_541\Debug\FreeRTOS_Demo.a(Clock_1.o)
                              .\CortexM3\ARM_GCC_541\Debug\main.o (Clock_1_Start)
.\CortexM3\ARM_GCC_541\Debug\FreeRTOS_Demo.a(UART_1_IntClock.o)
                              .\CortexM3\ARM_GCC_541\Debug\FreeRTOS_Demo.a(UART_1.o) (UART_1_IntClock_Start)
.\CortexM3\ARM_GCC_541\Debug\FreeRTOS_Demo.a(CyLib.o)
                              .\CortexM3\ARM_GCC_541\Debug\Cm3Start.o (CyResetStatus)
.\CortexM3\ARM_GCC_541\Debug\FreeRTOS_Demo.a(cyPm.o)
                              .\CortexM3\ARM_GCC_541\Debug\FreeRTOS_Demo.a(CyLib.o) (CyPmReadStatus)
.\CortexM3\ARM_GCC_541\Debug\FreeRTOS_Demo.a(PWM_M1.o)
                              .\CortexM3\ARM_GCC_541\Debug\main.o (PWM_M1_Start)
.\CortexM3\ARM_GCC_541\Debug\FreeRTOS_Demo.a(MClock.o)
                              .\CortexM3\ARM_GCC_541\Debug\main.o (MClock_Start)
.\CortexM3\ARM_GCC_541\Debug\FreeRTOS_Demo.a(M1_FWD.o)
                              .\CortexM3\ARM_GCC_541\Debug\movement.o (M1_FWD_Write)
.\CortexM3\ARM_GCC_541\Debug\FreeRTOS_Demo.a(M1_BWD.o)
                              .\CortexM3\ARM_GCC_541\Debug\movement.o (M1_BWD_Write)
.\CortexM3\ARM_GCC_541\Debug\FreeRTOS_Demo.a(PWM_M2.o)
                              .\CortexM3\ARM_GCC_541\Debug\main.o (PWM_M2_Start)
.\CortexM3\ARM_GCC_541\Debug\FreeRTOS_Demo.a(M2_FWD.o)
                              .\CortexM3\ARM_GCC_541\Debug\movement.o (M2_FWD_Write)
.\CortexM3\ARM_GCC_541\Debug\FreeRTOS_Demo.a(M2_BWD.o)
                              .\CortexM3\ARM_GCC_541\Debug\movement.o (M2_BWD_Write)
.\CortexM3\ARM_GCC_541\Debug\FreeRTOS_Demo.a(Standby.o)
                              .\CortexM3\ARM_GCC_541\Debug\movement.o (Standby_Write)
.\CortexM3\ARM_GCC_541\Debug\FreeRTOS_Demo.a(M1QuadDec.o)
                              .\CortexM3\ARM_GCC_541\Debug\main.o (M1QuadDec_Enable)
.\CortexM3\ARM_GCC_541\Debug\FreeRTOS_Demo.a(M1QuadDec_INT.o)
                              .\CortexM3\ARM_GCC_541\Debug\FreeRTOS_Demo.a(M1QuadDec.o) (M1QuadDec_count32SoftPart)
.\CortexM3\ARM_GCC_541\Debug\FreeRTOS_Demo.a(M1Clock.o)
                              .\CortexM3\ARM_GCC_541\Debug\main.o (M1Clock_Start)
.\CortexM3\ARM_GCC_541\Debug\FreeRTOS_Demo.a(M2QuadDec.o)
                              .\CortexM3\ARM_GCC_541\Debug\main.o (M2QuadDec_Enable)
.\CortexM3\ARM_GCC_541\Debug\FreeRTOS_Demo.a(M2QuadDec_INT.o)
                              .\CortexM3\ARM_GCC_541\Debug\FreeRTOS_Demo.a(M2QuadDec.o) (M2QuadDec_count32SoftPart)
.\CortexM3\ARM_GCC_541\Debug\FreeRTOS_Demo.a(M1QuadDec_Cnt16.o)
                              .\CortexM3\ARM_GCC_541\Debug\FreeRTOS_Demo.a(M1QuadDec.o) (M1QuadDec_Cnt16_WriteCounter)
.\CortexM3\ARM_GCC_541\Debug\FreeRTOS_Demo.a(M2QuadDec_Cnt16.o)
                              .\CortexM3\ARM_GCC_541\Debug\FreeRTOS_Demo.a(M2QuadDec.o) (M2QuadDec_Cnt16_WriteCounter)
.\CortexM3\ARM_GCC_541\Debug\FreeRTOS_Demo.a(Timer_1.o)
                              .\CortexM3\ARM_GCC_541\Debug\main.o (Timer_1_Start)
.\CortexM3\ARM_GCC_541\Debug\FreeRTOS_Demo.a(Laser.o)
                              .\CortexM3\ARM_GCC_541\Debug\main.o (Laser_Write)
.\CortexM3\ARM_GCC_541\Debug\FreeRTOS_Demo.a(PWM_1.o)
                              .\CortexM3\ARM_GCC_541\Debug\main.o (PWM_1_Start)
.\CortexM3\ARM_GCC_541\Debug\FreeRTOS_Demo.a(PWM_1_PM.o)
                              .\CortexM3\ARM_GCC_541\Debug\main.o (PWM_1_Sleep)
.\CortexM3\ARM_GCC_541\Debug\FreeRTOS_Demo.a(LED_GREEN.o)
                              .\CortexM3\ARM_GCC_541\Debug\main.o (LED_GREEN_Write)
.\CortexM3\ARM_GCC_541\Debug\FreeRTOS_Demo.a(CyBootAsmGnu.o)
                              .\CortexM3\ARM_GCC_541\Debug\cyfitter_cfg.o (CyDelayCycles)
.\CortexM3\ARM_GCC_541\Debug\FreeRTOS_Demo.a(CyFlash.o)
                              .\CortexM3\ARM_GCC_541\Debug\FreeRTOS_Demo.a(cyPm.o) (CyFlash_SetWaitCycles)
.\CortexM3\ARM_GCC_541\Debug\FreeRTOS_Demo.a(CySpc.o)
                              .\CortexM3\ARM_GCC_541\Debug\FreeRTOS_Demo.a(CyFlash.o) (CySpcStart)
c:/program files (x86)/cypress/psoc creator/4.1/psoc creator/import/gnu/arm/5.4.1/bin/../lib/gcc/arm-none-eabi/5.4.1/armv7-m\libgcc.a(_arm_addsubdf3.o)
                              .\CortexM3\ARM_GCC_541\Debug\movement.o (__aeabi_dadd)
[...]
Memory Configuration

Name             Origin             Length             Attributes
rom              0x00000000         0x00040000         xr
ram              0x1fff8000         0x00010000         xrw
*default*        0x00000000         0xffffffff

Linker script and memory map

LOAD c:/program files (x86)/cypress/psoc creator/4.1/psoc creator/import/gnu/arm/5.4.1/bin/../lib/gcc/arm-none-eabi/5.4.1/armv7-m/crti.o
LOAD c:/program files (x86)/cypress/psoc creator/4.1/psoc creator/import/gnu/arm/5.4.1/bin/../lib/gcc/arm-none-eabi/5.4.1/armv7-m/crtbegin.o
LOAD c:/program files (x86)/cypress/psoc creator/4.1/psoc creator/import/gnu/arm/5.4.1/bin/../lib/gcc/arm-none-eabi/5.4.1/../../../../arm-none-eabi/lib/armv7-m/crt0.o
START GROUP
LOAD .\CortexM3\ARM_GCC_541\Debug\croutine.o
LOAD .\CortexM3\ARM_GCC_541\Debug\list.o
LOAD .\CortexM3\ARM_GCC_541\Debug\queue.o
LOAD .\CortexM3\ARM_GCC_541\Debug\tasks.o
LOAD .\CortexM3\ARM_GCC_541\Debug\port.o
LOAD .\CortexM3\ARM_GCC_541\Debug\heap_2.o
LOAD .\CortexM3\ARM_GCC_541\Debug\IntQueueTimer.o
LOAD .\CortexM3\ARM_GCC_541\Debug\main.o
LOAD .\CortexM3\ARM_GCC_541\Debug\Serial.o
LOAD .\CortexM3\ARM_GCC_541\Debug\movement.o
LOAD .\CortexM3\ARM_GCC_541\Debug\comtest.o
LOAD .\CortexM3\ARM_GCC_541\Debug\cyfitter_cfg.o
LOAD .\CortexM3\ARM_GCC_541\Debug\cymetadata.o
LOAD .\CortexM3\ARM_GCC_541\Debug\Cm3Start.o
LOAD .\CortexM3\ARM_GCC_541\Debug\FreeRTOS_Demo.a
LOAD C:\Program Files (x86)\Cypress\PSoC Creator\4.1\PSoC Creator\psoc\content\cycomponentlibrary\CyComponentLibrary.cylib\CortexM3\ARM_GCC_541\Debug\CyComponentLibrary.a
END GROUP
START GROUP
LOAD c:/program files (x86)/cypress/psoc creator/4.1/psoc creator/import/gnu/arm/5.4.1/bin/../lib/gcc/arm-none-eabi/5.4.1/armv7-m\libgcc.a
LOAD c:/program files (x86)/cypress/psoc creator/4.1/psoc creator/import/gnu/arm/5.4.1/bin/../lib/gcc/arm-none-eabi/5.4.1/../../../../arm-none-eabi/lib/armv7-m\libg_nano.a
LOAD c:/program files (x86)/cypress/psoc creator/4.1/psoc creator/import/gnu/arm/5.4.1/bin/../lib/gcc/arm-none-eabi/5.4.1/../../../../arm-none-eabi/lib/armv7-m\libc_nano.a
END GROUP
START GROUP
LOAD c:/program files (x86)/cypress/psoc creator/4.1/psoc creator/import/gnu/arm/5.4.1/bin/../lib/gcc/arm-none-eabi/5.4.1/armv7-m\libgcc.a
LOAD c:/program files (x86)/cypress/psoc creator/4.1/psoc creator/import/gnu/arm/5.4.1/bin/../lib/gcc/arm-none-eabi/5.4.1/../../../../arm-none-eabi/lib/armv7-m\libc_nano.a
END GROUP
LOAD c:/program files (x86)/cypress/psoc creator/4.1/psoc creator/import/gnu/arm/5.4.1/bin/../lib/gcc/arm-none-eabi/5.4.1/armv7-m/crtend.o
LOAD c:/program files (x86)/cypress/psoc creator/4.1/psoc creator/import/gnu/arm/5.4.1/bin/../lib/gcc/arm-none-eabi/5.4.1/armv7-m/crtn.o
START GROUP
LOAD c:/program files (x86)/cypress/psoc creator/4.1/psoc creator/import/gnu/arm/5.4.1/bin/../lib/gcc/arm-none-eabi/5.4.1/armv7-m\libgcc.a
LOAD c:/program files (x86)/cypress/psoc creator/4.1/psoc creator/import/gnu/arm/5.4.1/bin/../lib/gcc/arm-none-eabi/5.4.1/../../../../arm-none-eabi/lib/armv7-m\libc.a
LOAD c:/program files (x86)/cypress/psoc creator/4.1/psoc creator/import/gnu/arm/5.4.1/bin/../lib/gcc/arm-none-eabi/5.4.1/../../../../arm-none-eabi/lib/armv7-m\libnosys.a
END GROUP
                0x00000000                CY_APPL_ORIGIN = 0x0
                0x00000100                CY_FLASH_ROW_SIZE = 0x100
                0x00000020                CY_ECC_ROW_SIZE = 0x20
                0x00000000                CY_EE_IN_BTLDR = 0x0
                0x00000000                CY_APPL_LOADABLE = 0x0
                0x00000800                CY_EE_SIZE = 0x800
                0x00000001                CY_APPL_NUM = 0x1
                0x00000001                CY_APPL_MAX = 0x1
                0x00000040                CY_METADATA_SIZE = 0x40
                0x00000000                CY_APPL_LOADABLE = 0x0
                0x00000000                CY_CHECKSUM_EXCLUDE_SIZE = ALIGN (0x0, CY_FLASH_ROW_SIZE)
                [!provide]                PROVIDE (__cy_heap_start, _end)
                0x00000001                PROVIDE (__cy_region_num, ((__cy_regions_end - __cy_regions) / 0x10))
                0x20008000                PROVIDE (__cy_stack, (ORIGIN (ram) + LENGTH (ram)))
                [!provide]                PROVIDE (__cy_heap_end, (__cy_stack - 0x400))

.cybootloader   0x00000000        0x0
 *(.cybootloader)
                0x00000000                appl1_start = CY_APPL_ORIGIN?CY_APPL_ORIGIN:ALIGN (CY_FLASH_ROW_SIZE)
                0x0001ff00                appl2_start = (appl1_start + ALIGN ((((LENGTH (rom) - appl1_start) - (0x2 * CY_FLASH_ROW_SIZE)) / 0x2), CY_FLASH_ROW_SIZE))
                0x00000000                appl_start = (CY_APPL_NUM == 0x1)?appl1_start:appl2_start
                0x00000000                ecc_offset = ((appl_start / CY_FLASH_ROW_SIZE) * CY_ECC_ROW_SIZE)
                0x00000000                ee_offset = (CY_APPL_LOADABLE && ! (CY_EE_IN_BTLDR))?((CY_EE_SIZE / CY_APPL_MAX) * (CY_APPL_NUM - 0x1)):0x0
                0x00000800                ee_size = (CY_APPL_LOADABLE && ! (CY_EE_IN_BTLDR))?(CY_EE_SIZE / CY_APPL_MAX):CY_EE_SIZE
                [!provide]                PROVIDE (CY_ECC_OFFSET, ecc_offset)

.text           0x00000000     0x56d0
 CREATE_OBJECT_SYMBOLS
                0x00000000                PROVIDE (__cy_interrupt_vector, RomVectors)
 *(.romvectors)
 .romvectors    0x00000000       0x10 .\CortexM3\ARM_GCC_541\Debug\Cm3Start.o
                0x00000000                RomVectors
                0x00000001                ASSERT ((. != __cy_interrupt_vector), No interrupt vector)
                0x00000001                ASSERT (CY_APPL_ORIGIN?(SIZEOF (.cybootloader) <= CY_APPL_ORIGIN):0x1, Wrong image location)
                0x00000010                PROVIDE (__cy_reset, Reset)
 *(.text.Reset)
 .text.Reset    0x00000010       0x18 .\CortexM3\ARM_GCC_541\Debug\Cm3Start.o
                0x00000010                Reset
                0x00000001                ASSERT ((. != __cy_reset), No reset code)
 *(.dma_init)
                0x00000001                ASSERT ((((appl_start + .) <= 0x10000) || 0x1), DMA Init must be within the first 64k of flash)
 *(.text .text.* .gnu.linkonce.t.*)
 .text          0x00000028       0x5c c:/program files (x86)/cypress/psoc creator/4.1/psoc creator/import/gnu/arm/5.4.1/bin/../lib/gcc/arm-none-eabi/5.4.1/armv7-m/crtbegin.o
 .text.vListInitialise
                0x00000084       0x40 .\CortexM3\ARM_GCC_541\Debug\list.o
                0x00000084                vListInitialise
 .text.vListInitialiseItem
                0x000000c4       0x18 .\CortexM3\ARM_GCC_541\Debug\list.o
                0x000000c4                vListInitialiseItem
 .text.vListInsertEnd
                0x000000dc       0x48 .\CortexM3\ARM_GCC_541\Debug\list.o
                0x000000dc                vListInsertEnd
 .text.vListInsert
                0x00000124       0x70 .\CortexM3\ARM_GCC_541\Debug\list.o
                0x00000124                vListInsert
 .text.uxListRemove
                0x00000194       0x54 .\CortexM3\ARM_GCC_541\Debug\list.o
                0x00000194                uxListRemove
 .text.xQueueGenericReset
                0x000001e8       0xb4 .\CortexM3\ARM_GCC_541\Debug\queue.o
                0x000001e8                xQueueGenericReset
 .text.xQueueGenericCreate
                0x0000029c       0x58 .\CortexM3\ARM_GCC_541\Debug\queue.o
                0x0000029c                xQueueGenericCreate
 .text.prvInitialiseNewQueue
                0x000002f4       0x40 .\CortexM3\ARM_GCC_541\Debug\queue.o
 .text.prvInitialiseMutex
                0x00000334       0x34 .\CortexM3\ARM_GCC_541\Debug\queue.o
 .text.xQueueCreateMutex
                0x00000368       0x30 .\CortexM3\ARM_GCC_541\Debug\queue.o
                0x00000368                xQueueCreateMutex
 .text.xQueueGenericSend
                0x00000398      0x154 .\CortexM3\ARM_GCC_541\Debug\queue.o
                0x00000398                xQueueGenericSend
 .text.xQueueGenericSendFromISR
                0x000004ec       0xb0 .\CortexM3\ARM_GCC_541\Debug\queue.o
                0x000004ec                xQueueGenericSendFromISR
 .text.xQueueReceive
                0x0000059c      0x144 .\CortexM3\ARM_GCC_541\Debug\queue.o
                0x0000059c                xQueueReceive
 .text.xQueueSemaphoreTake
                0x000006e0      0x190 .\CortexM3\ARM_GCC_541\Debug\queue.o
                0x000006e0                xQueueSemaphoreTake
 .text.xQueueReceiveFromISR
                0x00000870       0xac .\CortexM3\ARM_GCC_541\Debug\queue.o
                0x00000870                xQueueReceiveFromISR
 .text.prvGetDisinheritPriorityAfterTimeout
                0x0000091c       0x30 .\CortexM3\ARM_GCC_541\Debug\queue.o
 .text.prvCopyDataToQueue
                0x0000094c       0xd4 .\CortexM3\ARM_GCC_541\Debug\queue.o
 .text.prvCopyDataFromQueue
                0x00000a20       0x4c .\CortexM3\ARM_GCC_541\Debug\queue.o
 .text.prvUnlockQueue
                0x00000a6c       0xa4 .\CortexM3\ARM_GCC_541\Debug\queue.o
 .text.prvIsQueueEmpty
                0x00000b10       0x2c .\CortexM3\ARM_GCC_541\Debug\queue.o
 .text.prvIsQueueFull
                0x00000b3c       0x30 .\CortexM3\ARM_GCC_541\Debug\queue.o
 .text.xTaskCreate
                0x00000b6c       0x84 .\CortexM3\ARM_GCC_541\Debug\tasks.o
                0x00000b6c                xTaskCreate
 .text.prvInitialiseNewTask
                0x00000bf0       0xf0 .\CortexM3\ARM_GCC_541\Debug\tasks.o
 .text.prvAddNewTaskToReadyList
                0x00000ce0       0xd4 .\CortexM3\ARM_GCC_541\Debug\tasks.o
 .text.vTaskDelay
                0x00000db4       0x48 .\CortexM3\ARM_GCC_541\Debug\tasks.o
                0x00000db4                vTaskDelay
 .text.vTaskStartScheduler
                0x00000dfc       0x6c .\CortexM3\ARM_GCC_541\Debug\tasks.o
                0x00000dfc                vTaskStartScheduler
 .text.vTaskSuspendAll
                0x00000e68       0x1c .\CortexM3\ARM_GCC_541\Debug\tasks.o
                0x00000e68                vTaskSuspendAll
 .text.xTaskResumeAll
                0x00000e84      0x11c .\CortexM3\ARM_GCC_541\Debug\tasks.o
                0x00000e84                xTaskResumeAll
 .text.xTaskIncrementTick
                0x00000fa0      0x150 .\CortexM3\ARM_GCC_541\Debug\tasks.o
                0x00000fa0                xTaskIncrementTick
 .text.vTaskSwitchContext
                0x000010f0       0xd8 .\CortexM3\ARM_GCC_541\Debug\tasks.o
                0x000010f0                vTaskSwitchContext
 .text.vTaskPlaceOnEventList
                0x000011c8       0x2c .\CortexM3\ARM_GCC_541\Debug\tasks.o
                0x000011c8                vTaskPlaceOnEventList
 .text.xTaskRemoveFromEventList
                0x000011f4       0xa8 .\CortexM3\ARM_GCC_541\Debug\tasks.o
                0x000011f4                xTaskRemoveFromEventList
 .text.vTaskInternalSetTimeOutState
                0x0000129c       0x2c .\CortexM3\ARM_GCC_541\Debug\tasks.o
                0x0000129c                vTaskInternalSetTimeOutState
 .text.xTaskCheckForTimeOut
                0x000012c8       0x8c .\CortexM3\ARM_GCC_541\Debug\tasks.o
                0x000012c8                xTaskCheckForTimeOut
 .text.vTaskMissedYield
                0x00001354       0x18 .\CortexM3\ARM_GCC_541\Debug\tasks.o
                0x00001354                vTaskMissedYield
 .text.prvIdleTask
                0x0000136c       0x10 .\CortexM3\ARM_GCC_541\Debug\tasks.o
 .text.prvInitialiseTaskLists
                0x0000137c       0x80 .\CortexM3\ARM_GCC_541\Debug\tasks.o
 .text.prvCheckTasksWaitingTermination
                0x000013fc       0x58 .\CortexM3\ARM_GCC_541\Debug\tasks.o
 .text.prvDeleteTCB
                0x00001454       0x20 .\CortexM3\ARM_GCC_541\Debug\tasks.o
 .text.prvResetNextTaskUnblockTime
                0x00001474       0x40 .\CortexM3\ARM_GCC_541\Debug\tasks.o
 .text.xTaskPriorityInherit
                0x000014b4      0x100 .\CortexM3\ARM_GCC_541\Debug\tasks.o
                0x000014b4                xTaskPriorityInherit
 .text.xTaskPriorityDisinherit
                0x000015b4       0xc8 .\CortexM3\ARM_GCC_541\Debug\tasks.o
                0x000015b4                xTaskPriorityDisinherit
 .text.vTaskPriorityDisinheritAfterTimeout
                0x0000167c       0xf0 .\CortexM3\ARM_GCC_541\Debug\tasks.o
                0x0000167c                vTaskPriorityDisinheritAfterTimeout
 .text.pvTaskIncrementMutexHeldCount
                0x0000176c       0x28 .\CortexM3\ARM_GCC_541\Debug\tasks.o
                0x0000176c                pvTaskIncrementMutexHeldCount
 .text.prvAddCurrentTaskToDelayedList
                0x00001794       0xcc .\CortexM3\ARM_GCC_541\Debug\tasks.o
 .text.pxPortInitialiseStack
                0x00001860       0x58 .\CortexM3\ARM_GCC_541\Debug\port.o
                0x00001860                pxPortInitialiseStack
 .text.prvTaskExitError
                0x000018b8       0x30 .\CortexM3\ARM_GCC_541\Debug\port.o
 *fill*         0x000018e8        0x8 
 .text.vPortSVCHandler
                0x000018f0       0x28 .\CortexM3\ARM_GCC_541\Debug\port.o
                0x000018f0                vPortSVCHandler
 .text.prvPortStartFirstTask
                0x00001918       0x20 .\CortexM3\ARM_GCC_541\Debug\port.o
 .text.xPortStartScheduler
                0x00001938       0x40 .\CortexM3\ARM_GCC_541\Debug\port.o
                0x00001938                xPortStartScheduler
 .text.vPortEnterCritical
                0x00001978       0x30 .\CortexM3\ARM_GCC_541\Debug\port.o
                0x00001978                vPortEnterCritical
 .text.vPortExitCritical
                0x000019a8       0x30 .\CortexM3\ARM_GCC_541\Debug\port.o
                0x000019a8                vPortExitCritical
 *fill*         0x000019d8        0x8 
 .text.xPortPendSVHandler
                0x000019e0       0x48 .\CortexM3\ARM_GCC_541\Debug\port.o
                0x000019e0                xPortPendSVHandler
 .text.xPortSysTickHandler
                0x00001a28       0x40 .\CortexM3\ARM_GCC_541\Debug\port.o
                0x00001a28                xPortSysTickHandler
 .text.vPortSetupTimerInterrupt
                0x00001a68       0x34 .\CortexM3\ARM_GCC_541\Debug\port.o
                0x00001a68                vPortSetupTimerInterrupt
 .text.pvPortMalloc
                0x00001a9c      0x124 .\CortexM3\ARM_GCC_541\Debug\heap_2.o
                0x00001a9c                pvPortMalloc
 .text.vPortFree
                0x00001bc0       0x74 .\CortexM3\ARM_GCC_541\Debug\heap_2.o
                0x00001bc0                vPortFree
 .text.prvHeapInit
                0x00001c34       0x50 .\CortexM3\ARM_GCC_541\Debug\heap_2.o
 .text.main     0x00001c84       0xc4 .\CortexM3\ARM_GCC_541\Debug\main.o
                0x00001c84                main
 .text.receive_data
                0x00001d48      0x280 .\CortexM3\ARM_GCC_541\Debug\main.o
                0x00001d48                receive_data
 .text.PID_initialise
                0x00001fc8       0xf0 .\CortexM3\ARM_GCC_541\Debug\main.o
                0x00001fc8                PID_initialise
 .text.prvHardwareSetup
                0x000020b8       0xa0 .\CortexM3\ARM_GCC_541\Debug\main.o
 .text.vApplicationStackOverflowHook
                0x00002158       0x20 .\CortexM3\ARM_GCC_541\Debug\main.o
                0x00002158                vApplicationStackOverflowHook
 .text.vApplicationMallocFailedHook
                0x00002178       0x1c .\CortexM3\ARM_GCC_541\Debug\main.o
                0x00002178                vApplicationMallocFailedHook
 .text.xSerialPortInitMinimal
                0x00002194       0x74 .\CortexM3\ARM_GCC_541\Debug\Serial.o
                0x00002194                xSerialPortInitMinimal
 .text.vSerialPutString
                0x00002208       0x58 .\CortexM3\ARM_GCC_541\Debug\Serial.o
                0x00002208                vSerialPutString
 .text.xSerialGetChar
                0x00002260       0x38 .\CortexM3\ARM_GCC_541\Debug\Serial.o
                0x00002260                xSerialGetChar
 .text.xSerialPutChar
                0x00002298       0x50 .\CortexM3\ARM_GCC_541\Debug\Serial.o
                0x00002298                xSerialPutChar
 .text.vUartRxISR
                0x000022e8       0x90 .\CortexM3\ARM_GCC_541\Debug\Serial.o
                0x000022e8                vUartRxISR
 .text.vUartTxISR
                0x00002378       0xb0 .\CortexM3\ARM_GCC_541\Debug\Serial.o
                0x00002378                vUartTxISR
 .text.turn_wheel
                0x00002428       0xb4 .\CortexM3\ARM_GCC_541\Debug\movement.o
                0x00002428                turn_wheel
 .text.mov_update_error
                0x000024dc       0xc8 .\CortexM3\ARM_GCC_541\Debug\movement.o
                0x000024dc                mov_update_error
 .text.mov_get_PID
                0x000025a4      0x1dc .\CortexM3\ARM_GCC_541\Debug\movement.o
                0x000025a4                mov_get_PID
 .text.mov_Adj_Volt
                0x00002780       0x2c .\CortexM3\ARM_GCC_541\Debug\movement.o
                0x00002780                mov_Adj_Volt
 .text.initialise_wheel_data
                0x000027ac       0x48 .\CortexM3\ARM_GCC_541\Debug\movement.o
                0x000027ac                initialise_wheel_data
 .text.update_inc
                0x000027f4       0xb4 .\CortexM3\ARM_GCC_541\Debug\movement.o
                0x000027f4                update_inc
 .text.update_k
                0x000028a8       0xd8 .\CortexM3\ARM_GCC_541\Debug\movement.o
                0x000028a8                update_k
 .text.CYMEMZERO
                0x00002980       0x1c .\CortexM3\ARM_GCC_541\Debug\cyfitter_cfg.o
 .text.CYCONFIGCPY
                0x0000299c       0x20 .\CortexM3\ARM_GCC_541\Debug\cyfitter_cfg.o
 .text.CyClockStartupError
                0x000029bc        0xc .\CortexM3\ARM_GCC_541\Debug\cyfitter_cfg.o
 .text.cfg_write_bytes32
                0x000029c8       0x74 .\CortexM3\ARM_GCC_541\Debug\cyfitter_cfg.o
 .text.ClockSetup
                0x00002a3c      0x13c .\CortexM3\ARM_GCC_541\Debug\cyfitter_cfg.o
 .text.AnalogSetDefault
                0x00002b78       0x44 .\CortexM3\ARM_GCC_541\Debug\cyfitter_cfg.o
 .text.cyfitter_cfg
                0x00002bbc      0x1b0 .\CortexM3\ARM_GCC_541\Debug\cyfitter_cfg.o
                0x00002bbc                cyfitter_cfg
 .text.IntDefaultHandler
                0x00002d6c       0x14 .\CortexM3\ARM_GCC_541\Debug\Cm3Start.o
                0x00002d6c                IntDefaultHandler
 .text._sbrk    0x00002d80       0x50 .\CortexM3\ARM_GCC_541\Debug\Cm3Start.o
                0x00002d80                _sbrk
 .text.Start_c  0x00002dd0       0x98 .\CortexM3\ARM_GCC_541\Debug\Cm3Start.o
                0x00002dd0                Start_c
 .text.initialize_psoc
                0x00002e68       0x90 .\CortexM3\ARM_GCC_541\Debug\Cm3Start.o
                0x00002e68                initialize_psoc
 .text.UART_1_Start
                0x00002ef8       0x24 .\CortexM3\ARM_GCC_541\Debug\FreeRTOS_Demo.a(UART_1.o)
                0x00002ef8                UART_1_Start
 .text.UART_1_Init
                0x00002f1c       0x58 .\CortexM3\ARM_GCC_541\Debug\FreeRTOS_Demo.a(UART_1.o)
                0x00002f1c                UART_1_Init
 .text.UART_1_Enable
                0x00002f74       0x68 .\CortexM3\ARM_GCC_541\Debug\FreeRTOS_Demo.a(UART_1.o)
                0x00002f74                UART_1_Enable
 .text.UART_1_ReadRxStatus
                0x00002fdc       0x40 .\CortexM3\ARM_GCC_541\Debug\FreeRTOS_Demo.a(UART_1.o)
                0x00002fdc                UART_1_ReadRxStatus
 .text.UART_1_GetChar
                0x0000301c       0xb8 .\CortexM3\ARM_GCC_541\Debug\FreeRTOS_Demo.a(UART_1.o)
                0x0000301c                UART_1_GetChar
 .text.UART_1_SetTxInterruptMode
                0x000030d4       0x20 .\CortexM3\ARM_GCC_541\Debug\FreeRTOS_Demo.a(UART_1.o)
                0x000030d4                UART_1_SetTxInterruptMode
 .text.UART_1_ReadTxStatus
                0x000030f4       0x18 .\CortexM3\ARM_GCC_541\Debug\FreeRTOS_Demo.a(UART_1.o)
                0x000030f4                UART_1_ReadTxStatus
 .text.UART_1_PutChar
                0x0000310c       0x34 .\CortexM3\ARM_GCC_541\Debug\FreeRTOS_Demo.a(UART_1.o)
                0x0000310c                UART_1_PutChar
 .text.UART_1_RXISR
                0x00003140       0xdc .\CortexM3\ARM_GCC_541\Debug\FreeRTOS_Demo.a(UART_1_INT.o)
                0x00003140                UART_1_RXISR
 .text.isr_UART1_TX_BYTE_COMPLETE_StartEx
                0x0000321c       0x24 .\CortexM3\ARM_GCC_541\Debug\FreeRTOS_Demo.a(isr_UART1_TX_BYTE_COMPLETE.o)
                0x0000321c                isr_UART1_TX_BYTE_COMPLETE_StartEx
 .text.isr_UART1_TX_BYTE_COMPLETE_SetVector
                0x00003240       0x24 .\CortexM3\ARM_GCC_541\Debug\FreeRTOS_Demo.a(isr_UART1_TX_BYTE_COMPLETE.o)
                0x00003240                isr_UART1_TX_BYTE_COMPLETE_SetVector
 .text.isr_UART1_TX_BYTE_COMPLETE_SetPriority
                0x00003264       0x24 .\CortexM3\ARM_GCC_541\Debug\FreeRTOS_Demo.a(isr_UART1_TX_BYTE_COMPLETE.o)
                0x00003264                isr_UART1_TX_BYTE_COMPLETE_SetPriority
 .text.isr_UART1_TX_BYTE_COMPLETE_Enable
                0x00003288       0x18 .\CortexM3\ARM_GCC_541\Debug\FreeRTOS_Demo.a(isr_UART1_TX_BYTE_COMPLETE.o)
                0x00003288                isr_UART1_TX_BYTE_COMPLETE_Enable
 .text.isr_UART1_TX_BYTE_COMPLETE_Disable
                0x000032a0       0x18 .\CortexM3\ARM_GCC_541\Debug\FreeRTOS_Demo.a(isr_UART1_TX_BYTE_COMPLETE.o)
                0x000032a0                isr_UART1_TX_BYTE_COMPLETE_Disable
 .text.isr_UART1_TX_BYTE_COMPLETE_ClearPending
                0x000032b8       0x18 .\CortexM3\ARM_GCC_541\Debug\FreeRTOS_Demo.a(isr_UART1_TX_BYTE_COMPLETE.o)
                0x000032b8                isr_UART1_TX_BYTE_COMPLETE_ClearPending
 .text.isr_UART1_RX_BYTE_RECEIVED_StartEx
                0x000032d0       0x24 .\CortexM3\ARM_GCC_541\Debug\FreeRTOS_Demo.a(isr_UART1_RX_BYTE_RECEIVED.o)
                0x000032d0                isr_UART1_RX_BYTE_RECEIVED_StartEx
 .text.isr_UART1_RX_BYTE_RECEIVED_SetVector
                0x000032f4       0x24 .\CortexM3\ARM_GCC_541\Debug\FreeRTOS_Demo.a(isr_UART1_RX_BYTE_RECEIVED.o)
                0x000032f4                isr_UART1_RX_BYTE_RECEIVED_SetVector
 .text.isr_UART1_RX_BYTE_RECEIVED_SetPriority
                0x00003318       0x24 .\CortexM3\ARM_GCC_541\Debug\FreeRTOS_Demo.a(isr_UART1_RX_BYTE_RECEIVED.o)
                0x00003318                isr_UART1_RX_BYTE_RECEIVED_SetPriority
 .text.isr_UART1_RX_BYTE_RECEIVED_Enable
                0x0000333c       0x18 .\CortexM3\ARM_GCC_541\Debug\FreeRTOS_Demo.a(isr_UART1_RX_BYTE_RECEIVED.o)
                0x0000333c                isr_UART1_RX_BYTE_RECEIVED_Enable
 .text.isr_UART1_RX_BYTE_RECEIVED_Disable
                0x00003354       0x18 .\CortexM3\ARM_GCC_541\Debug\FreeRTOS_Demo.a(isr_UART1_RX_BYTE_RECEIVED.o)
                0x00003354                isr_UART1_RX_BYTE_RECEIVED_Disable
 .text.isr_UART1_RX_BYTE_RECEIVED_ClearPending
                0x0000336c       0x18 .\CortexM3\ARM_GCC_541\Debug\FreeRTOS_Demo.a(isr_UART1_RX_BYTE_RECEIVED.o)
                0x0000336c                isr_UART1_RX_BYTE_RECEIVED_ClearPending
 .text.Clock_1_Start
                0x00003384       0x34 .\CortexM3\ARM_GCC_541\Debug\FreeRTOS_Demo.a(Clock_1.o)
                0x00003384                Clock_1_Start
 .text.UART_1_IntClock_Start
                0x000033b8       0x34 .\CortexM3\ARM_GCC_541\Debug\FreeRTOS_Demo.a(UART_1_IntClock.o)
                0x000033b8                UART_1_IntClock_Start
 .text.CyHalt   0x000033ec       0x18 .\CortexM3\ARM_GCC_541\Debug\FreeRTOS_Demo.a(CyLib.o)
                0x000033ec                CyHalt
 .text.CySoftwareReset
                0x00003404       0x20 .\CortexM3\ARM_GCC_541\Debug\FreeRTOS_Demo.a(CyLib.o)
                0x00003404                CySoftwareReset
 .text.CyDelay  0x00003424       0x44 .\CortexM3\ARM_GCC_541\Debug\FreeRTOS_Demo.a(CyLib.o)
                0x00003424                CyDelay
 .text.CyIntSetVector
                0x00003468       0x50 .\CortexM3\ARM_GCC_541\Debug\FreeRTOS_Demo.a(CyLib.o)
                0x00003468                CyIntSetVector
 .text.CyIntSetPriority
                0x000034b8       0x48 .\CortexM3\ARM_GCC_541\Debug\FreeRTOS_Demo.a(CyLib.o)
                0x000034b8                CyIntSetPriority
 .text.PWM_M1_Start
                0x00003500       0x24 .\CortexM3\ARM_GCC_541\Debug\FreeRTOS_Demo.a(PWM_M1.o)
                0x00003500                PWM_M1_Start
 .text.PWM_M1_Init
                0x00003524       0x98 .\CortexM3\ARM_GCC_541\Debug\FreeRTOS_Demo.a(PWM_M1.o)
                0x00003524                PWM_M1_Init
 .text.PWM_M1_Enable
                0x000035bc       0x20 .\CortexM3\ARM_GCC_541\Debug\FreeRTOS_Demo.a(PWM_M1.o)
                0x000035bc                PWM_M1_Enable
 .text.PWM_M1_WriteCounter
                0x000035dc       0x20 .\CortexM3\ARM_GCC_541\Debug\FreeRTOS_Demo.a(PWM_M1.o)
                0x000035dc                PWM_M1_WriteCounter
 .text.PWM_M1_ClearFIFO
                0x000035fc       0x1c .\CortexM3\ARM_GCC_541\Debug\FreeRTOS_Demo.a(PWM_M1.o)
                0x000035fc                PWM_M1_ClearFIFO
 .text.PWM_M1_WritePeriod
                0x00003618       0x20 .\CortexM3\ARM_GCC_541\Debug\FreeRTOS_Demo.a(PWM_M1.o)
                0x00003618                PWM_M1_WritePeriod
 .text.PWM_M1_WriteCompare
                0x00003638       0x20 .\CortexM3\ARM_GCC_541\Debug\FreeRTOS_Demo.a(PWM_M1.o)
                0x00003638                PWM_M1_WriteCompare
 .text.PWM_M1_SetInterruptMode
                0x00003658       0x20 .\CortexM3\ARM_GCC_541\Debug\FreeRTOS_Demo.a(PWM_M1.o)
                0x00003658                PWM_M1_SetInterruptMode
 .text.PWM_M1_ReadStatusRegister
                0x00003678       0x18 .\CortexM3\ARM_GCC_541\Debug\FreeRTOS_Demo.a(PWM_M1.o)
                0x00003678                PWM_M1_ReadStatusRegister
 .text.PWM_M1_ReadCapture
                0x00003690       0x18 .\CortexM3\ARM_GCC_541\Debug\FreeRTOS_Demo.a(PWM_M1.o)
                0x00003690                PWM_M1_ReadCapture
 .text.MClock_Start
                0x000036a8       0x34 .\CortexM3\ARM_GCC_541\Debug\FreeRTOS_Demo.a(MClock.o)
                0x000036a8                MClock_Start
 .text.M1_FWD_Write
                0x000036dc       0x3c .\CortexM3\ARM_GCC_541\Debug\FreeRTOS_Demo.a(M1_FWD.o)
                0x000036dc                M1_FWD_Write
 .text.M1_BWD_Write
                0x00003718       0x3c .\CortexM3\ARM_GCC_541\Debug\FreeRTOS_Demo.a(M1_BWD.o)
                0x00003718                M1_BWD_Write
 .text.PWM_M2_Start
                0x00003754       0x24 .\CortexM3\ARM_GCC_541\Debug\FreeRTOS_Demo.a(PWM_M2.o)
                0x00003754                PWM_M2_Start
 .text.PWM_M2_Init
                0x00003778       0x94 .\CortexM3\ARM_GCC_541\Debug\FreeRTOS_Demo.a(PWM_M2.o)
                0x00003778                PWM_M2_Init
 .text.PWM_M2_Enable
                0x0000380c       0x20 .\CortexM3\ARM_GCC_541\Debug\FreeRTOS_Demo.a(PWM_M2.o)
                0x0000380c                PWM_M2_Enable
 .text.PWM_M2_WriteCounter
                0x0000382c       0x20 .\CortexM3\ARM_GCC_541\Debug\FreeRTOS_Demo.a(PWM_M2.o)
                0x0000382c                PWM_M2_WriteCounter
 .text.PWM_M2_ClearFIFO
                0x0000384c       0x1c .\CortexM3\ARM_GCC_541\Debug\FreeRTOS_Demo.a(PWM_M2.o)
                0x0000384c                PWM_M2_ClearFIFO
 .text.PWM_M2_WritePeriod
                0x00003868       0x20 .\CortexM3\ARM_GCC_541\Debug\FreeRTOS_Demo.a(PWM_M2.o)
                0x00003868                PWM_M2_WritePeriod
 .text.PWM_M2_WriteCompare
                0x00003888       0x20 .\CortexM3\ARM_GCC_541\Debug\FreeRTOS_Demo.a(PWM_M2.o)
                0x00003888                PWM_M2_WriteCompare
 .text.PWM_M2_SetInterruptMode
                0x000038a8       0x20 .\CortexM3\ARM_GCC_541\Debug\FreeRTOS_Demo.a(PWM_M2.o)
                0x000038a8                PWM_M2_SetInterruptMode
 .text.PWM_M2_ReadStatusRegister
                0x000038c8       0x18 .\CortexM3\ARM_GCC_541\Debug\FreeRTOS_Demo.a(PWM_M2.o)
                0x000038c8                PWM_M2_ReadStatusRegister
 .text.PWM_M2_ReadCapture
                0x000038e0       0x18 .\CortexM3\ARM_GCC_541\Debug\FreeRTOS_Demo.a(PWM_M2.o)
                0x000038e0                PWM_M2_ReadCapture
 .text.M2_FWD_Write
                0x000038f8       0x3c .\CortexM3\ARM_GCC_541\Debug\FreeRTOS_Demo.a(M2_FWD.o)
                0x000038f8                M2_FWD_Write
 .text.M2_BWD_Write
                0x00003934       0x3c .\CortexM3\ARM_GCC_541\Debug\FreeRTOS_Demo.a(M2_BWD.o)
                0x00003934                M2_BWD_Write
 .text.Standby_Write
                0x00003970       0x3c .\CortexM3\ARM_GCC_541\Debug\FreeRTOS_Demo.a(Standby.o)
                0x00003970                Standby_Write
 .text.M1QuadDec_Init
                0x000039ac       0x28 .\CortexM3\ARM_GCC_541\Debug\FreeRTOS_Demo.a(M1QuadDec.o)
                0x000039ac                M1QuadDec_Init
 .text.M1QuadDec_Enable
                0x000039d4       0x48 .\CortexM3\ARM_GCC_541\Debug\FreeRTOS_Demo.a(M1QuadDec.o)
                0x000039d4                M1QuadDec_Enable
 .text.M1QuadDec_Start
                0x00003a1c       0x38 .\CortexM3\ARM_GCC_541\Debug\FreeRTOS_Demo.a(M1QuadDec.o)
                0x00003a1c                M1QuadDec_Start
 .text.M1QuadDec_GetCounter
                0x00003a54       0x48 .\CortexM3\ARM_GCC_541\Debug\FreeRTOS_Demo.a(M1QuadDec.o)
                0x00003a54                M1QuadDec_GetCounter
 .text.M1QuadDec_SetCounter
                0x00003a9c       0x38 .\CortexM3\ARM_GCC_541\Debug\FreeRTOS_Demo.a(M1QuadDec.o)
                0x00003a9c                M1QuadDec_SetCounter
 .text.M1QuadDec_GetEvents
                0x00003ad4       0x1c .\CortexM3\ARM_GCC_541\Debug\FreeRTOS_Demo.a(M1QuadDec.o)
                0x00003ad4                M1QuadDec_GetEvents
 .text.M1QuadDec_SetInterruptMask
                0x00003af0       0x28 .\CortexM3\ARM_GCC_541\Debug\FreeRTOS_Demo.a(M1QuadDec.o)
                0x00003af0                M1QuadDec_SetInterruptMask
 .text.M1QuadDec_ISR
                0x00003b18       0x60 .\CortexM3\ARM_GCC_541\Debug\FreeRTOS_Demo.a(M1QuadDec_INT.o)
                0x00003b18                M1QuadDec_ISR
 .text.M1Clock_Start
                0x00003b78       0x34 .\CortexM3\ARM_GCC_541\Debug\FreeRTOS_Demo.a(M1Clock.o)
                0x00003b78                M1Clock_Start
 .text.M2QuadDec_Init
                0x00003bac       0x28 .\CortexM3\ARM_GCC_541\Debug\FreeRTOS_Demo.a(M2QuadDec.o)
                0x00003bac                M2QuadDec_Init
 .text.M2QuadDec_Enable
                0x00003bd4       0x48 .\CortexM3\ARM_GCC_541\Debug\FreeRTOS_Demo.a(M2QuadDec.o)
                0x00003bd4                M2QuadDec_Enable
 .text.M2QuadDec_Start
                0x00003c1c       0x38 .\CortexM3\ARM_GCC_541\Debug\FreeRTOS_Demo.a(M2QuadDec.o)
                0x00003c1c                M2QuadDec_Start
 .text.M2QuadDec_GetCounter
                0x00003c54       0x48 .\CortexM3\ARM_GCC_541\Debug\FreeRTOS_Demo.a(M2QuadDec.o)
                0x00003c54                M2QuadDec_GetCounter
 .text.M2QuadDec_SetCounter
                0x00003c9c       0x38 .\CortexM3\ARM_GCC_541\Debug\FreeRTOS_Demo.a(M2QuadDec.o)
                0x00003c9c                M2QuadDec_SetCounter
 .text.M2QuadDec_GetEvents
                0x00003cd4       0x1c .\CortexM3\ARM_GCC_541\Debug\FreeRTOS_Demo.a(M2QuadDec.o)
                0x00003cd4                M2QuadDec_GetEvents
 .text.M2QuadDec_SetInterruptMask
                0x00003cf0       0x28 .\CortexM3\ARM_GCC_541\Debug\FreeRTOS_Demo.a(M2QuadDec.o)
                0x00003cf0                M2QuadDec_SetInterruptMask
 .text.M2QuadDec_ISR
                0x00003d18       0x60 .\CortexM3\ARM_GCC_541\Debug\FreeRTOS_Demo.a(M2QuadDec_INT.o)
                0x00003d18                M2QuadDec_ISR
 .text.M1QuadDec_Cnt16_Init
                0x00003d78       0x80 .\CortexM3\ARM_GCC_541\Debug\FreeRTOS_Demo.a(M1QuadDec_Cnt16.o)
                0x00003d78                M1QuadDec_Cnt16_Init
 .text.M1QuadDec_Cnt16_Enable
                0x00003df8       0x20 .\CortexM3\ARM_GCC_541\Debug\FreeRTOS_Demo.a(M1QuadDec_Cnt16.o)
                0x00003df8                M1QuadDec_Cnt16_Enable
 .text.M1QuadDec_Cnt16_Start
                0x00003e18       0x24 .\CortexM3\ARM_GCC_541\Debug\FreeRTOS_Demo.a(M1QuadDec_Cnt16.o)
                0x00003e18                M1QuadDec_Cnt16_Start
 .text.M1QuadDec_Cnt16_SetInterruptMode
                0x00003e3c       0x20 .\CortexM3\ARM_GCC_541\Debug\FreeRTOS_Demo.a(M1QuadDec_Cnt16.o)
                0x00003e3c                M1QuadDec_Cnt16_SetInterruptMode
 .text.M1QuadDec_Cnt16_ReadStatusRegister
                0x00003e5c       0x18 .\CortexM3\ARM_GCC_541\Debug\FreeRTOS_Demo.a(M1QuadDec_Cnt16.o)
                0x00003e5c                M1QuadDec_Cnt16_ReadStatusRegister
 .text.M1QuadDec_Cnt16_WriteCounter
                0x00003e74       0x20 .\CortexM3\ARM_GCC_541\Debug\FreeRTOS_Demo.a(M1QuadDec_Cnt16.o)
                0x00003e74                M1QuadDec_Cnt16_WriteCounter
 .text.M1QuadDec_Cnt16_ReadCounter
                0x00003e94       0x20 .\CortexM3\ARM_GCC_541\Debug\FreeRTOS_Demo.a(M1QuadDec_Cnt16.o)
                0x00003e94                M1QuadDec_Cnt16_ReadCounter
 .text.M1QuadDec_Cnt16_ReadCapture
                0x00003eb4       0x18 .\CortexM3\ARM_GCC_541\Debug\FreeRTOS_Demo.a(M1QuadDec_Cnt16.o)
                0x00003eb4                M1QuadDec_Cnt16_ReadCapture
 .text.M1QuadDec_Cnt16_WritePeriod
                0x00003ecc       0x20 .\CortexM3\ARM_GCC_541\Debug\FreeRTOS_Demo.a(M1QuadDec_Cnt16.o)
                0x00003ecc                M1QuadDec_Cnt16_WritePeriod
 .text.M1QuadDec_Cnt16_WriteCompare
                0x00003eec       0x20 .\CortexM3\ARM_GCC_541\Debug\FreeRTOS_Demo.a(M1QuadDec_Cnt16.o)
                0x00003eec                M1QuadDec_Cnt16_WriteCompare
 .text.M1QuadDec_Cnt16_ClearFIFO
                0x00003f0c       0x1c .\CortexM3\ARM_GCC_541\Debug\FreeRTOS_Demo.a(M1QuadDec_Cnt16.o)
                0x00003f0c                M1QuadDec_Cnt16_ClearFIFO
 .text.M2QuadDec_Cnt16_Init
                0x00003f28       0x80 .\CortexM3\ARM_GCC_541\Debug\FreeRTOS_Demo.a(M2QuadDec_Cnt16.o)
                0x00003f28                M2QuadDec_Cnt16_Init
 .text.M2QuadDec_Cnt16_Enable
                0x00003fa8       0x20 .\CortexM3\ARM_GCC_541\Debug\FreeRTOS_Demo.a(M2QuadDec_Cnt16.o)
                0x00003fa8                M2QuadDec_Cnt16_Enable
 .text.M2QuadDec_Cnt16_Start
                0x00003fc8       0x24 .\CortexM3\ARM_GCC_541\Debug\FreeRTOS_Demo.a(M2QuadDec_Cnt16.o)
                0x00003fc8                M2QuadDec_Cnt16_Start
 .text.M2QuadDec_Cnt16_SetInterruptMode
                0x00003fec       0x20 .\CortexM3\ARM_GCC_541\Debug\FreeRTOS_Demo.a(M2QuadDec_Cnt16.o)
                0x00003fec                M2QuadDec_Cnt16_SetInterruptMode
 .text.M2QuadDec_Cnt16_ReadStatusRegister
                0x0000400c       0x18 .\CortexM3\ARM_GCC_541\Debug\FreeRTOS_Demo.a(M2QuadDec_Cnt16.o)
                0x0000400c                M2QuadDec_Cnt16_ReadStatusRegister
 .text.M2QuadDec_Cnt16_WriteCounter
                0x00004024       0x20 .\CortexM3\ARM_GCC_541\Debug\FreeRTOS_Demo.a(M2QuadDec_Cnt16.o)
                0x00004024                M2QuadDec_Cnt16_WriteCounter
 .text.M2QuadDec_Cnt16_ReadCounter
                0x00004044       0x20 .\CortexM3\ARM_GCC_541\Debug\FreeRTOS_Demo.a(M2QuadDec_Cnt16.o)
                0x00004044                M2QuadDec_Cnt16_ReadCounter
 .text.M2QuadDec_Cnt16_ReadCapture
                0x00004064       0x18 .\CortexM3\ARM_GCC_541\Debug\FreeRTOS_Demo.a(M2QuadDec_Cnt16.o)
                0x00004064                M2QuadDec_Cnt16_ReadCapture
 .text.M2QuadDec_Cnt16_WritePeriod
                0x0000407c       0x20 .\CortexM3\ARM_GCC_541\Debug\FreeRTOS_Demo.a(M2QuadDec_Cnt16.o)
                0x0000407c                M2QuadDec_Cnt16_WritePeriod
 .text.M2QuadDec_Cnt16_WriteCompare
                0x0000409c       0x20 .\CortexM3\ARM_GCC_541\Debug\FreeRTOS_Demo.a(M2QuadDec_Cnt16.o)
                0x0000409c                M2QuadDec_Cnt16_WriteCompare
 .text.M2QuadDec_Cnt16_ClearFIFO
                0x000040bc       0x1c .\CortexM3\ARM_GCC_541\Debug\FreeRTOS_Demo.a(M2QuadDec_Cnt16.o)
                0x000040bc                M2QuadDec_Cnt16_ClearFIFO
 .text.Timer_1_Init
                0x000040d8       0x4c .\CortexM3\ARM_GCC_541\Debug\FreeRTOS_Demo.a(Timer_1.o)
                0x000040d8                Timer_1_Init
 .text.Timer_1_Enable
                0x00004124       0x20 .\CortexM3\ARM_GCC_541\Debug\FreeRTOS_Demo.a(Timer_1.o)
                0x00004124                Timer_1_Enable
 .text.Timer_1_Start
                0x00004144       0x24 .\CortexM3\ARM_GCC_541\Debug\FreeRTOS_Demo.a(Timer_1.o)
                0x00004144                Timer_1_Start
 .text.Timer_1_SetInterruptMode
                0x00004168       0x20 .\CortexM3\ARM_GCC_541\Debug\FreeRTOS_Demo.a(Timer_1.o)
                0x00004168                Timer_1_SetInterruptMode
 .text.Timer_1_ReadStatusRegister
                0x00004188       0x18 .\CortexM3\ARM_GCC_541\Debug\FreeRTOS_Demo.a(Timer_1.o)
                0x00004188                Timer_1_ReadStatusRegister
 .text.Timer_1_WritePeriod
                0x000041a0       0x1c .\CortexM3\ARM_GCC_541\Debug\FreeRTOS_Demo.a(Timer_1.o)
                0x000041a0                Timer_1_WritePeriod
 .text.Timer_1_ReadCapture
                0x000041bc       0x14 .\CortexM3\ARM_GCC_541\Debug\FreeRTOS_Demo.a(Timer_1.o)
                0x000041bc                Timer_1_ReadCapture
 .text.Timer_1_WriteCounter
                0x000041d0       0x1c .\CortexM3\ARM_GCC_541\Debug\FreeRTOS_Demo.a(Timer_1.o)
                0x000041d0                Timer_1_WriteCounter
 .text.Timer_1_ReadCounter
                0x000041ec       0x1c .\CortexM3\ARM_GCC_541\Debug\FreeRTOS_Demo.a(Timer_1.o)
                0x000041ec                Timer_1_ReadCounter
 .text.Timer_1_ClearFIFO
                0x00004208       0x1c .\CortexM3\ARM_GCC_541\Debug\FreeRTOS_Demo.a(Timer_1.o)
                0x00004208                Timer_1_ClearFIFO
 .text.Laser_Write
                0x00004224       0x3c .\CortexM3\ARM_GCC_541\Debug\FreeRTOS_Demo.a(Laser.o)
                0x00004224                Laser_Write
 .text.PWM_1_Start
                0x00004260       0x24 .\CortexM3\ARM_GCC_541\Debug\FreeRTOS_Demo.a(PWM_1.o)
                0x00004260                PWM_1_Start
 .text.PWM_1_Init
                0x00004284       0x94 .\CortexM3\ARM_GCC_541\Debug\FreeRTOS_Demo.a(PWM_1.o)
                0x00004284                PWM_1_Init
 .text.PWM_1_Enable
                0x00004318       0x20 .\CortexM3\ARM_GCC_541\Debug\FreeRTOS_Demo.a(PWM_1.o)
                0x00004318                PWM_1_Enable
 .text.PWM_1_Stop
                0x00004338       0x20 .\CortexM3\ARM_GCC_541\Debug\FreeRTOS_Demo.a(PWM_1.o)
                0x00004338                PWM_1_Stop
 .text.PWM_1_WriteCounter
                0x00004358       0x20 .\CortexM3\ARM_GCC_541\Debug\FreeRTOS_Demo.a(PWM_1.o)
                0x00004358                PWM_1_WriteCounter
 .text.PWM_1_ReadCounter
                0x00004378       0x20 .\CortexM3\ARM_GCC_541\Debug\FreeRTOS_Demo.a(PWM_1.o)
                0x00004378                PWM_1_ReadCounter
 .text.PWM_1_ClearFIFO
                0x00004398       0x1c .\CortexM3\ARM_GCC_541\Debug\FreeRTOS_Demo.a(PWM_1.o)
                0x00004398                PWM_1_ClearFIFO
 .text.PWM_1_WritePeriod
                0x000043b4       0x20 .\CortexM3\ARM_GCC_541\Debug\FreeRTOS_Demo.a(PWM_1.o)
                0x000043b4                PWM_1_WritePeriod
 .text.PWM_1_WriteCompare
                0x000043d4       0x20 .\CortexM3\ARM_GCC_541\Debug\FreeRTOS_Demo.a(PWM_1.o)
                0x000043d4                PWM_1_WriteCompare
 .text.PWM_1_SetInterruptMode
                0x000043f4       0x20 .\CortexM3\ARM_GCC_541\Debug\FreeRTOS_Demo.a(PWM_1.o)
                0x000043f4                PWM_1_SetInterruptMode
 .text.PWM_1_ReadStatusRegister
                0x00004414       0x18 .\CortexM3\ARM_GCC_541\Debug\FreeRTOS_Demo.a(PWM_1.o)
                0x00004414                PWM_1_ReadStatusRegister
 .text.PWM_1_ReadControlRegister
                0x0000442c       0x1c .\CortexM3\ARM_GCC_541\Debug\FreeRTOS_Demo.a(PWM_1.o)
                0x0000442c                PWM_1_ReadControlRegister
 .text.PWM_1_WriteControlRegister
                0x00004448       0x20 .\CortexM3\ARM_GCC_541\Debug\FreeRTOS_Demo.a(PWM_1.o)
                0x00004448                PWM_1_WriteControlRegister
 .text.PWM_1_ReadCapture
                0x00004468       0x18 .\CortexM3\ARM_GCC_541\Debug\FreeRTOS_Demo.a(PWM_1.o)
                0x00004468                PWM_1_ReadCapture
 .text.PWM_1_ReadPeriod
                0x00004480       0x18 .\CortexM3\ARM_GCC_541\Debug\FreeRTOS_Demo.a(PWM_1.o)
                0x00004480                PWM_1_ReadPeriod
 .text.PWM_1_SaveConfig
                0x00004498       0x40 .\CortexM3\ARM_GCC_541\Debug\FreeRTOS_Demo.a(PWM_1_PM.o)
                0x00004498                PWM_1_SaveConfig
 .text.PWM_1_RestoreConfig
                0x000044d8       0x38 .\CortexM3\ARM_GCC_541\Debug\FreeRTOS_Demo.a(PWM_1_PM.o)
                0x000044d8                PWM_1_RestoreConfig
 .text.PWM_1_Sleep
                0x00004510       0x34 .\CortexM3\ARM_GCC_541\Debug\FreeRTOS_Demo.a(PWM_1_PM.o)
                0x00004510                PWM_1_Sleep
 .text.PWM_1_Wakeup
                0x00004544       0x1c .\CortexM3\ARM_GCC_541\Debug\FreeRTOS_Demo.a(PWM_1_PM.o)
                0x00004544                PWM_1_Wakeup
 .text.LED_GREEN_Write
                0x00004560       0x3c .\CortexM3\ARM_GCC_541\Debug\FreeRTOS_Demo.a(LED_GREEN.o)
                0x00004560                LED_GREEN_Write
 *fill*         0x0000459c        0x4 
 .text          0x000045a0       0x20 .\CortexM3\ARM_GCC_541\Debug\FreeRTOS_Demo.a(CyBootAsmGnu.o)
                0x000045a0                CyDelayCycles
                0x000045b0                CyEnterCriticalSection
                0x000045b8                CyExitCriticalSection
 .text          0x000045c0      0x370 c:/program files (x86)/cypress/psoc creator/4.1/psoc creator/import/gnu/arm/5.4.1/bin/../lib/gcc/arm-none-eabi/5.4.1/armv7-m\libgcc.a(_arm_addsubdf3.o)
                0x000045c0                __aeabi_drsub
                0x000045c8                __aeabi_dsub
                0x000045c8                __subdf3
                0x000045cc                __aeabi_dadd
                0x000045cc                __adddf3
                0x00004844                __floatunsidf
                0x00004844                __aeabi_ui2d
                0x00004864                __floatsidf
                0x00004864                __aeabi_i2d
                0x00004888                __aeabi_f2d
                0x00004888                __extendsfdf2
                0x000048c4                __floatundidf
                0x000048c4                __aeabi_ul2d
                0x000048d4                __floatdidf
                0x000048d4                __aeabi_l2d
 .text          0x00004930      0x424 c:/program files (x86)/cypress/psoc creator/4.1/psoc creator/import/gnu/arm/5.4.1/bin/../lib/gcc/arm-none-eabi/5.4.1/armv7-m\libgcc.a(_arm_muldivdf3.o)
                0x00004930                __aeabi_dmul
                0x00004930                __muldf3
                0x00004b84                __divdf3
                0x00004b84                __aeabi_ddiv
 .text          0x00004d54       0x50 c:/program files (x86)/cypress/psoc creator/4.1/psoc creator/import/gnu/arm/5.4.1/bin/../lib/gcc/arm-none-eabi/5.4.1/armv7-m\libgcc.a(_arm_fixdfsi.o)
                0x00004d54                __aeabi_d2iz
                0x00004d54                __fixdfsi
 .text.__errno  0x00004da4        0xc c:/program files (x86)/cypress/psoc creator/4.1/psoc creator/import/gnu/arm/5.4.1/bin/../lib/gcc/arm-none-eabi/5.4.1/../../../../arm-none-eabi/lib/armv7-m\libg_nano.a(lib_a-errno.o)
                0x00004da4                __errno
 .text.__libc_init_array
                0x00004db0       0x4c c:/program files (x86)/cypress/psoc creator/4.1/psoc creator/import/gnu/arm/5.4.1/bin/../lib/gcc/arm-none-eabi/5.4.1/../../../../arm-none-eabi/lib/armv7-m\libg_nano.a(lib_a-init.o)
                0x00004db0                __libc_init_array
 .text.memcpy   0x00004dfc       0x16 c:/program files (x86)/cypress/psoc creator/4.1/psoc creator/import/gnu/arm/5.4.1/bin/../lib/gcc/arm-none-eabi/5.4.1/../../../../arm-none-eabi/lib/armv7-m\libg_nano.a(lib_a-memcpy-stub.o)
                0x00004dfc                memcpy
 .text.memset   0x00004e12       0x10 c:/program files (x86)/cypress/psoc creator/4.1/psoc creator/import/gnu/arm/5.4.1/bin/../lib/gcc/arm-none-eabi/5.4.1/../../../../arm-none-eabi/lib/armv7-m\libg_nano.a(lib_a-memset.o)
                0x00004e12                memset
 *fill*         0x00004e22        0x2 
 .text.snprintf
                0x00004e24       0x64 c:/program files (x86)/cypress/psoc creator/4.1/psoc creator/import/gnu/arm/5.4.1/bin/../lib/gcc/arm-none-eabi/5.4.1/../../../../arm-none-eabi/lib/armv7-m\libg_nano.a(lib_a-snprintf.o)
                0x00004e24                sniprintf
                0x00004e24                snprintf
 .text.sprintf  0x00004e88       0x48 c:/program files (x86)/cypress/psoc creator/4.1/psoc creator/import/gnu/arm/5.4.1/bin/../lib/gcc/arm-none-eabi/5.4.1/../../../../arm-none-eabi/lib/armv7-m\libg_nano.a(lib_a-sprintf.o)
                0x00004e88                siprintf
                0x00004e88                sprintf
 .text.__ssputs_r
                0x00004ed0       0xb2 c:/program files (x86)/cypress/psoc creator/4.1/psoc creator/import/gnu/arm/5.4.1/bin/../lib/gcc/arm-none-eabi/5.4.1/../../../../arm-none-eabi/lib/armv7-m\libg_nano.a(lib_a-nano-svfprintf.o)
                0x00004ed0                __ssputs_r
 *fill*         0x00004f82        0x2 
 .text._svfprintf_r
                0x00004f84      0x1e8 c:/program files (x86)/cypress/psoc creator/4.1/psoc creator/import/gnu/arm/5.4.1/bin/../lib/gcc/arm-none-eabi/5.4.1/../../../../arm-none-eabi/lib/armv7-m\libg_nano.a(lib_a-nano-svfprintf.o)
                0x00004f84                _svfiprintf_r
                0x00004f84                _svfprintf_r
 .text._printf_common
                0x0000516c       0xec c:/program files (x86)/cypress/psoc creator/4.1/psoc creator/import/gnu/arm/5.4.1/bin/../lib/gcc/arm-none-eabi/5.4.1/../../../../arm-none-eabi/lib/armv7-m\libg_nano.a(lib_a-nano-vfprintf_i.o)
                0x0000516c                _printf_common
 .text._printf_i
                0x00005258      0x24c c:/program files (x86)/cypress/psoc creator/4.1/psoc creator/import/gnu/arm/5.4.1/bin/../lib/gcc/arm-none-eabi/5.4.1/../../../../arm-none-eabi/lib/armv7-m\libg_nano.a(lib_a-nano-vfprintf_i.o)
                0x00005258                _printf_i
 .text.memchr   0x000054a4       0x1c c:/program files (x86)/cypress/psoc creator/4.1/psoc creator/import/gnu/arm/5.4.1/bin/../lib/gcc/arm-none-eabi/5.4.1/../../../../arm-none-eabi/lib/armv7-m\libg_nano.a(lib_a-memchr-stub.o)
                0x000054a4                memchr
 .text.memmove  0x000054c0       0x36 c:/program files (x86)/cypress/psoc creator/4.1/psoc creator/import/gnu/arm/5.4.1/bin/../lib/gcc/arm-none-eabi/5.4.1/../../../../arm-none-eabi/lib/armv7-m\libg_nano.a(lib_a-memmove.o)
                0x000054c0                memmove
 *fill*         0x000054f6        0x2 
 .text._free_r  0x000054f8       0x98 c:/program files (x86)/cypress/psoc creator/4.1/psoc creator/import/gnu/arm/5.4.1/bin/../lib/gcc/arm-none-eabi/5.4.1/../../../../arm-none-eabi/lib/armv7-m\libg_nano.a(lib_a-nano-freer.o)
                0x000054f8                _free_r
 .text._malloc_r
                0x00005590       0xbc c:/program files (x86)/cypress/psoc creator/4.1/psoc creator/import/gnu/arm/5.4.1/bin/../lib/gcc/arm-none-eabi/5.4.1/../../../../arm-none-eabi/lib/armv7-m\libg_nano.a(lib_a-nano-mallocr.o)
                0x00005590                _malloc_r
 .text._realloc_r
                0x0000564c       0x4c c:/program files (x86)/cypress/psoc creator/4.1/psoc creator/import/gnu/arm/5.4.1/bin/../lib/gcc/arm-none-eabi/5.4.1/../../../../arm-none-eabi/lib/armv7-m\libg_nano.a(lib_a-nano-reallocr.o)
                0x0000564c                _realloc_r
 .text._sbrk_r  0x00005698       0x20 c:/program files (x86)/cypress/psoc creator/4.1/psoc creator/import/gnu/arm/5.4.1/bin/../lib/gcc/arm-none-eabi/5.4.1/../../../../arm-none-eabi/lib/armv7-m\libg_nano.a(lib_a-sbrkr.o)
                0x00005698                _sbrk_r
 .text.__malloc_lock
                0x000056b8        0x2 c:/program files (x86)/cypress/psoc creator/4.1/psoc creator/import/gnu/arm/5.4.1/bin/../lib/gcc/arm-none-eabi/5.4.1/../../../../arm-none-eabi/lib/armv7-m\libg_nano.a(lib_a-mlock.o)
                0x000056b8                __malloc_lock
 .text.__malloc_unlock
                0x000056ba        0x2 c:/program files (x86)/cypress/psoc creator/4.1/psoc creator/import/gnu/arm/5.4.1/bin/../lib/gcc/arm-none-eabi/5.4.1/../../../../arm-none-eabi/lib/armv7-m\libg_nano.a(lib_a-mlock.o)
                0x000056ba                __malloc_unlock
 .text._malloc_usable_size_r
                0x000056bc       0x14 c:/program files (x86)/cypress/psoc creator/4.1/psoc creator/import/gnu/arm/5.4.1/bin/../lib/gcc/arm-none-eabi/5.4.1/../../../../arm-none-eabi/lib/armv7-m\libg_nano.a(lib_a-nano-msizer.o)
                0x000056bc                _malloc_usable_size_r
 *(.plt)
 *(.gnu.warning)
 *(.glue_7t)
 .glue_7t       0x000056d0        0x0 linker stubs
 *(.glue_7)
 .glue_7        0x000056d0        0x0 linker stubs
 *(.vfp11_veneer)
 .vfp11_veneer  0x000056d0        0x0 linker stubs
 *(.bootloader)
 *(.ARM.extab* .gnu.linkonce.armextab.*)
 *(.gcc_except_table)

.v4_bx          0x000056d0        0x0
 .v4_bx         0x000056d0        0x0 linker stubs

.iplt           0x000056d0        0x0
 .iplt          0x000056d0        0x0 c:/program files (x86)/cypress/psoc creator/4.1/psoc creator/import/gnu/arm/5.4.1/bin/../lib/gcc/arm-none-eabi/5.4.1/armv7-m/crtbegin.o

.eh_frame_hdr
 *(.eh_frame_hdr)

.eh_frame       0x000056d0        0x4
 *(.eh_frame)
 .eh_frame      0x000056d0        0x0 c:/program files (x86)/cypress/psoc creator/4.1/psoc creator/import/gnu/arm/5.4.1/bin/../lib/gcc/arm-none-eabi/5.4.1/armv7-m/crtbegin.o
 .eh_frame      0x000056d0        0x4 c:/program files (x86)/cypress/psoc creator/4.1/psoc creator/import/gnu/arm/5.4.1/bin/../lib/gcc/arm-none-eabi/5.4.1/armv7-m/crtend.o
                [!provide]                PROVIDE (__exidx_start, .)

.ARM.exidx
 *(.ARM.exidx* .gnu.linkonce.armexidx.*)
                0x000056d4                __exidx_end = .

.rodata         0x000056d4      0x1ac
 *(.rodata .rodata.* .gnu.linkonce.r.*)
 .rodata        0x000056d4        0x5 .\CortexM3\ARM_GCC_541\Debug\tasks.o
 *fill*         0x000056d9        0x3 
 .rodata        0x000056dc       0xee .\CortexM3\ARM_GCC_541\Debug\main.o
 *fill*         0x000057ca        0x2 
 .rodata        0x000057cc       0x44 .\CortexM3\ARM_GCC_541\Debug\cyfitter_cfg.o
 .rodata.str1.1
                0x00005810        0x2 c:/program files (x86)/cypress/psoc creator/4.1/psoc creator/import/gnu/arm/5.4.1/bin/../lib/gcc/arm-none-eabi/5.4.1/../../../../arm-none-eabi/lib/armv7-m\libg_nano.a(lib_a-impure.o)
 .rodata.str1.1
                0x00005812       0x11 c:/program files (x86)/cypress/psoc creator/4.1/psoc creator/import/gnu/arm/5.4.1/bin/../lib/gcc/arm-none-eabi/5.4.1/../../../../arm-none-eabi/lib/armv7-m\libg_nano.a(lib_a-nano-svfprintf.o)
 .rodata.str1.1
                0x00005823       0x22 c:/program files (x86)/cypress/psoc creator/4.1/psoc creator/import/gnu/arm/5.4.1/bin/../lib/gcc/arm-none-eabi/5.4.1/../../../../arm-none-eabi/lib/armv7-m\libg_nano.a(lib_a-nano-vfprintf_i.o)
                0x00005848                . = ALIGN (0x4)
 *fill*         0x00005845        0x3 
 *(.init)
 .init          0x00005848        0x4 c:/program files (x86)/cypress/psoc creator/4.1/psoc creator/import/gnu/arm/5.4.1/bin/../lib/gcc/arm-none-eabi/5.4.1/armv7-m/crti.o
                0x00005848                _init
 .init          0x0000584c        0x8 c:/program files (x86)/cypress/psoc creator/4.1/psoc creator/import/gnu/arm/5.4.1/bin/../lib/gcc/arm-none-eabi/5.4.1/armv7-m/crtn.o
                0x00005854                . = ALIGN (0x4)
                0x00005854                __preinit_array_start = .
 *(.preinit_array)
                0x00005854                __preinit_array_end = .
                0x00005854                . = ALIGN (0x4)
                0x00005854                __init_array_start = .
 *(SORT(.init_array.*))
 *(.init_array)
 .init_array    0x00005854        0x4 c:/program files (x86)/cypress/psoc creator/4.1/psoc creator/import/gnu/arm/5.4.1/bin/../lib/gcc/arm-none-eabi/5.4.1/armv7-m/crtbegin.o
 .init_array    0x00005858        0x4 .\CortexM3\ARM_GCC_541\Debug\Cm3Start.o
                0x0000585c                __init_array_end = .
                0x0000585c                . = ALIGN (0x4)
 *(.fini)
 .fini          0x0000585c        0x4 c:/program files (x86)/cypress/psoc creator/4.1/psoc creator/import/gnu/arm/5.4.1/bin/../lib/gcc/arm-none-eabi/5.4.1/armv7-m/crti.o
                0x0000585c                _fini
 .fini          0x00005860        0x8 c:/program files (x86)/cypress/psoc creator/4.1/psoc creator/import/gnu/arm/5.4.1/bin/../lib/gcc/arm-none-eabi/5.4.1/armv7-m/crtn.o
                0x00005868                . = ALIGN (0x4)
                0x00005868                __fini_array_start = .
 *(.fini_array)
 .fini_array    0x00005868        0x4 c:/program files (x86)/cypress/psoc creator/4.1/psoc creator/import/gnu/arm/5.4.1/bin/../lib/gcc/arm-none-eabi/5.4.1/armv7-m/crtbegin.o
 *(SORT(.fini_array.*))
                0x0000586c                __fini_array_end = .
                0x0000586c                . = ALIGN (0x4)
 *crtbegin.o(.ctors)
 *(EXCLUDE_FILE(*crtend.o) .ctors)
 *(SORT(.ctors.*))
 *crtend.o(.ctors)
                0x0000586c                . = ALIGN (0x4)
 *crtbegin.o(.dtors)
 *(EXCLUDE_FILE(*crtend.o) .dtors)
 *(SORT(.dtors.*))
 *crtend.o(.dtors)
                0x0000586c                . = ALIGN (0x4)
                0x0000586c                __cy_regions = .
                0x0000586c        0x4 LONG 0x5880 __cy_region_init_ram
                0x00005870        0x4 LONG 0x1fff80c8 __cy_region_start_data
                0x00005874        0x4 LONG 0x88 __cy_region_init_size_ram
                0x00005878        0x4 LONG 0x8628 __cy_region_zero_size_ram
                0x0000587c                __cy_regions_end = .
                0x00005880                . = ALIGN (0x8)
 *fill*         0x0000587c        0x4 
                0x00005880                _etext = .

.cy_checksum_exclude
                0x00005880        0x0
 *(.cy_checksum_exclude)

.ramvectors     0x1fff8000       0xc0
                0x1fff8000                __cy_region_start_ram = .
 *(.ramvectors)
 .ramvectors    0x1fff8000       0xc0 .\CortexM3\ARM_GCC_541\Debug\Cm3Start.o
                0x1fff8000                CyRamVectors

.noinit         0x1fff80c0        0x5
 *(.noinit)
 .noinit        0x1fff80c0        0x4 .\CortexM3\ARM_GCC_541\Debug\Cm3Start.o
 .noinit        0x1fff80c4        0x1 .\CortexM3\ARM_GCC_541\Debug\FreeRTOS_Demo.a(CyLib.o)
                0x1fff80c4                CyResetStatus

.data           0x1fff80c8       0x88 load address 0x00005880
                0x1fff80c8                __cy_region_start_data = .
 *(.jcr)
 .jcr           0x1fff80c8        0x0 c:/program files (x86)/cypress/psoc creator/4.1/psoc creator/import/gnu/arm/5.4.1/bin/../lib/gcc/arm-none-eabi/5.4.1/armv7-m/crtbegin.o
 .jcr           0x1fff80c8        0x4 c:/program files (x86)/cypress/psoc creator/4.1/psoc creator/import/gnu/arm/5.4.1/bin/../lib/gcc/arm-none-eabi/5.4.1/armv7-m/crtend.o
 *(.got.plt)
 *(.got)
 *(.shdata)
 *(.data .data.* .gnu.linkonce.d.*)
 .data          0x1fff80cc        0x4 .\CortexM3\ARM_GCC_541\Debug\port.o
 .data          0x1fff80d0        0x4 .\CortexM3\ARM_GCC_541\Debug\heap_2.o
 .data          0x1fff80d4        0x4 .\CortexM3\ARM_GCC_541\Debug\main.o
                0x1fff80d4                isMaster
 .data          0x1fff80d8        0x4 .\CortexM3\ARM_GCC_541\Debug\Cm3Start.o
 .data          0x1fff80dc       0x10 .\CortexM3\ARM_GCC_541\Debug\FreeRTOS_Demo.a(CyLib.o)
                0x1fff80dc                cydelay_freq_hz
                0x1fff80e0                cydelay_freq_khz
                0x1fff80e4                cydelay_freq_mhz
                0x1fff80e8                cydelay_32k_ms
 .data.impure_data
                0x1fff80ec       0x60 c:/program files (x86)/cypress/psoc creator/4.1/psoc creator/import/gnu/arm/5.4.1/bin/../lib/gcc/arm-none-eabi/5.4.1/../../../../arm-none-eabi/lib/armv7-m\libg_nano.a(lib_a-impure.o)
 .data._impure_ptr
                0x1fff814c        0x4 c:/program files (x86)/cypress/psoc creator/4.1/psoc creator/import/gnu/arm/5.4.1/bin/../lib/gcc/arm-none-eabi/5.4.1/../../../../arm-none-eabi/lib/armv7-m\libg_nano.a(lib_a-impure.o)
                0x1fff814c                _impure_ptr
                0x1fff8150                . = ALIGN (0x8)
 *(.ram)
                0x1fff8150                _edata = .

.igot.plt       0x1fff8150        0x0 load address 0x00005908
 .igot.plt      0x1fff8150        0x0 c:/program files (x86)/cypress/psoc creator/4.1/psoc creator/import/gnu/arm/5.4.1/bin/../lib/gcc/arm-none-eabi/5.4.1/armv7-m/crtbegin.o

.bss            0x1fff8150     0x8628 load address 0x00005908
                0x1fff8150                PROVIDE (__bss_start__, .)
 *(.shbss)
 *(.bss .bss.* .gnu.linkonce.b.*)
 .bss           0x1fff8150       0x1c c:/program files (x86)/cypress/psoc creator/4.1/psoc creator/import/gnu/arm/5.4.1/bin/../lib/gcc/arm-none-eabi/5.4.1/armv7-m/crtbegin.o
 .bss           0x1fff816c      0x104 .\CortexM3\ARM_GCC_541\Debug\tasks.o
                0x1fff816c                pxCurrentTCB
 .bss           0x1fff8270     0x8014 .\CortexM3\ARM_GCC_541\Debug\heap_2.o
 .bss           0x20000284        0xc .\CortexM3\ARM_GCC_541\Debug\main.o
                0x20000288                gatekeeper
                0x2000028c                queue_handle
 .bss           0x20000290        0x8 .\CortexM3\ARM_GCC_541\Debug\Serial.o
 .bss           0x20000298        0x9 .\CortexM3\ARM_GCC_541\Debug\FreeRTOS_Demo.a(UART_1.o)
                0x20000298                UART_1_initVar
                0x20000299                UART_1_errorStatus
                0x2000029a                UART_1_rxBufferRead
                0x2000029c                UART_1_rxBufferWrite
                0x2000029e                UART_1_rxBufferLoopDetect
                0x2000029f                UART_1_rxBufferOverflow
 .bss           0x200002a1        0x1 .\CortexM3\ARM_GCC_541\Debug\FreeRTOS_Demo.a(PWM_M1.o)
                0x200002a1                PWM_M1_initVar
 .bss           0x200002a2        0x1 .\CortexM3\ARM_GCC_541\Debug\FreeRTOS_Demo.a(PWM_M2.o)
                0x200002a2                PWM_M2_initVar
 .bss           0x200002a3        0x1 .\CortexM3\ARM_GCC_541\Debug\FreeRTOS_Demo.a(M1QuadDec.o)
                0x200002a3                M1QuadDec_initVar
 .bss           0x200002a4        0x4 .\CortexM3\ARM_GCC_541\Debug\FreeRTOS_Demo.a(M1QuadDec_INT.o)
                0x200002a4                M1QuadDec_count32SoftPart
 .bss           0x200002a8        0x1 .\CortexM3\ARM_GCC_541\Debug\FreeRTOS_Demo.a(M2QuadDec.o)
                0x200002a8                M2QuadDec_initVar
 *fill*         0x200002a9        0x3 
 .bss           0x200002ac        0x4 .\CortexM3\ARM_GCC_541\Debug\FreeRTOS_Demo.a(M2QuadDec_INT.o)
                0x200002ac                M2QuadDec_count32SoftPart
 .bss           0x200002b0        0x1 .\CortexM3\ARM_GCC_541\Debug\FreeRTOS_Demo.a(M1QuadDec_Cnt16.o)
                0x200002b0                M1QuadDec_Cnt16_initVar
 .bss           0x200002b1        0x1 .\CortexM3\ARM_GCC_541\Debug\FreeRTOS_Demo.a(M2QuadDec_Cnt16.o)
                0x200002b1                M2QuadDec_Cnt16_initVar
 .bss           0x200002b2        0x1 .\CortexM3\ARM_GCC_541\Debug\FreeRTOS_Demo.a(Timer_1.o)
                0x200002b2                Timer_1_initVar
 .bss           0x200002b3        0x1 .\CortexM3\ARM_GCC_541\Debug\FreeRTOS_Demo.a(PWM_1.o)
                0x200002b3                PWM_1_initVar
 .bss           0x200002b4        0x8 .\CortexM3\ARM_GCC_541\Debug\FreeRTOS_Demo.a(PWM_1_PM.o)
 .bss.__malloc_sbrk_start
                0x200002bc        0x4 c:/program files (x86)/cypress/psoc creator/4.1/psoc creator/import/gnu/arm/5.4.1/bin/../lib/gcc/arm-none-eabi/5.4.1/../../../../arm-none-eabi/lib/armv7-m\libg_nano.a(lib_a-nano-mallocr.o)
                0x200002bc                __malloc_sbrk_start
 .bss.__malloc_free_list
                0x200002c0        0x4 c:/program files (x86)/cypress/psoc creator/4.1/psoc creator/import/gnu/arm/5.4.1/bin/../lib/gcc/arm-none-eabi/5.4.1/../../../../arm-none-eabi/lib/armv7-m\libg_nano.a(lib_a-nano-mallocr.o)
                0x200002c0                __malloc_free_list
 *(COMMON)
 *fill*         0x200002c4        0x4 
 COMMON         0x200002c8       0xa8 .\CortexM3\ARM_GCC_541\Debug\main.o
                0x200002c8                right_wheel
                0x200002f0                k
                0x20000308                rx_receive
                0x2000030c                buffer
                0x2000034c                left_wheel
 COMMON         0x20000370      0x400 .\CortexM3\ARM_GCC_541\Debug\FreeRTOS_Demo.a(UART_1.o)
                0x20000370                UART_1_rxBuffer
 COMMON         0x20000770        0x4 c:/program files (x86)/cypress/psoc creator/4.1/psoc creator/import/gnu/arm/5.4.1/bin/../lib/gcc/arm-none-eabi/5.4.1/../../../../arm-none-eabi/lib/armv7-m\libg_nano.a(lib_a-reent.o)
                0x20000770                errno
                0x20000778                . = ALIGN (0x8)
 *fill*         0x20000774        0x4 
 *(.ram.b)
                0x20000778                _end = .
                0x20000778                __end = .
                0x20000778                PROVIDE (end, .)
                0x20000778                PROVIDE (__bss_end__, .)
                0x00005880                __cy_region_init_ram = LOADADDR (.data)
                0x00000088                __cy_region_init_size_ram = (_edata - ADDR (.data))
                0x00008628                __cy_region_zero_size_ram = (_end - _edata)

.heap           0x20000778        0x0 load address 0x00005908
                0x20000778                . = _end
                0x20000778                . = (. + 0x0)
                0x20000778                __cy_heap_limit = .

.stack          0x20007c00      0x400
                0x20007c00                __cy_stack_limit = .
                0x20008000                . = (. + 0x400)
 *fill*         0x20007c00      0x400 
                0x00000001                ASSERT ((__cy_stack_limit >= __cy_heap_limit), region RAM overflowed with stack)
                0x00000000                cy_checksum_exclude_size = (CY_APPL_LOADABLE == 0x1)?SIZEOF (.cy_checksum_exclude):0x0
                0x00000001                ASSERT ((cy_checksum_exclude_size <= CY_CHECKSUM_EXCLUDE_SIZE), CY_BOOT: Section .cy_checksum_exclude size exceedes specified limit.)

.cyloadermeta
 *(.cyloadermeta)

.cyloadablemeta
 *(.cyloadablemeta)

.cyconfigecc    0x80000000      0xf20
 *(.cyconfigecc)
 .cyconfigecc   0x80000000      0xf20 .\CortexM3\ARM_GCC_541\Debug\cymetadata.o
                0x80000000                cy_meta_configecc

.cycustnvl      0x90000000        0x4
 *(.cycustnvl)
 .cycustnvl     0x90000000        0x4 .\CortexM3\ARM_GCC_541\Debug\cymetadata.o
                0x90000000                cy_meta_custnvl

.cywolatch      0x90100000        0x4
 *(.cywolatch)
 .cywolatch     0x90100000        0x4 .\CortexM3\ARM_GCC_541\Debug\cymetadata.o
                0x90100000                cy_meta_wonvl

.cyeeprom       0x90200000        0x0
 *(.cyeeprom)
                0x00000001                ASSERT ((. <= ((0x90200000 + ee_offset) + ee_size)), .cyeeprom data will not fit in EEPROM)

.cyflashprotect
                0x90400000      0x100
 *(.cyflashprotect)
 .cyflashprotect
                0x90400000      0x100 .\CortexM3\ARM_GCC_541\Debug\cymetadata.o
                0x90400000                cy_meta_flashprotect

.cymeta         0x90500000        0xc
 *(.cymeta)
 .cymeta        0x90500000        0xc .\CortexM3\ARM_GCC_541\Debug\cymetadata.o
                0x90500000                cy_metadata

.rel.dyn        0x00005908        0x0 load address 0x9050000c
 .rel.iplt      0x00005908        0x0 c:/program files (x86)/cypress/psoc creator/4.1/psoc creator/import/gnu/arm/5.4.1/bin/../lib/gcc/arm-none-eabi/5.4.1/armv7-m/crtbegin.o

.stab
 *(.stab)

.stabstr
 *(.stabstr)

.debug
 *(.debug)

.line
 *(.line)

.debug_srcinfo
 *(.debug_srcinfo)

.debug_sfnames
 *(.debug_sfnames)

.debug_aranges  0x00000000     0x1440
 *(.debug_aranges)
 .debug_aranges
                0x00000000       0x18 .\CortexM3\ARM_GCC_541\Debug\croutine.o
 .debug_aranges
                0x00000018       0x40 .\CortexM3\ARM_GCC_541\Debug\list.o
 .debug_aranges
                0x00000058      0x110 .\CortexM3\ARM_GCC_541\Debug\queue.o
 .debug_aranges
                0x00000168      0x1b8 .\CortexM3\ARM_GCC_541\Debug\tasks.o
 .debug_aranges
                0x00000320       0x70 .\CortexM3\ARM_GCC_541\Debug\port.o
 .debug_aranges
                0x00000390       0x40 .\CortexM3\ARM_GCC_541\Debug\heap_2.o
 .debug_aranges
                0x000003d0       0x30 .\CortexM3\ARM_GCC_541\Debug\IntQueueTimer.o
 .debug_aranges
                0x00000400       0x48 .\CortexM3\ARM_GCC_541\Debug\main.o
 .debug_aranges
                0x00000448       0x48 .\CortexM3\ARM_GCC_541\Debug\Serial.o
 .debug_aranges
                0x00000490       0x50 .\CortexM3\ARM_GCC_541\Debug\movement.o
 .debug_aranges
                0x000004e0       0x38 .\CortexM3\ARM_GCC_541\Debug\comtest.o
 .debug_aranges
                0x00000518       0x60 .\CortexM3\ARM_GCC_541\Debug\cyfitter_cfg.o
 .debug_aranges
                0x00000578       0x18 .\CortexM3\ARM_GCC_541\Debug\cymetadata.o
 .debug_aranges
                0x00000590       0x48 .\CortexM3\ARM_GCC_541\Debug\Cm3Start.o
 .debug_aranges
                0x000005d8       0xf0 .\CortexM3\ARM_GCC_541\Debug\FreeRTOS_Demo.a(UART_1.o)
 .debug_aranges
                0x000006c8       0x20 .\CortexM3\ARM_GCC_541\Debug\FreeRTOS_Demo.a(UART_1_INT.o)
 .debug_aranges
                0x000006e8       0x80 .\CortexM3\ARM_GCC_541\Debug\FreeRTOS_Demo.a(isr_UART1_TX_BYTE_COMPLETE.o)
 .debug_aranges
                0x00000768       0x80 .\CortexM3\ARM_GCC_541\Debug\FreeRTOS_Demo.a(isr_UART1_RX_BYTE_RECEIVED.o)
 .debug_aranges
                0x000007e8       0x70 .\CortexM3\ARM_GCC_541\Debug\FreeRTOS_Demo.a(Clock_1.o)
 .debug_aranges
                0x00000858       0x70 .\CortexM3\ARM_GCC_541\Debug\FreeRTOS_Demo.a(UART_1_IntClock.o)
 .debug_aranges
                0x000008c8      0x2a0 .\CortexM3\ARM_GCC_541\Debug\FreeRTOS_Demo.a(CyLib.o)
 .debug_aranges
                0x00000b68       0x98 .\CortexM3\ARM_GCC_541\Debug\FreeRTOS_Demo.a(cyPm.o)
 .debug_aranges
                0x00000c00       0x98 .\CortexM3\ARM_GCC_541\Debug\FreeRTOS_Demo.a(PWM_M1.o)
 .debug_aranges
                0x00000c98       0x70 .\CortexM3\ARM_GCC_541\Debug\FreeRTOS_Demo.a(MClock.o)
 .debug_aranges
                0x00000d08       0x38 .\CortexM3\ARM_GCC_541\Debug\FreeRTOS_Demo.a(M1_FWD.o)
 .debug_aranges
                0x00000d40       0x38 .\CortexM3\ARM_GCC_541\Debug\FreeRTOS_Demo.a(M1_BWD.o)
 .debug_aranges
                0x00000d78       0x98 .\CortexM3\ARM_GCC_541\Debug\FreeRTOS_Demo.a(PWM_M2.o)
 .debug_aranges
                0x00000e10       0x38 .\CortexM3\ARM_GCC_541\Debug\FreeRTOS_Demo.a(M2_FWD.o)
 .debug_aranges
                0x00000e48       0x38 .\CortexM3\ARM_GCC_541\Debug\FreeRTOS_Demo.a(M2_BWD.o)
 .debug_aranges
                0x00000e80       0x38 .\CortexM3\ARM_GCC_541\Debug\FreeRTOS_Demo.a(Standby.o)
 .debug_aranges
                0x00000eb8       0x60 .\CortexM3\ARM_GCC_541\Debug\FreeRTOS_Demo.a(M1QuadDec.o)
 .debug_aranges
                0x00000f18       0x20 .\CortexM3\ARM_GCC_541\Debug\FreeRTOS_Demo.a(M1QuadDec_INT.o)
 .debug_aranges
                0x00000f38       0x70 .\CortexM3\ARM_GCC_541\Debug\FreeRTOS_Demo.a(M1Clock.o)
 .debug_aranges
                0x00000fa8       0x60 .\CortexM3\ARM_GCC_541\Debug\FreeRTOS_Demo.a(M2QuadDec.o)
 .debug_aranges
                0x00001008       0x20 .\CortexM3\ARM_GCC_541\Debug\FreeRTOS_Demo.a(M2QuadDec_INT.o)
 .debug_aranges
                0x00001028       0x98 .\CortexM3\ARM_GCC_541\Debug\FreeRTOS_Demo.a(M1QuadDec_Cnt16.o)
 .debug_aranges
                0x000010c0       0x98 .\CortexM3\ARM_GCC_541\Debug\FreeRTOS_Demo.a(M2QuadDec_Cnt16.o)
 .debug_aranges
                0x00001158       0x90 .\CortexM3\ARM_GCC_541\Debug\FreeRTOS_Demo.a(Timer_1.o)
 .debug_aranges
                0x000011e8       0x38 .\CortexM3\ARM_GCC_541\Debug\FreeRTOS_Demo.a(Laser.o)
 .debug_aranges
                0x00001220       0x98 .\CortexM3\ARM_GCC_541\Debug\FreeRTOS_Demo.a(PWM_1.o)
 .debug_aranges
                0x000012b8       0x38 .\CortexM3\ARM_GCC_541\Debug\FreeRTOS_Demo.a(PWM_1_PM.o)
 .debug_aranges
                0x000012f0       0x38 .\CortexM3\ARM_GCC_541\Debug\FreeRTOS_Demo.a(LED_GREEN.o)
 .debug_aranges
                0x00001328       0x20 .\CortexM3\ARM_GCC_541\Debug\FreeRTOS_Demo.a(CyBootAsmGnu.o)
 .debug_aranges
                0x00001348       0x80 .\CortexM3\ARM_GCC_541\Debug\FreeRTOS_Demo.a(CyFlash.o)
 .debug_aranges
                0x000013c8       0x78 .\CortexM3\ARM_GCC_541\Debug\FreeRTOS_Demo.a(CySpc.o)

.debug_pubnames
 *(.debug_pubnames)

.debug_info     0x00000000     0x9abb
 *(.debug_info .gnu.linkonce.wi.*)
 .debug_info    0x00000000       0xae .\CortexM3\ARM_GCC_541\Debug\croutine.o
 .debug_info    0x000000ae      0x2e8 .\CortexM3\ARM_GCC_541\Debug\list.o
 .debug_info    0x00000396     0x1035 .\CortexM3\ARM_GCC_541\Debug\queue.o
 .debug_info    0x000013cb     0x1704 .\CortexM3\ARM_GCC_541\Debug\tasks.o
 .debug_info    0x00002acf      0x31b .\CortexM3\ARM_GCC_541\Debug\port.o
 .debug_info    0x00002dea      0x326 .\CortexM3\ARM_GCC_541\Debug\heap_2.o
 .debug_info    0x00003110      0x16c .\CortexM3\ARM_GCC_541\Debug\IntQueueTimer.o
 .debug_info    0x0000327c      0x4a0 .\CortexM3\ARM_GCC_541\Debug\main.o
 .debug_info    0x0000371c      0x3e8 .\CortexM3\ARM_GCC_541\Debug\Serial.o
 .debug_info    0x00003b04      0x405 .\CortexM3\ARM_GCC_541\Debug\movement.o
 .debug_info    0x00003f09      0x24c .\CortexM3\ARM_GCC_541\Debug\comtest.o
 .debug_info    0x00004155      0x463 .\CortexM3\ARM_GCC_541\Debug\cyfitter_cfg.o
 .debug_info    0x000045b8      0x139 .\CortexM3\ARM_GCC_541\Debug\cymetadata.o
 .debug_info    0x000046f1      0x325 .\CortexM3\ARM_GCC_541\Debug\Cm3Start.o
 .debug_info    0x00004a16      0x5f8 .\CortexM3\ARM_GCC_541\Debug\FreeRTOS_Demo.a(UART_1.o)
 .debug_info    0x0000500e      0x15b .\CortexM3\ARM_GCC_541\Debug\FreeRTOS_Demo.a(UART_1_INT.o)
 .debug_info    0x00005169      0x241 .\CortexM3\ARM_GCC_541\Debug\FreeRTOS_Demo.a(isr_UART1_TX_BYTE_COMPLETE.o)
 .debug_info    0x000053aa      0x241 .\CortexM3\ARM_GCC_541\Debug\FreeRTOS_Demo.a(isr_UART1_RX_BYTE_RECEIVED.o)
 .debug_info    0x000055eb      0x25d .\CortexM3\ARM_GCC_541\Debug\FreeRTOS_Demo.a(Clock_1.o)
 .debug_info    0x00005848      0x25d .\CortexM3\ARM_GCC_541\Debug\FreeRTOS_Demo.a(UART_1_IntClock.o)
 .debug_info    0x00005aa5      0xe51 .\CortexM3\ARM_GCC_541\Debug\FreeRTOS_Demo.a(CyLib.o)
 .debug_info    0x000068f6      0x56d .\CortexM3\ARM_GCC_541\Debug\FreeRTOS_Demo.a(cyPm.o)
 .debug_info    0x00006e63      0x2a7 .\CortexM3\ARM_GCC_541\Debug\FreeRTOS_Demo.a(PWM_M1.o)
 .debug_info    0x0000710a      0x25d .\CortexM3\ARM_GCC_541\Debug\FreeRTOS_Demo.a(MClock.o)
 .debug_info    0x00007367      0x11e .\CortexM3\ARM_GCC_541\Debug\FreeRTOS_Demo.a(M1_FWD.o)
 .debug_info    0x00007485      0x11e .\CortexM3\ARM_GCC_541\Debug\FreeRTOS_Demo.a(M1_BWD.o)
 .debug_info    0x000075a3      0x2a7 .\CortexM3\ARM_GCC_541\Debug\FreeRTOS_Demo.a(PWM_M2.o)
 .debug_info    0x0000784a      0x11e .\CortexM3\ARM_GCC_541\Debug\FreeRTOS_Demo.a(M2_FWD.o)
 .debug_info    0x00007968      0x11e .\CortexM3\ARM_GCC_541\Debug\FreeRTOS_Demo.a(M2_BWD.o)
 .debug_info    0x00007a86      0x11e .\CortexM3\ARM_GCC_541\Debug\FreeRTOS_Demo.a(Standby.o)
 .debug_info    0x00007ba4      0x234 .\CortexM3\ARM_GCC_541\Debug\FreeRTOS_Demo.a(M1QuadDec.o)
 .debug_info    0x00007dd8       0xf2 .\CortexM3\ARM_GCC_541\Debug\FreeRTOS_Demo.a(M1QuadDec_INT.o)
 .debug_info    0x00007eca      0x25d .\CortexM3\ARM_GCC_541\Debug\FreeRTOS_Demo.a(M1Clock.o)
 .debug_info    0x00008127      0x234 .\CortexM3\ARM_GCC_541\Debug\FreeRTOS_Demo.a(M2QuadDec.o)
 .debug_info    0x0000835b       0xf2 .\CortexM3\ARM_GCC_541\Debug\FreeRTOS_Demo.a(M2QuadDec_INT.o)
 .debug_info    0x0000844d      0x291 .\CortexM3\ARM_GCC_541\Debug\FreeRTOS_Demo.a(M1QuadDec_Cnt16.o)
 .debug_info    0x000086de      0x291 .\CortexM3\ARM_GCC_541\Debug\FreeRTOS_Demo.a(M2QuadDec_Cnt16.o)
 .debug_info    0x0000896f      0x25b .\CortexM3\ARM_GCC_541\Debug\FreeRTOS_Demo.a(Timer_1.o)
 .debug_info    0x00008bca      0x11e .\CortexM3\ARM_GCC_541\Debug\FreeRTOS_Demo.a(Laser.o)
 .debug_info    0x00008ce8      0x2a7 .\CortexM3\ARM_GCC_541\Debug\FreeRTOS_Demo.a(PWM_1.o)
 .debug_info    0x00008f8f      0x15d .\CortexM3\ARM_GCC_541\Debug\FreeRTOS_Demo.a(PWM_1_PM.o)
 .debug_info    0x000090ec      0x11e .\CortexM3\ARM_GCC_541\Debug\FreeRTOS_Demo.a(LED_GREEN.o)
 .debug_info    0x0000920a       0xe6 .\CortexM3\ARM_GCC_541\Debug\FreeRTOS_Demo.a(CyBootAsmGnu.o)
 .debug_info    0x000092f0      0x371 .\CortexM3\ARM_GCC_541\Debug\FreeRTOS_Demo.a(CyFlash.o)
 .debug_info    0x00009661      0x45a .\CortexM3\ARM_GCC_541\Debug\FreeRTOS_Demo.a(CySpc.o)

.debug_abbrev   0x00000000     0x3142
 *(.debug_abbrev)
 .debug_abbrev  0x00000000       0x4b .\CortexM3\ARM_GCC_541\Debug\croutine.o
 .debug_abbrev  0x0000004b       0xd8 .\CortexM3\ARM_GCC_541\Debug\list.o
 .debug_abbrev  0x00000123      0x278 .\CortexM3\ARM_GCC_541\Debug\queue.o
 .debug_abbrev  0x0000039b      0x293 .\CortexM3\ARM_GCC_541\Debug\tasks.o
 .debug_abbrev  0x0000062e      0x1ca .\CortexM3\ARM_GCC_541\Debug\port.o
 .debug_abbrev  0x000007f8      0x177 .\CortexM3\ARM_GCC_541\Debug\heap_2.o
 .debug_abbrev  0x0000096f       0xd0 .\CortexM3\ARM_GCC_541\Debug\IntQueueTimer.o
 .debug_abbrev  0x00000a3f      0x1ec .\CortexM3\ARM_GCC_541\Debug\main.o
 .debug_abbrev  0x00000c2b      0x140 .\CortexM3\ARM_GCC_541\Debug\Serial.o
 .debug_abbrev  0x00000d6b       0xeb .\CortexM3\ARM_GCC_541\Debug\movement.o
 .debug_abbrev  0x00000e56       0xd4 .\CortexM3\ARM_GCC_541\Debug\comtest.o
 .debug_abbrev  0x00000f2a      0x1b7 .\CortexM3\ARM_GCC_541\Debug\cyfitter_cfg.o
 .debug_abbrev  0x000010e1       0x77 .\CortexM3\ARM_GCC_541\Debug\cymetadata.o
 .debug_abbrev  0x00001158      0x1d6 .\CortexM3\ARM_GCC_541\Debug\Cm3Start.o
 .debug_abbrev  0x0000132e      0x15f .\CortexM3\ARM_GCC_541\Debug\FreeRTOS_Demo.a(UART_1.o)
 .debug_abbrev  0x0000148d       0x8a .\CortexM3\ARM_GCC_541\Debug\FreeRTOS_Demo.a(UART_1_INT.o)
 .debug_abbrev  0x00001517      0x172 .\CortexM3\ARM_GCC_541\Debug\FreeRTOS_Demo.a(isr_UART1_TX_BYTE_COMPLETE.o)
 .debug_abbrev  0x00001689      0x172 .\CortexM3\ARM_GCC_541\Debug\FreeRTOS_Demo.a(isr_UART1_RX_BYTE_RECEIVED.o)
 .debug_abbrev  0x000017fb      0x11d .\CortexM3\ARM_GCC_541\Debug\FreeRTOS_Demo.a(Clock_1.o)
 .debug_abbrev  0x00001918      0x11d .\CortexM3\ARM_GCC_541\Debug\FreeRTOS_Demo.a(UART_1_IntClock.o)
 .debug_abbrev  0x00001a35      0x217 .\CortexM3\ARM_GCC_541\Debug\FreeRTOS_Demo.a(CyLib.o)
 .debug_abbrev  0x00001c4c      0x161 .\CortexM3\ARM_GCC_541\Debug\FreeRTOS_Demo.a(cyPm.o)
 .debug_abbrev  0x00001dad      0x12e .\CortexM3\ARM_GCC_541\Debug\FreeRTOS_Demo.a(PWM_M1.o)
 .debug_abbrev  0x00001edb      0x11d .\CortexM3\ARM_GCC_541\Debug\FreeRTOS_Demo.a(MClock.o)
 .debug_abbrev  0x00001ff8       0x90 .\CortexM3\ARM_GCC_541\Debug\FreeRTOS_Demo.a(M1_FWD.o)
 .debug_abbrev  0x00002088       0x90 .\CortexM3\ARM_GCC_541\Debug\FreeRTOS_Demo.a(M1_BWD.o)
 .debug_abbrev  0x00002118      0x12e .\CortexM3\ARM_GCC_541\Debug\FreeRTOS_Demo.a(PWM_M2.o)
 .debug_abbrev  0x00002246       0x90 .\CortexM3\ARM_GCC_541\Debug\FreeRTOS_Demo.a(M2_FWD.o)
 .debug_abbrev  0x000022d6       0x90 .\CortexM3\ARM_GCC_541\Debug\FreeRTOS_Demo.a(M2_BWD.o)
 .debug_abbrev  0x00002366       0x90 .\CortexM3\ARM_GCC_541\Debug\FreeRTOS_Demo.a(Standby.o)
 .debug_abbrev  0x000023f6      0x11a .\CortexM3\ARM_GCC_541\Debug\FreeRTOS_Demo.a(M1QuadDec.o)
 .debug_abbrev  0x00002510       0x78 .\CortexM3\ARM_GCC_541\Debug\FreeRTOS_Demo.a(M1QuadDec_INT.o)
 .debug_abbrev  0x00002588      0x11d .\CortexM3\ARM_GCC_541\Debug\FreeRTOS_Demo.a(M1Clock.o)
 .debug_abbrev  0x000026a5      0x11a .\CortexM3\ARM_GCC_541\Debug\FreeRTOS_Demo.a(M2QuadDec.o)
 .debug_abbrev  0x000027bf       0x78 .\CortexM3\ARM_GCC_541\Debug\FreeRTOS_Demo.a(M2QuadDec_INT.o)
 .debug_abbrev  0x00002837      0x12c .\CortexM3\ARM_GCC_541\Debug\FreeRTOS_Demo.a(M1QuadDec_Cnt16.o)
 .debug_abbrev  0x00002963      0x12c .\CortexM3\ARM_GCC_541\Debug\FreeRTOS_Demo.a(M2QuadDec_Cnt16.o)
 .debug_abbrev  0x00002a8f      0x11b .\CortexM3\ARM_GCC_541\Debug\FreeRTOS_Demo.a(Timer_1.o)
 .debug_abbrev  0x00002baa       0x90 .\CortexM3\ARM_GCC_541\Debug\FreeRTOS_Demo.a(Laser.o)
 .debug_abbrev  0x00002c3a      0x12e .\CortexM3\ARM_GCC_541\Debug\FreeRTOS_Demo.a(PWM_1.o)
 .debug_abbrev  0x00002d68       0x8e .\CortexM3\ARM_GCC_541\Debug\FreeRTOS_Demo.a(PWM_1_PM.o)
 .debug_abbrev  0x00002df6       0x90 .\CortexM3\ARM_GCC_541\Debug\FreeRTOS_Demo.a(LED_GREEN.o)
 .debug_abbrev  0x00002e86       0x14 .\CortexM3\ARM_GCC_541\Debug\FreeRTOS_Demo.a(CyBootAsmGnu.o)
 .debug_abbrev  0x00002e9a      0x13c .\CortexM3\ARM_GCC_541\Debug\FreeRTOS_Demo.a(CyFlash.o)
 .debug_abbrev  0x00002fd6      0x16c .\CortexM3\ARM_GCC_541\Debug\FreeRTOS_Demo.a(CySpc.o)

.debug_line     0x00000000     0x5b5d
 *(.debug_line)
 .debug_line    0x00000000      0x13f .\CortexM3\ARM_GCC_541\Debug\croutine.o
 .debug_line    0x0000013f      0x245 .\CortexM3\ARM_GCC_541\Debug\list.o
 .debug_line    0x00000384      0x748 .\CortexM3\ARM_GCC_541\Debug\queue.o
 .debug_line    0x00000acc      0xaaa .\CortexM3\ARM_GCC_541\Debug\tasks.o
 .debug_line    0x00001576      0x2d6 .\CortexM3\ARM_GCC_541\Debug\port.o
 .debug_line    0x0000184c      0x2e9 .\CortexM3\ARM_GCC_541\Debug\heap_2.o
 .debug_line    0x00001b35      0x1e0 .\CortexM3\ARM_GCC_541\Debug\IntQueueTimer.o
 .debug_line    0x00001d15      0x30d .\CortexM3\ARM_GCC_541\Debug\main.o
 .debug_line    0x00002022      0x2c4 .\CortexM3\ARM_GCC_541\Debug\Serial.o
 .debug_line    0x000022e6      0x257 .\CortexM3\ARM_GCC_541\Debug\movement.o
 .debug_line    0x0000253d      0x23c .\CortexM3\ARM_GCC_541\Debug\comtest.o
 .debug_line    0x00002779      0x221 .\CortexM3\ARM_GCC_541\Debug\cyfitter_cfg.o
 .debug_line    0x0000299a      0x141 .\CortexM3\ARM_GCC_541\Debug\cymetadata.o
 .debug_line    0x00002adb      0x1dc .\CortexM3\ARM_GCC_541\Debug\Cm3Start.o
 .debug_line    0x00002cb7      0x30d .\CortexM3\ARM_GCC_541\Debug\FreeRTOS_Demo.a(UART_1.o)
 .debug_line    0x00002fc4       0x8a .\CortexM3\ARM_GCC_541\Debug\FreeRTOS_Demo.a(UART_1_INT.o)
 .debug_line    0x0000304e      0x165 .\CortexM3\ARM_GCC_541\Debug\FreeRTOS_Demo.a(isr_UART1_TX_BYTE_COMPLETE.o)
 .debug_line    0x000031b3      0x165 .\CortexM3\ARM_GCC_541\Debug\FreeRTOS_Demo.a(isr_UART1_RX_BYTE_RECEIVED.o)
 .debug_line    0x00003318      0x1a6 .\CortexM3\ARM_GCC_541\Debug\FreeRTOS_Demo.a(Clock_1.o)
 .debug_line    0x000034be      0x1ae .\CortexM3\ARM_GCC_541\Debug\FreeRTOS_Demo.a(UART_1_IntClock.o)
 .debug_line    0x0000366c      0x883 .\CortexM3\ARM_GCC_541\Debug\FreeRTOS_Demo.a(CyLib.o)
 .debug_line    0x00003eef      0x38b .\CortexM3\ARM_GCC_541\Debug\FreeRTOS_Demo.a(cyPm.o)
 .debug_line    0x0000427a      0x18a .\CortexM3\ARM_GCC_541\Debug\FreeRTOS_Demo.a(PWM_M1.o)
 .debug_line    0x00004404      0x1a5 .\CortexM3\ARM_GCC_541\Debug\FreeRTOS_Demo.a(MClock.o)
 .debug_line    0x000045a9       0x96 .\CortexM3\ARM_GCC_541\Debug\FreeRTOS_Demo.a(M1_FWD.o)
 .debug_line    0x0000463f       0x96 .\CortexM3\ARM_GCC_541\Debug\FreeRTOS_Demo.a(M1_BWD.o)
 .debug_line    0x000046d5      0x18a .\CortexM3\ARM_GCC_541\Debug\FreeRTOS_Demo.a(PWM_M2.o)
 .debug_line    0x0000485f       0x96 .\CortexM3\ARM_GCC_541\Debug\FreeRTOS_Demo.a(M2_FWD.o)
 .debug_line    0x000048f5       0x96 .\CortexM3\ARM_GCC_541\Debug\FreeRTOS_Demo.a(M2_BWD.o)
 .debug_line    0x0000498b       0x97 .\CortexM3\ARM_GCC_541\Debug\FreeRTOS_Demo.a(Standby.o)
 .debug_line    0x00004a22      0x124 .\CortexM3\ARM_GCC_541\Debug\FreeRTOS_Demo.a(M1QuadDec.o)
 .debug_line    0x00004b46       0x6f .\CortexM3\ARM_GCC_541\Debug\FreeRTOS_Demo.a(M1QuadDec_INT.o)
 .debug_line    0x00004bb5      0x1a6 .\CortexM3\ARM_GCC_541\Debug\FreeRTOS_Demo.a(M1Clock.o)
 .debug_line    0x00004d5b      0x124 .\CortexM3\ARM_GCC_541\Debug\FreeRTOS_Demo.a(M2QuadDec.o)
 .debug_line    0x00004e7f       0x6f .\CortexM3\ARM_GCC_541\Debug\FreeRTOS_Demo.a(M2QuadDec_INT.o)
 .debug_line    0x00004eee      0x18d .\CortexM3\ARM_GCC_541\Debug\FreeRTOS_Demo.a(M1QuadDec_Cnt16.o)
 .debug_line    0x0000507b      0x18d .\CortexM3\ARM_GCC_541\Debug\FreeRTOS_Demo.a(M2QuadDec_Cnt16.o)
 .debug_line    0x00005208      0x170 .\CortexM3\ARM_GCC_541\Debug\FreeRTOS_Demo.a(Timer_1.o)
 .debug_line    0x00005378       0x95 .\CortexM3\ARM_GCC_541\Debug\FreeRTOS_Demo.a(Laser.o)
 .debug_line    0x0000540d      0x189 .\CortexM3\ARM_GCC_541\Debug\FreeRTOS_Demo.a(PWM_1.o)
 .debug_line    0x00005596       0xb1 .\CortexM3\ARM_GCC_541\Debug\FreeRTOS_Demo.a(PWM_1_PM.o)
 .debug_line    0x00005647       0x99 .\CortexM3\ARM_GCC_541\Debug\FreeRTOS_Demo.a(LED_GREEN.o)
 .debug_line    0x000056e0       0x66 .\CortexM3\ARM_GCC_541\Debug\FreeRTOS_Demo.a(CyBootAsmGnu.o)
 .debug_line    0x00005746      0x205 .\CortexM3\ARM_GCC_541\Debug\FreeRTOS_Demo.a(CyFlash.o)
 .debug_line    0x0000594b      0x212 .\CortexM3\ARM_GCC_541\Debug\FreeRTOS_Demo.a(CySpc.o)

.debug_frame    0x00000000     0x5244
 *(.debug_frame)
 .debug_frame   0x00000000       0xd8 .\CortexM3\ARM_GCC_541\Debug\list.o
 .debug_frame   0x000000d8      0x4e8 .\CortexM3\ARM_GCC_541\Debug\queue.o
 .debug_frame   0x000005c0      0x818 .\CortexM3\ARM_GCC_541\Debug\tasks.o
 .debug_frame   0x00000dd8      0x16c .\CortexM3\ARM_GCC_541\Debug\port.o
 .debug_frame   0x00000f44       0xd0 .\CortexM3\ARM_GCC_541\Debug\heap_2.o
 .debug_frame   0x00001014       0x64 .\CortexM3\ARM_GCC_541\Debug\IntQueueTimer.o
 .debug_frame   0x00001078       0xe0 .\CortexM3\ARM_GCC_541\Debug\main.o
 .debug_frame   0x00001158      0x100 .\CortexM3\ARM_GCC_541\Debug\Serial.o
 .debug_frame   0x00001258      0x13c .\CortexM3\ARM_GCC_541\Debug\movement.o
 .debug_frame   0x00001394       0xa0 .\CortexM3\ARM_GCC_541\Debug\comtest.o
 .debug_frame   0x00001434      0x16c .\CortexM3\ARM_GCC_541\Debug\cyfitter_cfg.o
 .debug_frame   0x000015a0       0xd8 .\CortexM3\ARM_GCC_541\Debug\Cm3Start.o
 .debug_frame   0x00001678      0x428 .\CortexM3\ARM_GCC_541\Debug\FreeRTOS_Demo.a(UART_1.o)
 .debug_frame   0x00001aa0       0x38 .\CortexM3\ARM_GCC_541\Debug\FreeRTOS_Demo.a(UART_1_INT.o)
 .debug_frame   0x00001ad8      0x1e8 .\CortexM3\ARM_GCC_541\Debug\FreeRTOS_Demo.a(isr_UART1_TX_BYTE_COMPLETE.o)
 .debug_frame   0x00001cc0      0x1e8 .\CortexM3\ARM_GCC_541\Debug\FreeRTOS_Demo.a(isr_UART1_RX_BYTE_RECEIVED.o)
 .debug_frame   0x00001ea8      0x1b4 .\CortexM3\ARM_GCC_541\Debug\FreeRTOS_Demo.a(Clock_1.o)
 .debug_frame   0x0000205c      0x1b4 .\CortexM3\ARM_GCC_541\Debug\FreeRTOS_Demo.a(UART_1_IntClock.o)
 .debug_frame   0x00002210      0xc0c .\CortexM3\ARM_GCC_541\Debug\FreeRTOS_Demo.a(CyLib.o)
 .debug_frame   0x00002e1c      0x234 .\CortexM3\ARM_GCC_541\Debug\FreeRTOS_Demo.a(cyPm.o)
 .debug_frame   0x00003050      0x25c .\CortexM3\ARM_GCC_541\Debug\FreeRTOS_Demo.a(PWM_M1.o)
 .debug_frame   0x000032ac      0x1b4 .\CortexM3\ARM_GCC_541\Debug\FreeRTOS_Demo.a(MClock.o)
 .debug_frame   0x00003460       0xa8 .\CortexM3\ARM_GCC_541\Debug\FreeRTOS_Demo.a(M1_FWD.o)
 .debug_frame   0x00003508       0xa8 .\CortexM3\ARM_GCC_541\Debug\FreeRTOS_Demo.a(M1_BWD.o)
 .debug_frame   0x000035b0      0x25c .\CortexM3\ARM_GCC_541\Debug\FreeRTOS_Demo.a(PWM_M2.o)
 .debug_frame   0x0000380c       0xa8 .\CortexM3\ARM_GCC_541\Debug\FreeRTOS_Demo.a(M2_FWD.o)
 .debug_frame   0x000038b4       0xa8 .\CortexM3\ARM_GCC_541\Debug\FreeRTOS_Demo.a(M2_BWD.o)
 .debug_frame   0x0000395c       0xa8 .\CortexM3\ARM_GCC_541\Debug\FreeRTOS_Demo.a(Standby.o)
 .debug_frame   0x00003a04      0x158 .\CortexM3\ARM_GCC_541\Debug\FreeRTOS_Demo.a(M1QuadDec.o)
 .debug_frame   0x00003b5c       0x38 .\CortexM3\ARM_GCC_541\Debug\FreeRTOS_Demo.a(M1QuadDec_INT.o)
 .debug_frame   0x00003b94      0x1b4 .\CortexM3\ARM_GCC_541\Debug\FreeRTOS_Demo.a(M1Clock.o)
 .debug_frame   0x00003d48      0x158 .\CortexM3\ARM_GCC_541\Debug\FreeRTOS_Demo.a(M2QuadDec.o)
 .debug_frame   0x00003ea0       0x38 .\CortexM3\ARM_GCC_541\Debug\FreeRTOS_Demo.a(M2QuadDec_INT.o)
 .debug_frame   0x00003ed8      0x258 .\CortexM3\ARM_GCC_541\Debug\FreeRTOS_Demo.a(M1QuadDec_Cnt16.o)
 .debug_frame   0x00004130      0x258 .\CortexM3\ARM_GCC_541\Debug\FreeRTOS_Demo.a(M2QuadDec_Cnt16.o)
 .debug_frame   0x00004388      0x230 .\CortexM3\ARM_GCC_541\Debug\FreeRTOS_Demo.a(Timer_1.o)
 .debug_frame   0x000045b8       0xa8 .\CortexM3\ARM_GCC_541\Debug\FreeRTOS_Demo.a(Laser.o)
 .debug_frame   0x00004660      0x25c .\CortexM3\ARM_GCC_541\Debug\FreeRTOS_Demo.a(PWM_1.o)
 .debug_frame   0x000048bc       0x80 .\CortexM3\ARM_GCC_541\Debug\FreeRTOS_Demo.a(PWM_1_PM.o)
 .debug_frame   0x0000493c       0xa8 .\CortexM3\ARM_GCC_541\Debug\FreeRTOS_Demo.a(LED_GREEN.o)
 .debug_frame   0x000049e4      0x210 .\CortexM3\ARM_GCC_541\Debug\FreeRTOS_Demo.a(CyFlash.o)
 .debug_frame   0x00004bf4      0x1f8 .\CortexM3\ARM_GCC_541\Debug\FreeRTOS_Demo.a(CySpc.o)
 .debug_frame   0x00004dec       0x20 c:/program files (x86)/cypress/psoc creator/4.1/psoc creator/import/gnu/arm/5.4.1/bin/../lib/gcc/arm-none-eabi/5.4.1/../../../../arm-none-eabi/lib/armv7-m\libg_nano.a(lib_a-errno.o)
 .debug_frame   0x00004e0c       0x28 c:/program files (x86)/cypress/psoc creator/4.1/psoc creator/import/gnu/arm/5.4.1/bin/../lib/gcc/arm-none-eabi/5.4.1/../../../../arm-none-eabi/lib/armv7-m\libg_nano.a(lib_a-exit.o)
 .debug_frame   0x00004e34       0x2c c:/program files (x86)/cypress/psoc creator/4.1/psoc creator/import/gnu/arm/5.4.1/bin/../lib/gcc/arm-none-eabi/5.4.1/../../../../arm-none-eabi/lib/armv7-m\libg_nano.a(lib_a-init.o)
 .debug_frame   0x00004e60       0x28 c:/program files (x86)/cypress/psoc creator/4.1/psoc creator/import/gnu/arm/5.4.1/bin/../lib/gcc/arm-none-eabi/5.4.1/../../../../arm-none-eabi/lib/armv7-m\libg_nano.a(lib_a-memcpy-stub.o)
 .debug_frame   0x00004e88       0x20 c:/program files (x86)/cypress/psoc creator/4.1/psoc creator/import/gnu/arm/5.4.1/bin/../lib/gcc/arm-none-eabi/5.4.1/../../../../arm-none-eabi/lib/armv7-m\libg_nano.a(lib_a-memset.o)
 .debug_frame   0x00004ea8       0x74 c:/program files (x86)/cypress/psoc creator/4.1/psoc creator/import/gnu/arm/5.4.1/bin/../lib/gcc/arm-none-eabi/5.4.1/../../../../arm-none-eabi/lib/armv7-m\libg_nano.a(lib_a-snprintf.o)
 .debug_frame   0x00004f1c       0x70 c:/program files (x86)/cypress/psoc creator/4.1/psoc creator/import/gnu/arm/5.4.1/bin/../lib/gcc/arm-none-eabi/5.4.1/../../../../arm-none-eabi/lib/armv7-m\libg_nano.a(lib_a-sprintf.o)
 .debug_frame   0x00004f8c       0x90 c:/program files (x86)/cypress/psoc creator/4.1/psoc creator/import/gnu/arm/5.4.1/bin/../lib/gcc/arm-none-eabi/5.4.1/../../../../arm-none-eabi/lib/armv7-m\libg_nano.a(lib_a-nano-svfprintf.o)
 .debug_frame   0x0000501c       0x60 c:/program files (x86)/cypress/psoc creator/4.1/psoc creator/import/gnu/arm/5.4.1/bin/../lib/gcc/arm-none-eabi/5.4.1/../../../../arm-none-eabi/lib/armv7-m\libg_nano.a(lib_a-nano-vfprintf_i.o)
 .debug_frame   0x0000507c       0x28 c:/program files (x86)/cypress/psoc creator/4.1/psoc creator/import/gnu/arm/5.4.1/bin/../lib/gcc/arm-none-eabi/5.4.1/../../../../arm-none-eabi/lib/armv7-m\libg_nano.a(lib_a-memchr-stub.o)
 .debug_frame   0x000050a4       0x28 c:/program files (x86)/cypress/psoc creator/4.1/psoc creator/import/gnu/arm/5.4.1/bin/../lib/gcc/arm-none-eabi/5.4.1/../../../../arm-none-eabi/lib/armv7-m\libg_nano.a(lib_a-memmove.o)
 .debug_frame   0x000050cc       0x38 c:/program files (x86)/cypress/psoc creator/4.1/psoc creator/import/gnu/arm/5.4.1/bin/../lib/gcc/arm-none-eabi/5.4.1/../../../../arm-none-eabi/lib/armv7-m\libg_nano.a(lib_a-nano-freer.o)
 .debug_frame   0x00005104       0x2c c:/program files (x86)/cypress/psoc creator/4.1/psoc creator/import/gnu/arm/5.4.1/bin/../lib/gcc/arm-none-eabi/5.4.1/../../../../arm-none-eabi/lib/armv7-m\libg_nano.a(lib_a-nano-mallocr.o)
 .debug_frame   0x00005130       0x3c c:/program files (x86)/cypress/psoc creator/4.1/psoc creator/import/gnu/arm/5.4.1/bin/../lib/gcc/arm-none-eabi/5.4.1/../../../../arm-none-eabi/lib/armv7-m\libg_nano.a(lib_a-nano-reallocr.o)
 .debug_frame   0x0000516c       0x2c c:/program files (x86)/cypress/psoc creator/4.1/psoc creator/import/gnu/arm/5.4.1/bin/../lib/gcc/arm-none-eabi/5.4.1/../../../../arm-none-eabi/lib/armv7-m\libg_nano.a(lib_a-sbrkr.o)
 .debug_frame   0x00005198       0x30 c:/program files (x86)/cypress/psoc creator/4.1/psoc creator/import/gnu/arm/5.4.1/bin/../lib/gcc/arm-none-eabi/5.4.1/../../../../arm-none-eabi/lib/armv7-m\libg_nano.a(lib_a-mlock.o)
 .debug_frame   0x000051c8       0x20 c:/program files (x86)/cypress/psoc creator/4.1/psoc creator/import/gnu/arm/5.4.1/bin/../lib/gcc/arm-none-eabi/5.4.1/../../../../arm-none-eabi/lib/armv7-m\libg_nano.a(lib_a-nano-msizer.o)
 .debug_frame   0x000051e8       0x5c c:/program files (x86)/cypress/psoc creator/4.1/psoc creator/import/gnu/arm/5.4.1/bin/../lib/gcc/arm-none-eabi/5.4.1/../../../../arm-none-eabi/lib/armv7-m\libg_nano.a(lib_a-reent.o)

.debug_str      0x00000000     0x49d0
 *(.debug_str)
 .debug_str     0x00000000      0x1c9 .\CortexM3\ARM_GCC_541\Debug\croutine.o
                                0x211 (size before relaxing)
 .debug_str     0x000001c9      0x15c .\CortexM3\ARM_GCC_541\Debug\list.o
                                0x360 (size before relaxing)
 .debug_str     0x00000325      0x5f3 .\CortexM3\ARM_GCC_541\Debug\queue.o
                                0x8f2 (size before relaxing)
 .debug_str     0x00000918      0xb4c .\CortexM3\ARM_GCC_541\Debug\tasks.o
                                0xf2a (size before relaxing)
 .debug_str     0x00001464      0x12b .\CortexM3\ARM_GCC_541\Debug\port.o
                                0x3c4 (size before relaxing)
 .debug_str     0x0000158f      0x181 .\CortexM3\ARM_GCC_541\Debug\heap_2.o
                                0x3c8 (size before relaxing)
 .debug_str     0x00001710       0xfe .\CortexM3\ARM_GCC_541\Debug\IntQueueTimer.o
                                0x30d (size before relaxing)
 .debug_str     0x0000180e      0x139 .\CortexM3\ARM_GCC_541\Debug\main.o
                                0x434 (size before relaxing)
 .debug_str     0x00001947       0xed .\CortexM3\ARM_GCC_541\Debug\Serial.o
                                0x3bd (size before relaxing)
 .debug_str     0x00001a34       0xb0 .\CortexM3\ARM_GCC_541\Debug\movement.o
                                0x332 (size before relaxing)
 .debug_str     0x00001ae4       0xc7 .\CortexM3\ARM_GCC_541\Debug\comtest.o
                                0x342 (size before relaxing)
 .debug_str     0x00001bab      0x1a4 .\CortexM3\ARM_GCC_541\Debug\cyfitter_cfg.o
                                0x394 (size before relaxing)
 .debug_str     0x00001d4f       0x75 .\CortexM3\ARM_GCC_541\Debug\cymetadata.o
                                0x23a (size before relaxing)
 .debug_str     0x00001dc4      0x103 .\CortexM3\ARM_GCC_541\Debug\Cm3Start.o
                                0x32d (size before relaxing)
 .debug_str     0x00001ec7      0x368 .\CortexM3\ARM_GCC_541\Debug\FreeRTOS_Demo.a(UART_1.o)
                                0x56c (size before relaxing)
 .debug_str     0x0000222f       0x57 .\CortexM3\ARM_GCC_541\Debug\FreeRTOS_Demo.a(UART_1_INT.o)
                                0x2b8 (size before relaxing)
 .debug_str     0x00002286      0x224 .\CortexM3\ARM_GCC_541\Debug\FreeRTOS_Demo.a(isr_UART1_TX_BYTE_COMPLETE.o)
                                0x422 (size before relaxing)
 .debug_str     0x000024aa      0x20c .\CortexM3\ARM_GCC_541\Debug\FreeRTOS_Demo.a(isr_UART1_RX_BYTE_RECEIVED.o)
                                0x422 (size before relaxing)
 .debug_str     0x000026b6      0x168 .\CortexM3\ARM_GCC_541\Debug\FreeRTOS_Demo.a(Clock_1.o)
                                0x344 (size before relaxing)
 .debug_str     0x0000281e      0x177 .\CortexM3\ARM_GCC_541\Debug\FreeRTOS_Demo.a(UART_1_IntClock.o)
                                0x3a4 (size before relaxing)
 .debug_str     0x00002995      0x7df .\CortexM3\ARM_GCC_541\Debug\FreeRTOS_Demo.a(CyLib.o)
                                0xa40 (size before relaxing)
 .debug_str     0x00003174      0x365 .\CortexM3\ARM_GCC_541\Debug\FreeRTOS_Demo.a(cyPm.o)
                                0x58d (size before relaxing)
 .debug_str     0x000034d9      0x1a9 .\CortexM3\ARM_GCC_541\Debug\FreeRTOS_Demo.a(PWM_M1.o)
                                0x39a (size before relaxing)
 .debug_str     0x00003682      0x10b .\CortexM3\ARM_GCC_541\Debug\FreeRTOS_Demo.a(MClock.o)
                                0x338 (size before relaxing)
 .debug_str     0x0000378d       0x6b .\CortexM3\ARM_GCC_541\Debug\FreeRTOS_Demo.a(M1_FWD.o)
                                0x23d (size before relaxing)
 .debug_str     0x000037f8       0x60 .\CortexM3\ARM_GCC_541\Debug\FreeRTOS_Demo.a(M1_BWD.o)
                                0x23d (size before relaxing)
 .debug_str     0x00003858      0x178 .\CortexM3\ARM_GCC_541\Debug\FreeRTOS_Demo.a(PWM_M2.o)
                                0x39a (size before relaxing)
 .debug_str     0x000039d0       0x60 .\CortexM3\ARM_GCC_541\Debug\FreeRTOS_Demo.a(M2_FWD.o)