Archive member included to satisfy reference by file (symbol)

.\CortexM3\ARM_GCC_541\Debug\FreeRTOS_Demo.a(UART_1.o)
                              .\CortexM3\ARM_GCC_541\Debug\main.o (UART_1_Start)
.\CortexM3\ARM_GCC_541\Debug\FreeRTOS_Demo.a(UART_1_INT.o)
                              .\CortexM3\ARM_GCC_541\Debug\FreeRTOS_Demo.a(UART_1.o) (UART_1_RXISR)
.\CortexM3\ARM_GCC_541\Debug\FreeRTOS_Demo.a(isr_UART1_TX_BYTE_COMPLETE.o)
                              .\CortexM3\ARM_GCC_541\Debug\Serial.o (isr_UART1_TX_BYTE_COMPLETE_StartEx)
.\CortexM3\ARM_GCC_541\Debug\FreeRTOS_Demo.a(isr_UART1_RX_BYTE_RECEIVED.o)
                              .\CortexM3\ARM_GCC_541\Debug\Serial.o (isr_UART1_RX_BYTE_RECEIVED_StartEx)
.\CortexM3\ARM_GCC_541\Debug\FreeRTOS_Demo.a(Clock_1.o)
                              .\CortexM3\ARM_GCC_541\Debug\main.o (Clock_1_Start)
.\CortexM3\ARM_GCC_541\Debug\FreeRTOS_Demo.a(UART_1_IntClock.o)
                              .\CortexM3\ARM_GCC_541\Debug\FreeRTOS_Demo.a(UART_1.o) (UART_1_IntClock_Start)
.\CortexM3\ARM_GCC_541\Debug\FreeRTOS_Demo.a(CyLib.o)
                              .\CortexM3\ARM_GCC_541\Debug\Cm3Start.o (CyResetStatus)
.\CortexM3\ARM_GCC_541\Debug\FreeRTOS_Demo.a(cyPm.o)
                              .\CortexM3\ARM_GCC_541\Debug\FreeRTOS_Demo.a(CyLib.o) (CyPmReadStatus)
.\CortexM3\ARM_GCC_541\Debug\FreeRTOS_Demo.a(PWM_M1.o)
                              .\CortexM3\ARM_GCC_541\Debug\main.o (PWM_M1_Start)
.\CortexM3\ARM_GCC_541\Debug\FreeRTOS_Demo.a(MClock.o)
                              .\CortexM3\ARM_GCC_541\Debug\main.o (MClock_Start)
.\CortexM3\ARM_GCC_541\Debug\FreeRTOS_Demo.a(M1_FWD.o)
                              .\CortexM3\ARM_GCC_541\Debug\movement.o (M1_FWD_Write)
.\CortexM3\ARM_GCC_541\Debug\FreeRTOS_Demo.a(M1_BWD.o)
                              .\CortexM3\ARM_GCC_541\Debug\movement.o (M1_BWD_Write)
.\CortexM3\ARM_GCC_541\Debug\FreeRTOS_Demo.a(PWM_M2.o)
                              .\CortexM3\ARM_GCC_541\Debug\main.o (PWM_M2_Start)
.\CortexM3\ARM_GCC_541\Debug\FreeRTOS_Demo.a(M2_FWD.o)
                              .\CortexM3\ARM_GCC_541\Debug\movement.o (M2_FWD_Write)
.\CortexM3\ARM_GCC_541\Debug\FreeRTOS_Demo.a(M2_BWD.o)
                              .\CortexM3\ARM_GCC_541\Debug\movement.o (M2_BWD_Write)
.\CortexM3\ARM_GCC_541\Debug\FreeRTOS_Demo.a(Standby.o)
                              .\CortexM3\ARM_GCC_541\Debug\movement.o (Standby_Write)
.\CortexM3\ARM_GCC_541\Debug\FreeRTOS_Demo.a(M1QuadDec.o)
                              .\CortexM3\ARM_GCC_541\Debug\main.o (M1QuadDec_Enable)
.\CortexM3\ARM_GCC_541\Debug\FreeRTOS_Demo.a(M1QuadDec_INT.o)
                              .\CortexM3\ARM_GCC_541\Debug\FreeRTOS_Demo.a(M1QuadDec.o) (M1QuadDec_count32SoftPart)
.\CortexM3\ARM_GCC_541\Debug\FreeRTOS_Demo.a(M1Clock.o)
                              .\CortexM3\ARM_GCC_541\Debug\main.o (M1Clock_Start)
.\CortexM3\ARM_GCC_541\Debug\FreeRTOS_Demo.a(M2QuadDec.o)
                              .\CortexM3\ARM_GCC_541\Debug\main.o (M2QuadDec_Enable)
.\CortexM3\ARM_GCC_541\Debug\FreeRTOS_Demo.a(M2QuadDec_INT.o)
                              .\CortexM3\ARM_GCC_541\Debug\FreeRTOS_Demo.a(M2QuadDec.o) (M2QuadDec_count32SoftPart)
.\CortexM3\ARM_GCC_541\Debug\FreeRTOS_Demo.a(M1QuadDec_Cnt16.o)
                              .\CortexM3\ARM_GCC_541\Debug\FreeRTOS_Demo.a(M1QuadDec.o) (M1QuadDec_Cnt16_WriteCounter)
.\CortexM3\ARM_GCC_541\Debug\FreeRTOS_Demo.a(M2QuadDec_Cnt16.o)
                              .\CortexM3\ARM_GCC_541\Debug\FreeRTOS_Demo.a(M2QuadDec.o) (M2QuadDec_Cnt16_WriteCounter)
.\CortexM3\ARM_GCC_541\Debug\FreeRTOS_Demo.a(Timer_1.o)
                              .\CortexM3\ARM_GCC_541\Debug\main.o (Timer_1_Start)
.\CortexM3\ARM_GCC_541\Debug\FreeRTOS_Demo.a(PWM_1.o)
                              .\CortexM3\ARM_GCC_541\Debug\main.o (PWM_1_Start)
.\CortexM3\ARM_GCC_541\Debug\FreeRTOS_Demo.a(PWM_1_PM.o)
                              .\CortexM3\ARM_GCC_541\Debug\main.o (PWM_1_Sleep)
.\CortexM3\ARM_GCC_541\Debug\FreeRTOS_Demo.a(LED_RED.o)
                              .\CortexM3\ARM_GCC_541\Debug\main.o (LED_RED_Write)
.\CortexM3\ARM_GCC_541\Debug\FreeRTOS_Demo.a(LED_BLUE.o)
                              .\CortexM3\ARM_GCC_541\Debug\main.o (LED_BLUE_Write)
.\CortexM3\ARM_GCC_541\Debug\FreeRTOS_Demo.a(PWM_2.o)
                              .\CortexM3\ARM_GCC_541\Debug\main.o (PWM_2_Start)
.\CortexM3\ARM_GCC_541\Debug\FreeRTOS_Demo.a(PWM_2_PM.o)
                              .\CortexM3\ARM_GCC_541\Debug\main.o (PWM_2_Sleep)
.\CortexM3\ARM_GCC_541\Debug\FreeRTOS_Demo.a(Clock_2.o)
                              .\CortexM3\ARM_GCC_541\Debug\main.o (Clock_2_Start)
.\CortexM3\ARM_GCC_541\Debug\FreeRTOS_Demo.a(CyBootAsmGnu.o)
                              .\CortexM3\ARM_GCC_541\Debug\cyfitter_cfg.o (CyDelayCycles)
.\CortexM3\ARM_GCC_541\Debug\FreeRTOS_Demo.a(CyFlash.o)
                              .\CortexM3\ARM_GCC_541\Debug\FreeRTOS_Demo.a(cyPm.o) (CyFlash_SetWaitCycles)
[...]
Memory Configuration

Name             Origin             Length             Attributes
rom              0x00000000         0x00040000         xr
ram              0x1fff8000         0x00010000         xrw
*default*        0x00000000         0xffffffff

Linker script and memory map

LOAD c:/program files (x86)/cypress/psoc creator/4.1/psoc creator/import/gnu/arm/5.4.1/bin/../lib/gcc/arm-none-eabi/5.4.1/armv7-m/crti.o
LOAD c:/program files (x86)/cypress/psoc creator/4.1/psoc creator/import/gnu/arm/5.4.1/bin/../lib/gcc/arm-none-eabi/5.4.1/armv7-m/crtbegin.o
LOAD c:/program files (x86)/cypress/psoc creator/4.1/psoc creator/import/gnu/arm/5.4.1/bin/../lib/gcc/arm-none-eabi/5.4.1/../../../../arm-none-eabi/lib/armv7-m/crt0.o
START GROUP
LOAD .\CortexM3\ARM_GCC_541\Debug\croutine.o
LOAD .\CortexM3\ARM_GCC_541\Debug\list.o
LOAD .\CortexM3\ARM_GCC_541\Debug\queue.o
LOAD .\CortexM3\ARM_GCC_541\Debug\tasks.o
LOAD .\CortexM3\ARM_GCC_541\Debug\port.o
LOAD .\CortexM3\ARM_GCC_541\Debug\heap_2.o
LOAD .\CortexM3\ARM_GCC_541\Debug\IntQueueTimer.o
LOAD .\CortexM3\ARM_GCC_541\Debug\main.o
LOAD .\CortexM3\ARM_GCC_541\Debug\Serial.o
LOAD .\CortexM3\ARM_GCC_541\Debug\movement.o
LOAD .\CortexM3\ARM_GCC_541\Debug\comtest.o
LOAD .\CortexM3\ARM_GCC_541\Debug\cyfitter_cfg.o
LOAD .\CortexM3\ARM_GCC_541\Debug\cymetadata.o
LOAD .\CortexM3\ARM_GCC_541\Debug\Cm3Start.o
LOAD .\CortexM3\ARM_GCC_541\Debug\FreeRTOS_Demo.a
LOAD C:\Program Files (x86)\Cypress\PSoC Creator\4.1\PSoC Creator\psoc\content\cycomponentlibrary\CyComponentLibrary.cylib\CortexM3\ARM_GCC_541\Debug\CyComponentLibrary.a
END GROUP
START GROUP
LOAD c:/program files (x86)/cypress/psoc creator/4.1/psoc creator/import/gnu/arm/5.4.1/bin/../lib/gcc/arm-none-eabi/5.4.1/armv7-m\libgcc.a
LOAD c:/program files (x86)/cypress/psoc creator/4.1/psoc creator/import/gnu/arm/5.4.1/bin/../lib/gcc/arm-none-eabi/5.4.1/../../../../arm-none-eabi/lib/armv7-m\libg_nano.a
LOAD c:/program files (x86)/cypress/psoc creator/4.1/psoc creator/import/gnu/arm/5.4.1/bin/../lib/gcc/arm-none-eabi/5.4.1/../../../../arm-none-eabi/lib/armv7-m\libc_nano.a
END GROUP
START GROUP
LOAD c:/program files (x86)/cypress/psoc creator/4.1/psoc creator/import/gnu/arm/5.4.1/bin/../lib/gcc/arm-none-eabi/5.4.1/armv7-m\libgcc.a
LOAD c:/program files (x86)/cypress/psoc creator/4.1/psoc creator/import/gnu/arm/5.4.1/bin/../lib/gcc/arm-none-eabi/5.4.1/../../../../arm-none-eabi/lib/armv7-m\libc_nano.a
END GROUP
LOAD c:/program files (x86)/cypress/psoc creator/4.1/psoc creator/import/gnu/arm/5.4.1/bin/../lib/gcc/arm-none-eabi/5.4.1/armv7-m/crtend.o
LOAD c:/program files (x86)/cypress/psoc creator/4.1/psoc creator/import/gnu/arm/5.4.1/bin/../lib/gcc/arm-none-eabi/5.4.1/armv7-m/crtn.o
START GROUP
LOAD c:/program files (x86)/cypress/psoc creator/4.1/psoc creator/import/gnu/arm/5.4.1/bin/../lib/gcc/arm-none-eabi/5.4.1/armv7-m\libgcc.a
LOAD c:/program files (x86)/cypress/psoc creator/4.1/psoc creator/import/gnu/arm/5.4.1/bin/../lib/gcc/arm-none-eabi/5.4.1/../../../../arm-none-eabi/lib/armv7-m\libc.a
LOAD c:/program files (x86)/cypress/psoc creator/4.1/psoc creator/import/gnu/arm/5.4.1/bin/../lib/gcc/arm-none-eabi/5.4.1/../../../../arm-none-eabi/lib/armv7-m\libnosys.a
END GROUP
                0x00000000                CY_APPL_ORIGIN = 0x0
                0x00000100                CY_FLASH_ROW_SIZE = 0x100
                0x00000020                CY_ECC_ROW_SIZE = 0x20
                0x00000000                CY_EE_IN_BTLDR = 0x0
                0x00000000                CY_APPL_LOADABLE = 0x0
                0x00000800                CY_EE_SIZE = 0x800
                0x00000001                CY_APPL_NUM = 0x1
                0x00000001                CY_APPL_MAX = 0x1
                0x00000040                CY_METADATA_SIZE = 0x40
                0x00000000                CY_APPL_LOADABLE = 0x0
                0x00000000                CY_CHECKSUM_EXCLUDE_SIZE = ALIGN (0x0, CY_FLASH_ROW_SIZE)
                [!provide]                PROVIDE (__cy_heap_start, _end)
                0x00000001                PROVIDE (__cy_region_num, ((__cy_regions_end - __cy_regions) / 0x10))
                0x20008000                PROVIDE (__cy_stack, (ORIGIN (ram) + LENGTH (ram)))
                [!provide]                PROVIDE (__cy_heap_end, (__cy_stack - 0x400))

.cybootloader   0x00000000        0x0
 *(.cybootloader)
                0x00000000                appl1_start = CY_APPL_ORIGIN?CY_APPL_ORIGIN:ALIGN (CY_FLASH_ROW_SIZE)
                0x0001ff00                appl2_start = (appl1_start + ALIGN ((((LENGTH (rom) - appl1_start) - (0x2 * CY_FLASH_ROW_SIZE)) / 0x2), CY_FLASH_ROW_SIZE))
                0x00000000                appl_start = (CY_APPL_NUM == 0x1)?appl1_start:appl2_start
                0x00000000                ecc_offset = ((appl_start / CY_FLASH_ROW_SIZE) * CY_ECC_ROW_SIZE)
                0x00000000                ee_offset = (CY_APPL_LOADABLE && ! (CY_EE_IN_BTLDR))?((CY_EE_SIZE / CY_APPL_MAX) * (CY_APPL_NUM - 0x1)):0x0
                0x00000800                ee_size = (CY_APPL_LOADABLE && ! (CY_EE_IN_BTLDR))?(CY_EE_SIZE / CY_APPL_MAX):CY_EE_SIZE
                [!provide]                PROVIDE (CY_ECC_OFFSET, ecc_offset)

.text           0x00000000     0x5a04
 CREATE_OBJECT_SYMBOLS
                0x00000000                PROVIDE (__cy_interrupt_vector, RomVectors)
 *(.romvectors)
 .romvectors    0x00000000       0x10 .\CortexM3\ARM_GCC_541\Debug\Cm3Start.o
                0x00000000                RomVectors
                0x00000001                ASSERT ((. != __cy_interrupt_vector), No interrupt vector)
                0x00000001                ASSERT (CY_APPL_ORIGIN?(SIZEOF (.cybootloader) <= CY_APPL_ORIGIN):0x1, Wrong image location)
                0x00000010                PROVIDE (__cy_reset, Reset)
 *(.text.Reset)
 .text.Reset    0x00000010       0x18 .\CortexM3\ARM_GCC_541\Debug\Cm3Start.o
                0x00000010                Reset
                0x00000001                ASSERT ((. != __cy_reset), No reset code)
 *(.dma_init)
                0x00000001                ASSERT ((((appl_start + .) <= 0x10000) || 0x1), DMA Init must be within the first 64k of flash)
 *(.text .text.* .gnu.linkonce.t.*)
 .text          0x00000028       0x5c c:/program files (x86)/cypress/psoc creator/4.1/psoc creator/import/gnu/arm/5.4.1/bin/../lib/gcc/arm-none-eabi/5.4.1/armv7-m/crtbegin.o
 .text.vListInitialise
                0x00000084       0x40 .\CortexM3\ARM_GCC_541\Debug\list.o
                0x00000084                vListInitialise
 .text.vListInitialiseItem
                0x000000c4       0x18 .\CortexM3\ARM_GCC_541\Debug\list.o
                0x000000c4                vListInitialiseItem
 .text.vListInsertEnd
                0x000000dc       0x48 .\CortexM3\ARM_GCC_541\Debug\list.o
                0x000000dc                vListInsertEnd
 .text.vListInsert
                0x00000124       0x70 .\CortexM3\ARM_GCC_541\Debug\list.o
                0x00000124                vListInsert
 .text.uxListRemove
                0x00000194       0x54 .\CortexM3\ARM_GCC_541\Debug\list.o
                0x00000194                uxListRemove
 .text.xQueueGenericReset
                0x000001e8       0xb4 .\CortexM3\ARM_GCC_541\Debug\queue.o
                0x000001e8                xQueueGenericReset
 .text.xQueueGenericCreate
                0x0000029c       0x58 .\CortexM3\ARM_GCC_541\Debug\queue.o
                0x0000029c                xQueueGenericCreate
 .text.prvInitialiseNewQueue
                0x000002f4       0x40 .\CortexM3\ARM_GCC_541\Debug\queue.o
 .text.prvInitialiseMutex
                0x00000334       0x34 .\CortexM3\ARM_GCC_541\Debug\queue.o
 .text.xQueueCreateMutex
                0x00000368       0x30 .\CortexM3\ARM_GCC_541\Debug\queue.o
                0x00000368                xQueueCreateMutex
 .text.xQueueGenericSend
                0x00000398      0x154 .\CortexM3\ARM_GCC_541\Debug\queue.o
                0x00000398                xQueueGenericSend
 .text.xQueueGenericSendFromISR
                0x000004ec       0xb0 .\CortexM3\ARM_GCC_541\Debug\queue.o
                0x000004ec                xQueueGenericSendFromISR
 .text.xQueueReceive
                0x0000059c      0x144 .\CortexM3\ARM_GCC_541\Debug\queue.o
                0x0000059c                xQueueReceive
 .text.xQueueSemaphoreTake
                0x000006e0      0x190 .\CortexM3\ARM_GCC_541\Debug\queue.o
                0x000006e0                xQueueSemaphoreTake
 .text.xQueueReceiveFromISR
                0x00000870       0xac .\CortexM3\ARM_GCC_541\Debug\queue.o
                0x00000870                xQueueReceiveFromISR
 .text.prvGetDisinheritPriorityAfterTimeout
                0x0000091c       0x30 .\CortexM3\ARM_GCC_541\Debug\queue.o
 .text.prvCopyDataToQueue
                0x0000094c       0xd4 .\CortexM3\ARM_GCC_541\Debug\queue.o
 .text.prvCopyDataFromQueue
                0x00000a20       0x4c .\CortexM3\ARM_GCC_541\Debug\queue.o
 .text.prvUnlockQueue
                0x00000a6c       0xa4 .\CortexM3\ARM_GCC_541\Debug\queue.o
 .text.prvIsQueueEmpty
                0x00000b10       0x2c .\CortexM3\ARM_GCC_541\Debug\queue.o
 .text.prvIsQueueFull
                0x00000b3c       0x30 .\CortexM3\ARM_GCC_541\Debug\queue.o
 .text.xTaskCreate
                0x00000b6c       0x84 .\CortexM3\ARM_GCC_541\Debug\tasks.o
                0x00000b6c                xTaskCreate
 .text.prvInitialiseNewTask
                0x00000bf0       0xf0 .\CortexM3\ARM_GCC_541\Debug\tasks.o
 .text.prvAddNewTaskToReadyList
                0x00000ce0       0xd4 .\CortexM3\ARM_GCC_541\Debug\tasks.o
 .text.vTaskDelay
                0x00000db4       0x48 .\CortexM3\ARM_GCC_541\Debug\tasks.o
                0x00000db4                vTaskDelay
 .text.vTaskStartScheduler
                0x00000dfc       0x6c .\CortexM3\ARM_GCC_541\Debug\tasks.o
                0x00000dfc                vTaskStartScheduler
 .text.vTaskSuspendAll
                0x00000e68       0x1c .\CortexM3\ARM_GCC_541\Debug\tasks.o
                0x00000e68                vTaskSuspendAll
 .text.xTaskResumeAll
                0x00000e84      0x11c .\CortexM3\ARM_GCC_541\Debug\tasks.o
                0x00000e84                xTaskResumeAll
 .text.xTaskIncrementTick
                0x00000fa0      0x150 .\CortexM3\ARM_GCC_541\Debug\tasks.o
                0x00000fa0                xTaskIncrementTick
 .text.vTaskSwitchContext
                0x000010f0       0xd8 .\CortexM3\ARM_GCC_541\Debug\tasks.o
                0x000010f0                vTaskSwitchContext
 .text.vTaskPlaceOnEventList
                0x000011c8       0x2c .\CortexM3\ARM_GCC_541\Debug\tasks.o
                0x000011c8                vTaskPlaceOnEventList
 .text.xTaskRemoveFromEventList
                0x000011f4       0xa8 .\CortexM3\ARM_GCC_541\Debug\tasks.o
                0x000011f4                xTaskRemoveFromEventList
 .text.vTaskInternalSetTimeOutState
                0x0000129c       0x2c .\CortexM3\ARM_GCC_541\Debug\tasks.o
                0x0000129c                vTaskInternalSetTimeOutState
 .text.xTaskCheckForTimeOut
                0x000012c8       0x8c .\CortexM3\ARM_GCC_541\Debug\tasks.o
                0x000012c8                xTaskCheckForTimeOut
 .text.vTaskMissedYield
                0x00001354       0x18 .\CortexM3\ARM_GCC_541\Debug\tasks.o
                0x00001354                vTaskMissedYield
 .text.prvIdleTask
                0x0000136c       0x10 .\CortexM3\ARM_GCC_541\Debug\tasks.o
 .text.prvInitialiseTaskLists
                0x0000137c       0x80 .\CortexM3\ARM_GCC_541\Debug\tasks.o
 .text.prvCheckTasksWaitingTermination
                0x000013fc       0x58 .\CortexM3\ARM_GCC_541\Debug\tasks.o
 .text.prvDeleteTCB
                0x00001454       0x20 .\CortexM3\ARM_GCC_541\Debug\tasks.o
 .text.prvResetNextTaskUnblockTime
                0x00001474       0x40 .\CortexM3\ARM_GCC_541\Debug\tasks.o
 .text.xTaskPriorityInherit
                0x000014b4      0x100 .\CortexM3\ARM_GCC_541\Debug\tasks.o
                0x000014b4                xTaskPriorityInherit
 .text.xTaskPriorityDisinherit
                0x000015b4       0xc8 .\CortexM3\ARM_GCC_541\Debug\tasks.o
                0x000015b4                xTaskPriorityDisinherit
 .text.vTaskPriorityDisinheritAfterTimeout
                0x0000167c       0xf0 .\CortexM3\ARM_GCC_541\Debug\tasks.o
                0x0000167c                vTaskPriorityDisinheritAfterTimeout
 .text.pvTaskIncrementMutexHeldCount
                0x0000176c       0x28 .\CortexM3\ARM_GCC_541\Debug\tasks.o
                0x0000176c                pvTaskIncrementMutexHeldCount
 .text.prvAddCurrentTaskToDelayedList
                0x00001794       0xcc .\CortexM3\ARM_GCC_541\Debug\tasks.o
 .text.pxPortInitialiseStack
                0x00001860       0x58 .\CortexM3\ARM_GCC_541\Debug\port.o
                0x00001860                pxPortInitialiseStack
 .text.prvTaskExitError
                0x000018b8       0x30 .\CortexM3\ARM_GCC_541\Debug\port.o
 *fill*         0x000018e8        0x8 
 .text.vPortSVCHandler
                0x000018f0       0x28 .\CortexM3\ARM_GCC_541\Debug\port.o
                0x000018f0                vPortSVCHandler
 .text.prvPortStartFirstTask
                0x00001918       0x20 .\CortexM3\ARM_GCC_541\Debug\port.o
 .text.xPortStartScheduler
                0x00001938       0x40 .\CortexM3\ARM_GCC_541\Debug\port.o
                0x00001938                xPortStartScheduler
 .text.vPortEnterCritical
                0x00001978       0x30 .\CortexM3\ARM_GCC_541\Debug\port.o
                0x00001978                vPortEnterCritical
 .text.vPortExitCritical
                0x000019a8       0x30 .\CortexM3\ARM_GCC_541\Debug\port.o
                0x000019a8                vPortExitCritical
 *fill*         0x000019d8        0x8 
 .text.xPortPendSVHandler
                0x000019e0       0x48 .\CortexM3\ARM_GCC_541\Debug\port.o
                0x000019e0                xPortPendSVHandler
 .text.xPortSysTickHandler
                0x00001a28       0x40 .\CortexM3\ARM_GCC_541\Debug\port.o
                0x00001a28                xPortSysTickHandler
 .text.vPortSetupTimerInterrupt
                0x00001a68       0x34 .\CortexM3\ARM_GCC_541\Debug\port.o
                0x00001a68                vPortSetupTimerInterrupt
 .text.pvPortMalloc
                0x00001a9c      0x124 .\CortexM3\ARM_GCC_541\Debug\heap_2.o
                0x00001a9c                pvPortMalloc
 .text.vPortFree
                0x00001bc0       0x74 .\CortexM3\ARM_GCC_541\Debug\heap_2.o
                0x00001bc0                vPortFree
 .text.prvHeapInit
                0x00001c34       0x50 .\CortexM3\ARM_GCC_541\Debug\heap_2.o
 .text.main     0x00001c84       0xe4 .\CortexM3\ARM_GCC_541\Debug\main.o
                0x00001c84                main
 .text.receive_data
                0x00001d68      0x380 .\CortexM3\ARM_GCC_541\Debug\main.o
                0x00001d68                receive_data
 .text.PID_initialise
                0x000020e8       0xd0 .\CortexM3\ARM_GCC_541\Debug\main.o
                0x000020e8                PID_initialise
 .text.prvHardwareSetup
                0x000021b8       0xb4 .\CortexM3\ARM_GCC_541\Debug\main.o
 .text.vApplicationStackOverflowHook
                0x0000226c       0x20 .\CortexM3\ARM_GCC_541\Debug\main.o
                0x0000226c                vApplicationStackOverflowHook
 .text.vApplicationMallocFailedHook
                0x0000228c       0x1c .\CortexM3\ARM_GCC_541\Debug\main.o
                0x0000228c                vApplicationMallocFailedHook
 .text.xSerialPortInitMinimal
                0x000022a8       0x74 .\CortexM3\ARM_GCC_541\Debug\Serial.o
                0x000022a8                xSerialPortInitMinimal
 .text.vSerialPutString
                0x0000231c       0x58 .\CortexM3\ARM_GCC_541\Debug\Serial.o
                0x0000231c                vSerialPutString
 .text.xSerialGetChar
                0x00002374       0x38 .\CortexM3\ARM_GCC_541\Debug\Serial.o
                0x00002374                xSerialGetChar
 .text.xSerialPutChar
                0x000023ac       0x50 .\CortexM3\ARM_GCC_541\Debug\Serial.o
                0x000023ac                xSerialPutChar
 .text.vUartRxISR
                0x000023fc       0x90 .\CortexM3\ARM_GCC_541\Debug\Serial.o
                0x000023fc                vUartRxISR
 .text.vUartTxISR
                0x0000248c       0xb0 .\CortexM3\ARM_GCC_541\Debug\Serial.o
                0x0000248c                vUartTxISR
 .text.turn_wheel
                0x0000253c       0xb4 .\CortexM3\ARM_GCC_541\Debug\movement.o
                0x0000253c                turn_wheel
 .text.mov_update_error
                0x000025f0       0xc8 .\CortexM3\ARM_GCC_541\Debug\movement.o
                0x000025f0                mov_update_error
 .text.mov_get_PID
                0x000026b8      0x1dc .\CortexM3\ARM_GCC_541\Debug\movement.o
                0x000026b8                mov_get_PID
 .text.mov_Adj_Volt
                0x00002894       0x2c .\CortexM3\ARM_GCC_541\Debug\movement.o
                0x00002894                mov_Adj_Volt
 .text.initialise_wheel_data
                0x000028c0       0x48 .\CortexM3\ARM_GCC_541\Debug\movement.o
                0x000028c0                initialise_wheel_data
 .text.update_inc
                0x00002908       0xbc .\CortexM3\ARM_GCC_541\Debug\movement.o
                0x00002908                update_inc
 .text.CYMEMZERO
                0x000029c4       0x1c .\CortexM3\ARM_GCC_541\Debug\cyfitter_cfg.o
 .text.CYCONFIGCPY
                0x000029e0       0x20 .\CortexM3\ARM_GCC_541\Debug\cyfitter_cfg.o
 .text.CyClockStartupError
                0x00002a00        0xc .\CortexM3\ARM_GCC_541\Debug\cyfitter_cfg.o
 .text.cfg_write_bytes32
                0x00002a0c       0x74 .\CortexM3\ARM_GCC_541\Debug\cyfitter_cfg.o
 .text.ClockSetup
                0x00002a80      0x150 .\CortexM3\ARM_GCC_541\Debug\cyfitter_cfg.o
 .text.AnalogSetDefault
                0x00002bd0       0x44 .\CortexM3\ARM_GCC_541\Debug\cyfitter_cfg.o
 .text.cyfitter_cfg
                0x00002c14      0x1c0 .\CortexM3\ARM_GCC_541\Debug\cyfitter_cfg.o
                0x00002c14                cyfitter_cfg
 .text.IntDefaultHandler
                0x00002dd4       0x14 .\CortexM3\ARM_GCC_541\Debug\Cm3Start.o
                0x00002dd4                IntDefaultHandler
 .text._sbrk    0x00002de8       0x50 .\CortexM3\ARM_GCC_541\Debug\Cm3Start.o
                0x00002de8                _sbrk
 .text.Start_c  0x00002e38       0x98 .\CortexM3\ARM_GCC_541\Debug\Cm3Start.o
                0x00002e38                Start_c
 .text.initialize_psoc
                0x00002ed0       0x90 .\CortexM3\ARM_GCC_541\Debug\Cm3Start.o
                0x00002ed0                initialize_psoc
 .text.UART_1_Start
                0x00002f60       0x24 .\CortexM3\ARM_GCC_541\Debug\FreeRTOS_Demo.a(UART_1.o)
                0x00002f60                UART_1_Start
 .text.UART_1_Init
                0x00002f84       0x58 .\CortexM3\ARM_GCC_541\Debug\FreeRTOS_Demo.a(UART_1.o)
                0x00002f84                UART_1_Init
 .text.UART_1_Enable
                0x00002fdc       0x68 .\CortexM3\ARM_GCC_541\Debug\FreeRTOS_Demo.a(UART_1.o)
                0x00002fdc                UART_1_Enable
 .text.UART_1_ReadRxStatus
                0x00003044       0x40 .\CortexM3\ARM_GCC_541\Debug\FreeRTOS_Demo.a(UART_1.o)
                0x00003044                UART_1_ReadRxStatus
 .text.UART_1_GetChar
                0x00003084       0xb8 .\CortexM3\ARM_GCC_541\Debug\FreeRTOS_Demo.a(UART_1.o)
                0x00003084                UART_1_GetChar
 .text.UART_1_SetTxInterruptMode
                0x0000313c       0x20 .\CortexM3\ARM_GCC_541\Debug\FreeRTOS_Demo.a(UART_1.o)
                0x0000313c                UART_1_SetTxInterruptMode
 .text.UART_1_ReadTxStatus
                0x0000315c       0x18 .\CortexM3\ARM_GCC_541\Debug\FreeRTOS_Demo.a(UART_1.o)
                0x0000315c                UART_1_ReadTxStatus
 .text.UART_1_PutChar
                0x00003174       0x34 .\CortexM3\ARM_GCC_541\Debug\FreeRTOS_Demo.a(UART_1.o)
                0x00003174                UART_1_PutChar
 .text.UART_1_RXISR
                0x000031a8       0xdc .\CortexM3\ARM_GCC_541\Debug\FreeRTOS_Demo.a(UART_1_INT.o)
                0x000031a8                UART_1_RXISR
 .text.isr_UART1_TX_BYTE_COMPLETE_StartEx
                0x00003284       0x24 .\CortexM3\ARM_GCC_541\Debug\FreeRTOS_Demo.a(isr_UART1_TX_BYTE_COMPLETE.o)
                0x00003284                isr_UART1_TX_BYTE_COMPLETE_StartEx
 .text.isr_UART1_TX_BYTE_COMPLETE_SetVector
                0x000032a8       0x24 .\CortexM3\ARM_GCC_541\Debug\FreeRTOS_Demo.a(isr_UART1_TX_BYTE_COMPLETE.o)
                0x000032a8                isr_UART1_TX_BYTE_COMPLETE_SetVector
 .text.isr_UART1_TX_BYTE_COMPLETE_SetPriority
                0x000032cc       0x24 .\CortexM3\ARM_GCC_541\Debug\FreeRTOS_Demo.a(isr_UART1_TX_BYTE_COMPLETE.o)
                0x000032cc                isr_UART1_TX_BYTE_COMPLETE_SetPriority
 .text.isr_UART1_TX_BYTE_COMPLETE_Enable
                0x000032f0       0x18 .\CortexM3\ARM_GCC_541\Debug\FreeRTOS_Demo.a(isr_UART1_TX_BYTE_COMPLETE.o)
                0x000032f0                isr_UART1_TX_BYTE_COMPLETE_Enable
 .text.isr_UART1_TX_BYTE_COMPLETE_Disable
                0x00003308       0x18 .\CortexM3\ARM_GCC_541\Debug\FreeRTOS_Demo.a(isr_UART1_TX_BYTE_COMPLETE.o)
                0x00003308                isr_UART1_TX_BYTE_COMPLETE_Disable
 .text.isr_UART1_TX_BYTE_COMPLETE_ClearPending
                0x00003320       0x18 .\CortexM3\ARM_GCC_541\Debug\FreeRTOS_Demo.a(isr_UART1_TX_BYTE_COMPLETE.o)
                0x00003320                isr_UART1_TX_BYTE_COMPLETE_ClearPending
 .text.isr_UART1_RX_BYTE_RECEIVED_StartEx
                0x00003338       0x24 .\CortexM3\ARM_GCC_541\Debug\FreeRTOS_Demo.a(isr_UART1_RX_BYTE_RECEIVED.o)
                0x00003338                isr_UART1_RX_BYTE_RECEIVED_StartEx
 .text.isr_UART1_RX_BYTE_RECEIVED_SetVector
                0x0000335c       0x24 .\CortexM3\ARM_GCC_541\Debug\FreeRTOS_Demo.a(isr_UART1_RX_BYTE_RECEIVED.o)
                0x0000335c                isr_UART1_RX_BYTE_RECEIVED_SetVector
 .text.isr_UART1_RX_BYTE_RECEIVED_SetPriority
                0x00003380       0x24 .\CortexM3\ARM_GCC_541\Debug\FreeRTOS_Demo.a(isr_UART1_RX_BYTE_RECEIVED.o)
                0x00003380                isr_UART1_RX_BYTE_RECEIVED_SetPriority
 .text.isr_UART1_RX_BYTE_RECEIVED_Enable
                0x000033a4       0x18 .\CortexM3\ARM_GCC_541\Debug\FreeRTOS_Demo.a(isr_UART1_RX_BYTE_RECEIVED.o)
                0x000033a4                isr_UART1_RX_BYTE_RECEIVED_Enable
 .text.isr_UART1_RX_BYTE_RECEIVED_Disable
                0x000033bc       0x18 .\CortexM3\ARM_GCC_541\Debug\FreeRTOS_Demo.a(isr_UART1_RX_BYTE_RECEIVED.o)
                0x000033bc                isr_UART1_RX_BYTE_RECEIVED_Disable
 .text.isr_UART1_RX_BYTE_RECEIVED_ClearPending
                0x000033d4       0x18 .\CortexM3\ARM_GCC_541\Debug\FreeRTOS_Demo.a(isr_UART1_RX_BYTE_RECEIVED.o)
                0x000033d4                isr_UART1_RX_BYTE_RECEIVED_ClearPending
 .text.Clock_1_Start
                0x000033ec       0x34 .\CortexM3\ARM_GCC_541\Debug\FreeRTOS_Demo.a(Clock_1.o)
                0x000033ec                Clock_1_Start
 .text.UART_1_IntClock_Start
                0x00003420       0x34 .\CortexM3\ARM_GCC_541\Debug\FreeRTOS_Demo.a(UART_1_IntClock.o)
                0x00003420                UART_1_IntClock_Start
 .text.CyHalt   0x00003454       0x18 .\CortexM3\ARM_GCC_541\Debug\FreeRTOS_Demo.a(CyLib.o)
                0x00003454                CyHalt
 .text.CySoftwareReset
                0x0000346c       0x20 .\CortexM3\ARM_GCC_541\Debug\FreeRTOS_Demo.a(CyLib.o)
                0x0000346c                CySoftwareReset
 .text.CyDelay  0x0000348c       0x44 .\CortexM3\ARM_GCC_541\Debug\FreeRTOS_Demo.a(CyLib.o)
                0x0000348c                CyDelay
 .text.CyIntSetVector
                0x000034d0       0x50 .\CortexM3\ARM_GCC_541\Debug\FreeRTOS_Demo.a(CyLib.o)
                0x000034d0                CyIntSetVector
 .text.CyIntSetPriority
                0x00003520       0x48 .\CortexM3\ARM_GCC_541\Debug\FreeRTOS_Demo.a(CyLib.o)
                0x00003520                CyIntSetPriority
 .text.PWM_M1_Start
                0x00003568       0x24 .\CortexM3\ARM_GCC_541\Debug\FreeRTOS_Demo.a(PWM_M1.o)
                0x00003568                PWM_M1_Start
 .text.PWM_M1_Init
                0x0000358c       0x94 .\CortexM3\ARM_GCC_541\Debug\FreeRTOS_Demo.a(PWM_M1.o)
                0x0000358c                PWM_M1_Init
 .text.PWM_M1_Enable
                0x00003620       0x20 .\CortexM3\ARM_GCC_541\Debug\FreeRTOS_Demo.a(PWM_M1.o)
                0x00003620                PWM_M1_Enable
 .text.PWM_M1_WriteCounter
                0x00003640       0x20 .\CortexM3\ARM_GCC_541\Debug\FreeRTOS_Demo.a(PWM_M1.o)
                0x00003640                PWM_M1_WriteCounter
 .text.PWM_M1_ClearFIFO
                0x00003660       0x1c .\CortexM3\ARM_GCC_541\Debug\FreeRTOS_Demo.a(PWM_M1.o)
                0x00003660                PWM_M1_ClearFIFO
 .text.PWM_M1_WritePeriod
                0x0000367c       0x20 .\CortexM3\ARM_GCC_541\Debug\FreeRTOS_Demo.a(PWM_M1.o)
                0x0000367c                PWM_M1_WritePeriod
 .text.PWM_M1_WriteCompare
                0x0000369c       0x20 .\CortexM3\ARM_GCC_541\Debug\FreeRTOS_Demo.a(PWM_M1.o)
                0x0000369c                PWM_M1_WriteCompare
 .text.PWM_M1_SetInterruptMode
                0x000036bc       0x20 .\CortexM3\ARM_GCC_541\Debug\FreeRTOS_Demo.a(PWM_M1.o)
                0x000036bc                PWM_M1_SetInterruptMode
 .text.PWM_M1_ReadStatusRegister
                0x000036dc       0x18 .\CortexM3\ARM_GCC_541\Debug\FreeRTOS_Demo.a(PWM_M1.o)
                0x000036dc                PWM_M1_ReadStatusRegister
 .text.PWM_M1_ReadCapture
                0x000036f4       0x18 .\CortexM3\ARM_GCC_541\Debug\FreeRTOS_Demo.a(PWM_M1.o)
                0x000036f4                PWM_M1_ReadCapture
 .text.MClock_Start
                0x0000370c       0x34 .\CortexM3\ARM_GCC_541\Debug\FreeRTOS_Demo.a(MClock.o)
                0x0000370c                MClock_Start
 .text.M1_FWD_Write
                0x00003740       0x3c .\CortexM3\ARM_GCC_541\Debug\FreeRTOS_Demo.a(M1_FWD.o)
                0x00003740                M1_FWD_Write
 .text.M1_BWD_Write
                0x0000377c       0x3c .\CortexM3\ARM_GCC_541\Debug\FreeRTOS_Demo.a(M1_BWD.o)
                0x0000377c                M1_BWD_Write
 .text.PWM_M2_Start
                0x000037b8       0x24 .\CortexM3\ARM_GCC_541\Debug\FreeRTOS_Demo.a(PWM_M2.o)
                0x000037b8                PWM_M2_Start
 .text.PWM_M2_Init
                0x000037dc       0x94 .\CortexM3\ARM_GCC_541\Debug\FreeRTOS_Demo.a(PWM_M2.o)
                0x000037dc                PWM_M2_Init
 .text.PWM_M2_Enable
                0x00003870       0x20 .\CortexM3\ARM_GCC_541\Debug\FreeRTOS_Demo.a(PWM_M2.o)
                0x00003870                PWM_M2_Enable
 .text.PWM_M2_WriteCounter
                0x00003890       0x20 .\CortexM3\ARM_GCC_541\Debug\FreeRTOS_Demo.a(PWM_M2.o)
                0x00003890                PWM_M2_WriteCounter
 .text.PWM_M2_ClearFIFO
                0x000038b0       0x1c .\CortexM3\ARM_GCC_541\Debug\FreeRTOS_Demo.a(PWM_M2.o)
                0x000038b0                PWM_M2_ClearFIFO
 .text.PWM_M2_WritePeriod
                0x000038cc       0x20 .\CortexM3\ARM_GCC_541\Debug\FreeRTOS_Demo.a(PWM_M2.o)
                0x000038cc                PWM_M2_WritePeriod
 .text.PWM_M2_WriteCompare
                0x000038ec       0x20 .\CortexM3\ARM_GCC_541\Debug\FreeRTOS_Demo.a(PWM_M2.o)
                0x000038ec                PWM_M2_WriteCompare
 .text.PWM_M2_SetInterruptMode
                0x0000390c       0x20 .\CortexM3\ARM_GCC_541\Debug\FreeRTOS_Demo.a(PWM_M2.o)
                0x0000390c                PWM_M2_SetInterruptMode
 .text.PWM_M2_ReadStatusRegister
                0x0000392c       0x18 .\CortexM3\ARM_GCC_541\Debug\FreeRTOS_Demo.a(PWM_M2.o)
                0x0000392c                PWM_M2_ReadStatusRegister
 .text.PWM_M2_ReadCapture
                0x00003944       0x18 .\CortexM3\ARM_GCC_541\Debug\FreeRTOS_Demo.a(PWM_M2.o)
                0x00003944                PWM_M2_ReadCapture
 .text.M2_FWD_Write
                0x0000395c       0x3c .\CortexM3\ARM_GCC_541\Debug\FreeRTOS_Demo.a(M2_FWD.o)
                0x0000395c                M2_FWD_Write
 .text.M2_BWD_Write
                0x00003998       0x3c .\CortexM3\ARM_GCC_541\Debug\FreeRTOS_Demo.a(M2_BWD.o)
                0x00003998                M2_BWD_Write
 .text.Standby_Write
                0x000039d4       0x3c .\CortexM3\ARM_GCC_541\Debug\FreeRTOS_Demo.a(Standby.o)
                0x000039d4                Standby_Write
 .text.M1QuadDec_Init
                0x00003a10       0x28 .\CortexM3\ARM_GCC_541\Debug\FreeRTOS_Demo.a(M1QuadDec.o)
                0x00003a10                M1QuadDec_Init
 .text.M1QuadDec_Enable
                0x00003a38       0x48 .\CortexM3\ARM_GCC_541\Debug\FreeRTOS_Demo.a(M1QuadDec.o)
                0x00003a38                M1QuadDec_Enable
 .text.M1QuadDec_Start
                0x00003a80       0x38 .\CortexM3\ARM_GCC_541\Debug\FreeRTOS_Demo.a(M1QuadDec.o)
                0x00003a80                M1QuadDec_Start
 .text.M1QuadDec_GetCounter
                0x00003ab8       0x48 .\CortexM3\ARM_GCC_541\Debug\FreeRTOS_Demo.a(M1QuadDec.o)
                0x00003ab8                M1QuadDec_GetCounter
 .text.M1QuadDec_SetCounter
                0x00003b00       0x38 .\CortexM3\ARM_GCC_541\Debug\FreeRTOS_Demo.a(M1QuadDec.o)
                0x00003b00                M1QuadDec_SetCounter
 .text.M1QuadDec_GetEvents
                0x00003b38       0x1c .\CortexM3\ARM_GCC_541\Debug\FreeRTOS_Demo.a(M1QuadDec.o)
                0x00003b38                M1QuadDec_GetEvents
 .text.M1QuadDec_SetInterruptMask
                0x00003b54       0x28 .\CortexM3\ARM_GCC_541\Debug\FreeRTOS_Demo.a(M1QuadDec.o)
                0x00003b54                M1QuadDec_SetInterruptMask
 .text.M1QuadDec_ISR
                0x00003b7c       0x60 .\CortexM3\ARM_GCC_541\Debug\FreeRTOS_Demo.a(M1QuadDec_INT.o)
                0x00003b7c                M1QuadDec_ISR
 .text.M1Clock_Start
                0x00003bdc       0x34 .\CortexM3\ARM_GCC_541\Debug\FreeRTOS_Demo.a(M1Clock.o)
                0x00003bdc                M1Clock_Start
 .text.M2QuadDec_Init
                0x00003c10       0x28 .\CortexM3\ARM_GCC_541\Debug\FreeRTOS_Demo.a(M2QuadDec.o)
                0x00003c10                M2QuadDec_Init
 .text.M2QuadDec_Enable
                0x00003c38       0x48 .\CortexM3\ARM_GCC_541\Debug\FreeRTOS_Demo.a(M2QuadDec.o)
                0x00003c38                M2QuadDec_Enable
 .text.M2QuadDec_Start
                0x00003c80       0x38 .\CortexM3\ARM_GCC_541\Debug\FreeRTOS_Demo.a(M2QuadDec.o)
                0x00003c80                M2QuadDec_Start
 .text.M2QuadDec_GetCounter
                0x00003cb8       0x48 .\CortexM3\ARM_GCC_541\Debug\FreeRTOS_Demo.a(M2QuadDec.o)
                0x00003cb8                M2QuadDec_GetCounter
 .text.M2QuadDec_SetCounter
                0x00003d00       0x38 .\CortexM3\ARM_GCC_541\Debug\FreeRTOS_Demo.a(M2QuadDec.o)
                0x00003d00                M2QuadDec_SetCounter
 .text.M2QuadDec_GetEvents
                0x00003d38       0x1c .\CortexM3\ARM_GCC_541\Debug\FreeRTOS_Demo.a(M2QuadDec.o)
                0x00003d38                M2QuadDec_GetEvents
 .text.M2QuadDec_SetInterruptMask
                0x00003d54       0x28 .\CortexM3\ARM_GCC_541\Debug\FreeRTOS_Demo.a(M2QuadDec.o)
                0x00003d54                M2QuadDec_SetInterruptMask
 .text.M2QuadDec_ISR
                0x00003d7c       0x60 .\CortexM3\ARM_GCC_541\Debug\FreeRTOS_Demo.a(M2QuadDec_INT.o)
                0x00003d7c                M2QuadDec_ISR
 .text.M1QuadDec_Cnt16_Init
                0x00003ddc       0x80 .\CortexM3\ARM_GCC_541\Debug\FreeRTOS_Demo.a(M1QuadDec_Cnt16.o)
                0x00003ddc                M1QuadDec_Cnt16_Init
 .text.M1QuadDec_Cnt16_Enable
                0x00003e5c       0x20 .\CortexM3\ARM_GCC_541\Debug\FreeRTOS_Demo.a(M1QuadDec_Cnt16.o)
                0x00003e5c                M1QuadDec_Cnt16_Enable
 .text.M1QuadDec_Cnt16_Start
                0x00003e7c       0x24 .\CortexM3\ARM_GCC_541\Debug\FreeRTOS_Demo.a(M1QuadDec_Cnt16.o)
                0x00003e7c                M1QuadDec_Cnt16_Start
 .text.M1QuadDec_Cnt16_SetInterruptMode
                0x00003ea0       0x20 .\CortexM3\ARM_GCC_541\Debug\FreeRTOS_Demo.a(M1QuadDec_Cnt16.o)
                0x00003ea0                M1QuadDec_Cnt16_SetInterruptMode
 .text.M1QuadDec_Cnt16_ReadStatusRegister
                0x00003ec0       0x18 .\CortexM3\ARM_GCC_541\Debug\FreeRTOS_Demo.a(M1QuadDec_Cnt16.o)
                0x00003ec0                M1QuadDec_Cnt16_ReadStatusRegister
 .text.M1QuadDec_Cnt16_WriteCounter
                0x00003ed8       0x20 .\CortexM3\ARM_GCC_541\Debug\FreeRTOS_Demo.a(M1QuadDec_Cnt16.o)
                0x00003ed8                M1QuadDec_Cnt16_WriteCounter
 .text.M1QuadDec_Cnt16_ReadCounter
                0x00003ef8       0x20 .\CortexM3\ARM_GCC_541\Debug\FreeRTOS_Demo.a(M1QuadDec_Cnt16.o)
                0x00003ef8                M1QuadDec_Cnt16_ReadCounter
 .text.M1QuadDec_Cnt16_ReadCapture
                0x00003f18       0x18 .\CortexM3\ARM_GCC_541\Debug\FreeRTOS_Demo.a(M1QuadDec_Cnt16.o)
                0x00003f18                M1QuadDec_Cnt16_ReadCapture
 .text.M1QuadDec_Cnt16_WritePeriod
                0x00003f30       0x20 .\CortexM3\ARM_GCC_541\Debug\FreeRTOS_Demo.a(M1QuadDec_Cnt16.o)
                0x00003f30                M1QuadDec_Cnt16_WritePeriod
 .text.M1QuadDec_Cnt16_WriteCompare
                0x00003f50       0x20 .\CortexM3\ARM_GCC_541\Debug\FreeRTOS_Demo.a(M1QuadDec_Cnt16.o)
                0x00003f50                M1QuadDec_Cnt16_WriteCompare
 .text.M1QuadDec_Cnt16_ClearFIFO
                0x00003f70       0x1c .\CortexM3\ARM_GCC_541\Debug\FreeRTOS_Demo.a(M1QuadDec_Cnt16.o)
                0x00003f70                M1QuadDec_Cnt16_ClearFIFO
 .text.M2QuadDec_Cnt16_Init
                0x00003f8c       0x80 .\CortexM3\ARM_GCC_541\Debug\FreeRTOS_Demo.a(M2QuadDec_Cnt16.o)
                0x00003f8c                M2QuadDec_Cnt16_Init
 .text.M2QuadDec_Cnt16_Enable
                0x0000400c       0x20 .\CortexM3\ARM_GCC_541\Debug\FreeRTOS_Demo.a(M2QuadDec_Cnt16.o)
                0x0000400c                M2QuadDec_Cnt16_Enable
 .text.M2QuadDec_Cnt16_Start
                0x0000402c       0x24 .\CortexM3\ARM_GCC_541\Debug\FreeRTOS_Demo.a(M2QuadDec_Cnt16.o)
                0x0000402c                M2QuadDec_Cnt16_Start
 .text.M2QuadDec_Cnt16_SetInterruptMode
                0x00004050       0x20 .\CortexM3\ARM_GCC_541\Debug\FreeRTOS_Demo.a(M2QuadDec_Cnt16.o)
                0x00004050                M2QuadDec_Cnt16_SetInterruptMode
 .text.M2QuadDec_Cnt16_ReadStatusRegister
                0x00004070       0x18 .\CortexM3\ARM_GCC_541\Debug\FreeRTOS_Demo.a(M2QuadDec_Cnt16.o)
                0x00004070                M2QuadDec_Cnt16_ReadStatusRegister
 .text.M2QuadDec_Cnt16_WriteCounter
                0x00004088       0x20 .\CortexM3\ARM_GCC_541\Debug\FreeRTOS_Demo.a(M2QuadDec_Cnt16.o)
                0x00004088                M2QuadDec_Cnt16_WriteCounter
 .text.M2QuadDec_Cnt16_ReadCounter
                0x000040a8       0x20 .\CortexM3\ARM_GCC_541\Debug\FreeRTOS_Demo.a(M2QuadDec_Cnt16.o)
                0x000040a8                M2QuadDec_Cnt16_ReadCounter
 .text.M2QuadDec_Cnt16_ReadCapture
                0x000040c8       0x18 .\CortexM3\ARM_GCC_541\Debug\FreeRTOS_Demo.a(M2QuadDec_Cnt16.o)
                0x000040c8                M2QuadDec_Cnt16_ReadCapture
 .text.M2QuadDec_Cnt16_WritePeriod
                0x000040e0       0x20 .\CortexM3\ARM_GCC_541\Debug\FreeRTOS_Demo.a(M2QuadDec_Cnt16.o)
                0x000040e0                M2QuadDec_Cnt16_WritePeriod
 .text.M2QuadDec_Cnt16_WriteCompare
                0x00004100       0x20 .\CortexM3\ARM_GCC_541\Debug\FreeRTOS_Demo.a(M2QuadDec_Cnt16.o)
                0x00004100                M2QuadDec_Cnt16_WriteCompare
 .text.M2QuadDec_Cnt16_ClearFIFO
                0x00004120       0x1c .\CortexM3\ARM_GCC_541\Debug\FreeRTOS_Demo.a(M2QuadDec_Cnt16.o)
                0x00004120                M2QuadDec_Cnt16_ClearFIFO
 .text.Timer_1_Init
                0x0000413c       0x4c .\CortexM3\ARM_GCC_541\Debug\FreeRTOS_Demo.a(Timer_1.o)
                0x0000413c                Timer_1_Init
 .text.Timer_1_Enable
                0x00004188       0x20 .\CortexM3\ARM_GCC_541\Debug\FreeRTOS_Demo.a(Timer_1.o)
                0x00004188                Timer_1_Enable
 .text.Timer_1_Start
                0x000041a8       0x24 .\CortexM3\ARM_GCC_541\Debug\FreeRTOS_Demo.a(Timer_1.o)
                0x000041a8                Timer_1_Start
 .text.Timer_1_SetInterruptMode
                0x000041cc       0x20 .\CortexM3\ARM_GCC_541\Debug\FreeRTOS_Demo.a(Timer_1.o)
                0x000041cc                Timer_1_SetInterruptMode
 .text.Timer_1_ReadStatusRegister
                0x000041ec       0x18 .\CortexM3\ARM_GCC_541\Debug\FreeRTOS_Demo.a(Timer_1.o)
                0x000041ec                Timer_1_ReadStatusRegister
 .text.Timer_1_WritePeriod
                0x00004204       0x1c .\CortexM3\ARM_GCC_541\Debug\FreeRTOS_Demo.a(Timer_1.o)
                0x00004204                Timer_1_WritePeriod
 .text.Timer_1_ReadCapture
                0x00004220       0x14 .\CortexM3\ARM_GCC_541\Debug\FreeRTOS_Demo.a(Timer_1.o)
                0x00004220                Timer_1_ReadCapture
 .text.Timer_1_WriteCounter
                0x00004234       0x1c .\CortexM3\ARM_GCC_541\Debug\FreeRTOS_Demo.a(Timer_1.o)
                0x00004234                Timer_1_WriteCounter
 .text.Timer_1_ReadCounter
                0x00004250       0x1c .\CortexM3\ARM_GCC_541\Debug\FreeRTOS_Demo.a(Timer_1.o)
                0x00004250                Timer_1_ReadCounter
 .text.Timer_1_ClearFIFO
                0x0000426c       0x1c .\CortexM3\ARM_GCC_541\Debug\FreeRTOS_Demo.a(Timer_1.o)
                0x0000426c                Timer_1_ClearFIFO
 .text.PWM_1_Start
                0x00004288       0x24 .\CortexM3\ARM_GCC_541\Debug\FreeRTOS_Demo.a(PWM_1.o)
                0x00004288                PWM_1_Start
 .text.PWM_1_Init
                0x000042ac       0x94 .\CortexM3\ARM_GCC_541\Debug\FreeRTOS_Demo.a(PWM_1.o)
                0x000042ac                PWM_1_Init
 .text.PWM_1_Enable
                0x00004340       0x20 .\CortexM3\ARM_GCC_541\Debug\FreeRTOS_Demo.a(PWM_1.o)
                0x00004340                PWM_1_Enable
 .text.PWM_1_Stop
                0x00004360       0x20 .\CortexM3\ARM_GCC_541\Debug\FreeRTOS_Demo.a(PWM_1.o)
                0x00004360                PWM_1_Stop
 .text.PWM_1_WriteCounter
                0x00004380       0x20 .\CortexM3\ARM_GCC_541\Debug\FreeRTOS_Demo.a(PWM_1.o)
                0x00004380                PWM_1_WriteCounter
 .text.PWM_1_ReadCounter
                0x000043a0       0x20 .\CortexM3\ARM_GCC_541\Debug\FreeRTOS_Demo.a(PWM_1.o)
                0x000043a0                PWM_1_ReadCounter
 .text.PWM_1_ClearFIFO
                0x000043c0       0x1c .\CortexM3\ARM_GCC_541\Debug\FreeRTOS_Demo.a(PWM_1.o)
                0x000043c0                PWM_1_ClearFIFO
 .text.PWM_1_WritePeriod
                0x000043dc       0x20 .\CortexM3\ARM_GCC_541\Debug\FreeRTOS_Demo.a(PWM_1.o)
                0x000043dc                PWM_1_WritePeriod
 .text.PWM_1_WriteCompare
                0x000043fc       0x20 .\CortexM3\ARM_GCC_541\Debug\FreeRTOS_Demo.a(PWM_1.o)
                0x000043fc                PWM_1_WriteCompare
 .text.PWM_1_SetInterruptMode
                0x0000441c       0x20 .\CortexM3\ARM_GCC_541\Debug\FreeRTOS_Demo.a(PWM_1.o)
                0x0000441c                PWM_1_SetInterruptMode
 .text.PWM_1_ReadStatusRegister
                0x0000443c       0x18 .\CortexM3\ARM_GCC_541\Debug\FreeRTOS_Demo.a(PWM_1.o)
                0x0000443c                PWM_1_ReadStatusRegister
 .text.PWM_1_ReadControlRegister
                0x00004454       0x1c .\CortexM3\ARM_GCC_541\Debug\FreeRTOS_Demo.a(PWM_1.o)
                0x00004454                PWM_1_ReadControlRegister
 .text.PWM_1_WriteControlRegister
                0x00004470       0x20 .\CortexM3\ARM_GCC_541\Debug\FreeRTOS_Demo.a(PWM_1.o)
                0x00004470                PWM_1_WriteControlRegister
 .text.PWM_1_ReadCapture
                0x00004490       0x18 .\CortexM3\ARM_GCC_541\Debug\FreeRTOS_Demo.a(PWM_1.o)
                0x00004490                PWM_1_ReadCapture
 .text.PWM_1_ReadPeriod
                0x000044a8       0x18 .\CortexM3\ARM_GCC_541\Debug\FreeRTOS_Demo.a(PWM_1.o)
                0x000044a8                PWM_1_ReadPeriod
 .text.PWM_1_SaveConfig
                0x000044c0       0x40 .\CortexM3\ARM_GCC_541\Debug\FreeRTOS_Demo.a(PWM_1_PM.o)
                0x000044c0                PWM_1_SaveConfig
 .text.PWM_1_RestoreConfig
                0x00004500       0x38 .\CortexM3\ARM_GCC_541\Debug\FreeRTOS_Demo.a(PWM_1_PM.o)
                0x00004500                PWM_1_RestoreConfig
 .text.PWM_1_Sleep
                0x00004538       0x34 .\CortexM3\ARM_GCC_541\Debug\FreeRTOS_Demo.a(PWM_1_PM.o)
                0x00004538                PWM_1_Sleep
 .text.PWM_1_Wakeup
                0x0000456c       0x1c .\CortexM3\ARM_GCC_541\Debug\FreeRTOS_Demo.a(PWM_1_PM.o)
                0x0000456c                PWM_1_Wakeup
 .text.LED_RED_Write
                0x00004588       0x3c .\CortexM3\ARM_GCC_541\Debug\FreeRTOS_Demo.a(LED_RED.o)
                0x00004588                LED_RED_Write
 .text.LED_BLUE_Write
                0x000045c4       0x3c .\CortexM3\ARM_GCC_541\Debug\FreeRTOS_Demo.a(LED_BLUE.o)
                0x000045c4                LED_BLUE_Write
 .text.PWM_2_Start
                0x00004600       0x24 .\CortexM3\ARM_GCC_541\Debug\FreeRTOS_Demo.a(PWM_2.o)
                0x00004600                PWM_2_Start
 .text.PWM_2_Init
                0x00004624       0x94 .\CortexM3\ARM_GCC_541\Debug\FreeRTOS_Demo.a(PWM_2.o)
                0x00004624                PWM_2_Init
 .text.PWM_2_Enable
                0x000046b8       0x20 .\CortexM3\ARM_GCC_541\Debug\FreeRTOS_Demo.a(PWM_2.o)
                0x000046b8                PWM_2_Enable
 .text.PWM_2_Stop
                0x000046d8       0x20 .\CortexM3\ARM_GCC_541\Debug\FreeRTOS_Demo.a(PWM_2.o)
                0x000046d8                PWM_2_Stop
 .text.PWM_2_WriteCounter
                0x000046f8       0x20 .\CortexM3\ARM_GCC_541\Debug\FreeRTOS_Demo.a(PWM_2.o)
                0x000046f8                PWM_2_WriteCounter
 .text.PWM_2_ReadCounter
                0x00004718       0x20 .\CortexM3\ARM_GCC_541\Debug\FreeRTOS_Demo.a(PWM_2.o)
                0x00004718                PWM_2_ReadCounter
 .text.PWM_2_ClearFIFO
                0x00004738       0x1c .\CortexM3\ARM_GCC_541\Debug\FreeRTOS_Demo.a(PWM_2.o)
                0x00004738                PWM_2_ClearFIFO
 .text.PWM_2_WritePeriod
                0x00004754       0x20 .\CortexM3\ARM_GCC_541\Debug\FreeRTOS_Demo.a(PWM_2.o)
                0x00004754                PWM_2_WritePeriod
 .text.PWM_2_WriteCompare
                0x00004774       0x20 .\CortexM3\ARM_GCC_541\Debug\FreeRTOS_Demo.a(PWM_2.o)
                0x00004774                PWM_2_WriteCompare
 .text.PWM_2_SetInterruptMode
                0x00004794       0x20 .\CortexM3\ARM_GCC_541\Debug\FreeRTOS_Demo.a(PWM_2.o)
                0x00004794                PWM_2_SetInterruptMode
 .text.PWM_2_ReadStatusRegister
                0x000047b4       0x18 .\CortexM3\ARM_GCC_541\Debug\FreeRTOS_Demo.a(PWM_2.o)
                0x000047b4                PWM_2_ReadStatusRegister
 .text.PWM_2_ReadControlRegister
                0x000047cc       0x1c .\CortexM3\ARM_GCC_541\Debug\FreeRTOS_Demo.a(PWM_2.o)
                0x000047cc                PWM_2_ReadControlRegister
 .text.PWM_2_WriteControlRegister
                0x000047e8       0x20 .\CortexM3\ARM_GCC_541\Debug\FreeRTOS_Demo.a(PWM_2.o)
                0x000047e8                PWM_2_WriteControlRegister
 .text.PWM_2_ReadCapture
                0x00004808       0x18 .\CortexM3\ARM_GCC_541\Debug\FreeRTOS_Demo.a(PWM_2.o)
                0x00004808                PWM_2_ReadCapture
 .text.PWM_2_ReadPeriod
                0x00004820       0x18 .\CortexM3\ARM_GCC_541\Debug\FreeRTOS_Demo.a(PWM_2.o)
                0x00004820                PWM_2_ReadPeriod
 .text.PWM_2_SaveConfig
                0x00004838       0x40 .\CortexM3\ARM_GCC_541\Debug\FreeRTOS_Demo.a(PWM_2_PM.o)
                0x00004838                PWM_2_SaveConfig
 .text.PWM_2_RestoreConfig
                0x00004878       0x38 .\CortexM3\ARM_GCC_541\Debug\FreeRTOS_Demo.a(PWM_2_PM.o)
                0x00004878                PWM_2_RestoreConfig
 .text.PWM_2_Sleep
                0x000048b0       0x34 .\CortexM3\ARM_GCC_541\Debug\FreeRTOS_Demo.a(PWM_2_PM.o)
                0x000048b0                PWM_2_Sleep
 .text.PWM_2_Wakeup
                0x000048e4       0x1c .\CortexM3\ARM_GCC_541\Debug\FreeRTOS_Demo.a(PWM_2_PM.o)
                0x000048e4                PWM_2_Wakeup
 .text.Clock_2_Start
                0x00004900       0x34 .\CortexM3\ARM_GCC_541\Debug\FreeRTOS_Demo.a(Clock_2.o)
                0x00004900                Clock_2_Start
 *fill*         0x00004934        0x4 
 .text          0x00004938       0x20 .\CortexM3\ARM_GCC_541\Debug\FreeRTOS_Demo.a(CyBootAsmGnu.o)
                0x00004938                CyDelayCycles
                0x00004948                CyEnterCriticalSection
                0x00004950                CyExitCriticalSection
 .text          0x00004958      0x370 c:/program files (x86)/cypress/psoc creator/4.1/psoc creator/import/gnu/arm/5.4.1/bin/../lib/gcc/arm-none-eabi/5.4.1/armv7-m\libgcc.a(_arm_addsubdf3.o)
                0x00004958                __aeabi_drsub
                0x00004960                __aeabi_dsub
                0x00004960                __subdf3
                0x00004964                __aeabi_dadd
                0x00004964                __adddf3
                0x00004bdc                __floatunsidf
                0x00004bdc                __aeabi_ui2d
                0x00004bfc                __floatsidf
                0x00004bfc                __aeabi_i2d
                0x00004c20                __aeabi_f2d
                0x00004c20                __extendsfdf2
                0x00004c5c                __floatundidf
                0x00004c5c                __aeabi_ul2d
                0x00004c6c                __floatdidf
                0x00004c6c                __aeabi_l2d
 .text          0x00004cc8      0x424 c:/program files (x86)/cypress/psoc creator/4.1/psoc creator/import/gnu/arm/5.4.1/bin/../lib/gcc/arm-none-eabi/5.4.1/armv7-m\libgcc.a(_arm_muldivdf3.o)
                0x00004cc8                __aeabi_dmul
                0x00004cc8                __muldf3
                0x00004f1c                __divdf3
                0x00004f1c                __aeabi_ddiv
 .text          0x000050ec       0x50 c:/program files (x86)/cypress/psoc creator/4.1/psoc creator/import/gnu/arm/5.4.1/bin/../lib/gcc/arm-none-eabi/5.4.1/armv7-m\libgcc.a(_arm_fixdfsi.o)
                0x000050ec                __aeabi_d2iz
                0x000050ec                __fixdfsi
 .text.__errno  0x0000513c        0xc c:/program files (x86)/cypress/psoc creator/4.1/psoc creator/import/gnu/arm/5.4.1/bin/../lib/gcc/arm-none-eabi/5.4.1/../../../../arm-none-eabi/lib/armv7-m\libg_nano.a(lib_a-errno.o)
                0x0000513c                __errno
 .text.__libc_init_array
                0x00005148       0x4c c:/program files (x86)/cypress/psoc creator/4.1/psoc creator/import/gnu/arm/5.4.1/bin/../lib/gcc/arm-none-eabi/5.4.1/../../../../arm-none-eabi/lib/armv7-m\libg_nano.a(lib_a-init.o)
                0x00005148                __libc_init_array
 .text.memcpy   0x00005194       0x16 c:/program files (x86)/cypress/psoc creator/4.1/psoc creator/import/gnu/arm/5.4.1/bin/../lib/gcc/arm-none-eabi/5.4.1/../../../../arm-none-eabi/lib/armv7-m\libg_nano.a(lib_a-memcpy-stub.o)
                0x00005194                memcpy
 .text.memset   0x000051aa       0x10 c:/program files (x86)/cypress/psoc creator/4.1/psoc creator/import/gnu/arm/5.4.1/bin/../lib/gcc/arm-none-eabi/5.4.1/../../../../arm-none-eabi/lib/armv7-m\libg_nano.a(lib_a-memset.o)
                0x000051aa                memset
 *fill*         0x000051ba        0x2 
 .text.sprintf  0x000051bc       0x48 c:/program files (x86)/cypress/psoc creator/4.1/psoc creator/import/gnu/arm/5.4.1/bin/../lib/gcc/arm-none-eabi/5.4.1/../../../../arm-none-eabi/lib/armv7-m\libg_nano.a(lib_a-sprintf.o)
                0x000051bc                siprintf
                0x000051bc                sprintf
 .text.__ssputs_r
                0x00005204       0xb2 c:/program files (x86)/cypress/psoc creator/4.1/psoc creator/import/gnu/arm/5.4.1/bin/../lib/gcc/arm-none-eabi/5.4.1/../../../../arm-none-eabi/lib/armv7-m\libg_nano.a(lib_a-nano-svfprintf.o)
                0x00005204                __ssputs_r
 *fill*         0x000052b6        0x2 
 .text._svfprintf_r
                0x000052b8      0x1e8 c:/program files (x86)/cypress/psoc creator/4.1/psoc creator/import/gnu/arm/5.4.1/bin/../lib/gcc/arm-none-eabi/5.4.1/../../../../arm-none-eabi/lib/armv7-m\libg_nano.a(lib_a-nano-svfprintf.o)
                0x000052b8                _svfiprintf_r
                0x000052b8                _svfprintf_r
 .text._printf_common
                0x000054a0       0xec c:/program files (x86)/cypress/psoc creator/4.1/psoc creator/import/gnu/arm/5.4.1/bin/../lib/gcc/arm-none-eabi/5.4.1/../../../../arm-none-eabi/lib/armv7-m\libg_nano.a(lib_a-nano-vfprintf_i.o)
                0x000054a0                _printf_common
 .text._printf_i
                0x0000558c      0x24c c:/program files (x86)/cypress/psoc creator/4.1/psoc creator/import/gnu/arm/5.4.1/bin/../lib/gcc/arm-none-eabi/5.4.1/../../../../arm-none-eabi/lib/armv7-m\libg_nano.a(lib_a-nano-vfprintf_i.o)
                0x0000558c                _printf_i
 .text.memchr   0x000057d8       0x1c c:/program files (x86)/cypress/psoc creator/4.1/psoc creator/import/gnu/arm/5.4.1/bin/../lib/gcc/arm-none-eabi/5.4.1/../../../../arm-none-eabi/lib/armv7-m\libg_nano.a(lib_a-memchr-stub.o)
                0x000057d8                memchr
 .text.memmove  0x000057f4       0x36 c:/program files (x86)/cypress/psoc creator/4.1/psoc creator/import/gnu/arm/5.4.1/bin/../lib/gcc/arm-none-eabi/5.4.1/../../../../arm-none-eabi/lib/armv7-m\libg_nano.a(lib_a-memmove.o)
                0x000057f4                memmove
 *fill*         0x0000582a        0x2 
 .text._free_r  0x0000582c       0x98 c:/program files (x86)/cypress/psoc creator/4.1/psoc creator/import/gnu/arm/5.4.1/bin/../lib/gcc/arm-none-eabi/5.4.1/../../../../arm-none-eabi/lib/armv7-m\libg_nano.a(lib_a-nano-freer.o)
                0x0000582c                _free_r
 .text._malloc_r
                0x000058c4       0xbc c:/program files (x86)/cypress/psoc creator/4.1/psoc creator/import/gnu/arm/5.4.1/bin/../lib/gcc/arm-none-eabi/5.4.1/../../../../arm-none-eabi/lib/armv7-m\libg_nano.a(lib_a-nano-mallocr.o)
                0x000058c4                _malloc_r
 .text._realloc_r
                0x00005980       0x4c c:/program files (x86)/cypress/psoc creator/4.1/psoc creator/import/gnu/arm/5.4.1/bin/../lib/gcc/arm-none-eabi/5.4.1/../../../../arm-none-eabi/lib/armv7-m\libg_nano.a(lib_a-nano-reallocr.o)
                0x00005980                _realloc_r
 .text._sbrk_r  0x000059cc       0x20 c:/program files (x86)/cypress/psoc creator/4.1/psoc creator/import/gnu/arm/5.4.1/bin/../lib/gcc/arm-none-eabi/5.4.1/../../../../arm-none-eabi/lib/armv7-m\libg_nano.a(lib_a-sbrkr.o)
                0x000059cc                _sbrk_r
 .text.__malloc_lock
                0x000059ec        0x2 c:/program files (x86)/cypress/psoc creator/4.1/psoc creator/import/gnu/arm/5.4.1/bin/../lib/gcc/arm-none-eabi/5.4.1/../../../../arm-none-eabi/lib/armv7-m\libg_nano.a(lib_a-mlock.o)
                0x000059ec                __malloc_lock
 .text.__malloc_unlock
                0x000059ee        0x2 c:/program files (x86)/cypress/psoc creator/4.1/psoc creator/import/gnu/arm/5.4.1/bin/../lib/gcc/arm-none-eabi/5.4.1/../../../../arm-none-eabi/lib/armv7-m\libg_nano.a(lib_a-mlock.o)
                0x000059ee                __malloc_unlock
 .text._malloc_usable_size_r
                0x000059f0       0x14 c:/program files (x86)/cypress/psoc creator/4.1/psoc creator/import/gnu/arm/5.4.1/bin/../lib/gcc/arm-none-eabi/5.4.1/../../../../arm-none-eabi/lib/armv7-m\libg_nano.a(lib_a-nano-msizer.o)
                0x000059f0                _malloc_usable_size_r
 *(.plt)
 *(.gnu.warning)
 *(.glue_7t)
 .glue_7t       0x00005a04        0x0 linker stubs
 *(.glue_7)
 .glue_7        0x00005a04        0x0 linker stubs
 *(.vfp11_veneer)
 .vfp11_veneer  0x00005a04        0x0 linker stubs
 *(.bootloader)
 *(.ARM.extab* .gnu.linkonce.armextab.*)
 *(.gcc_except_table)

.v4_bx          0x00005a04        0x0
 .v4_bx         0x00005a04        0x0 linker stubs

.iplt           0x00005a04        0x0
 .iplt          0x00005a04        0x0 c:/program files (x86)/cypress/psoc creator/4.1/psoc creator/import/gnu/arm/5.4.1/bin/../lib/gcc/arm-none-eabi/5.4.1/armv7-m/crtbegin.o

.eh_frame_hdr
 *(.eh_frame_hdr)

.eh_frame       0x00005a04        0x4
 *(.eh_frame)
 .eh_frame      0x00005a04        0x0 c:/program files (x86)/cypress/psoc creator/4.1/psoc creator/import/gnu/arm/5.4.1/bin/../lib/gcc/arm-none-eabi/5.4.1/armv7-m/crtbegin.o
 .eh_frame      0x00005a04        0x4 c:/program files (x86)/cypress/psoc creator/4.1/psoc creator/import/gnu/arm/5.4.1/bin/../lib/gcc/arm-none-eabi/5.4.1/armv7-m/crtend.o
                [!provide]                PROVIDE (__exidx_start, .)

.ARM.exidx
 *(.ARM.exidx* .gnu.linkonce.armexidx.*)
                0x00005a08                __exidx_end = .

.rodata         0x00005a08      0x1f8
 *(.rodata .rodata.* .gnu.linkonce.r.*)
 .rodata        0x00005a08        0x5 .\CortexM3\ARM_GCC_541\Debug\tasks.o
 *fill*         0x00005a0d        0x3 
 .rodata        0x00005a10      0x141 .\CortexM3\ARM_GCC_541\Debug\main.o
 *fill*         0x00005b51        0x3 
 .rodata        0x00005b54       0x40 .\CortexM3\ARM_GCC_541\Debug\cyfitter_cfg.o
 .rodata.str1.1
                0x00005b94        0x2 c:/program files (x86)/cypress/psoc creator/4.1/psoc creator/import/gnu/arm/5.4.1/bin/../lib/gcc/arm-none-eabi/5.4.1/../../../../arm-none-eabi/lib/armv7-m\libg_nano.a(lib_a-impure.o)
 .rodata.str1.1
                0x00005b96       0x11 c:/program files (x86)/cypress/psoc creator/4.1/psoc creator/import/gnu/arm/5.4.1/bin/../lib/gcc/arm-none-eabi/5.4.1/../../../../arm-none-eabi/lib/armv7-m\libg_nano.a(lib_a-nano-svfprintf.o)
 .rodata.str1.1
                0x00005ba7       0x22 c:/program files (x86)/cypress/psoc creator/4.1/psoc creator/import/gnu/arm/5.4.1/bin/../lib/gcc/arm-none-eabi/5.4.1/../../../../arm-none-eabi/lib/armv7-m\libg_nano.a(lib_a-nano-vfprintf_i.o)
                0x00005bcc                . = ALIGN (0x4)
 *fill*         0x00005bc9        0x3 
 *(.init)
 .init          0x00005bcc        0x4 c:/program files (x86)/cypress/psoc creator/4.1/psoc creator/import/gnu/arm/5.4.1/bin/../lib/gcc/arm-none-eabi/5.4.1/armv7-m/crti.o
                0x00005bcc                _init
 .init          0x00005bd0        0x8 c:/program files (x86)/cypress/psoc creator/4.1/psoc creator/import/gnu/arm/5.4.1/bin/../lib/gcc/arm-none-eabi/5.4.1/armv7-m/crtn.o
                0x00005bd8                . = ALIGN (0x4)
                0x00005bd8                __preinit_array_start = .
 *(.preinit_array)
                0x00005bd8                __preinit_array_end = .
                0x00005bd8                . = ALIGN (0x4)
                0x00005bd8                __init_array_start = .
 *(SORT(.init_array.*))
 *(.init_array)
 .init_array    0x00005bd8        0x4 c:/program files (x86)/cypress/psoc creator/4.1/psoc creator/import/gnu/arm/5.4.1/bin/../lib/gcc/arm-none-eabi/5.4.1/armv7-m/crtbegin.o
 .init_array    0x00005bdc        0x4 .\CortexM3\ARM_GCC_541\Debug\Cm3Start.o
                0x00005be0                __init_array_end = .
                0x00005be0                . = ALIGN (0x4)
 *(.fini)
 .fini          0x00005be0        0x4 c:/program files (x86)/cypress/psoc creator/4.1/psoc creator/import/gnu/arm/5.4.1/bin/../lib/gcc/arm-none-eabi/5.4.1/armv7-m/crti.o
                0x00005be0                _fini
 .fini          0x00005be4        0x8 c:/program files (x86)/cypress/psoc creator/4.1/psoc creator/import/gnu/arm/5.4.1/bin/../lib/gcc/arm-none-eabi/5.4.1/armv7-m/crtn.o
                0x00005bec                . = ALIGN (0x4)
                0x00005bec                __fini_array_start = .
 *(.fini_array)
 .fini_array    0x00005bec        0x4 c:/program files (x86)/cypress/psoc creator/4.1/psoc creator/import/gnu/arm/5.4.1/bin/../lib/gcc/arm-none-eabi/5.4.1/armv7-m/crtbegin.o
 *(SORT(.fini_array.*))
                0x00005bf0                __fini_array_end = .
                0x00005bf0                . = ALIGN (0x4)
 *crtbegin.o(.ctors)
 *(EXCLUDE_FILE(*crtend.o) .ctors)
 *(SORT(.ctors.*))
 *crtend.o(.ctors)
                0x00005bf0                . = ALIGN (0x4)
 *crtbegin.o(.dtors)
 *(EXCLUDE_FILE(*crtend.o) .dtors)
 *(SORT(.dtors.*))
 *crtend.o(.dtors)
                0x00005bf0                . = ALIGN (0x4)
                0x00005bf0                __cy_regions = .
                0x00005bf0        0x4 LONG 0x5c00 __cy_region_init_ram
                0x00005bf4        0x4 LONG 0x1fff80c8 __cy_region_start_data
                0x00005bf8        0x4 LONG 0x88 __cy_region_init_size_ram
                0x00005bfc        0x4 LONG 0x8638 __cy_region_zero_size_ram
                0x00005c00                __cy_regions_end = .
                0x00005c00                . = ALIGN (0x8)
                0x00005c00                _etext = .

.cy_checksum_exclude
                0x00005c00        0x0
 *(.cy_checksum_exclude)

.ramvectors     0x1fff8000       0xc0
                0x1fff8000                __cy_region_start_ram = .
 *(.ramvectors)
 .ramvectors    0x1fff8000       0xc0 .\CortexM3\ARM_GCC_541\Debug\Cm3Start.o
                0x1fff8000                CyRamVectors

.noinit         0x1fff80c0        0x5
 *(.noinit)
 .noinit        0x1fff80c0        0x4 .\CortexM3\ARM_GCC_541\Debug\Cm3Start.o
 .noinit        0x1fff80c4        0x1 .\CortexM3\ARM_GCC_541\Debug\FreeRTOS_Demo.a(CyLib.o)
                0x1fff80c4                CyResetStatus

.data           0x1fff80c8       0x88 load address 0x00005c00
                0x1fff80c8                __cy_region_start_data = .
 *(.jcr)
 .jcr           0x1fff80c8        0x0 c:/program files (x86)/cypress/psoc creator/4.1/psoc creator/import/gnu/arm/5.4.1/bin/../lib/gcc/arm-none-eabi/5.4.1/armv7-m/crtbegin.o
 .jcr           0x1fff80c8        0x4 c:/program files (x86)/cypress/psoc creator/4.1/psoc creator/import/gnu/arm/5.4.1/bin/../lib/gcc/arm-none-eabi/5.4.1/armv7-m/crtend.o
 *(.got.plt)
 *(.got)
 *(.shdata)
 *(.data .data.* .gnu.linkonce.d.*)
 .data          0x1fff80cc        0x4 .\CortexM3\ARM_GCC_541\Debug\port.o
 .data          0x1fff80d0        0x4 .\CortexM3\ARM_GCC_541\Debug\heap_2.o
 .data          0x1fff80d4        0x4 .\CortexM3\ARM_GCC_541\Debug\main.o
                0x1fff80d4                first_run
 .data          0x1fff80d8        0x4 .\CortexM3\ARM_GCC_541\Debug\Cm3Start.o
 .data          0x1fff80dc       0x10 .\CortexM3\ARM_GCC_541\Debug\FreeRTOS_Demo.a(CyLib.o)
                0x1fff80dc                cydelay_freq_hz
                0x1fff80e0                cydelay_freq_khz
                0x1fff80e4                cydelay_freq_mhz
                0x1fff80e8                cydelay_32k_ms
 .data.impure_data
                0x1fff80ec       0x60 c:/program files (x86)/cypress/psoc creator/4.1/psoc creator/import/gnu/arm/5.4.1/bin/../lib/gcc/arm-none-eabi/5.4.1/../../../../arm-none-eabi/lib/armv7-m\libg_nano.a(lib_a-impure.o)
 .data._impure_ptr
                0x1fff814c        0x4 c:/program files (x86)/cypress/psoc creator/4.1/psoc creator/import/gnu/arm/5.4.1/bin/../lib/gcc/arm-none-eabi/5.4.1/../../../../arm-none-eabi/lib/armv7-m\libg_nano.a(lib_a-impure.o)
                0x1fff814c                _impure_ptr
                0x1fff8150                . = ALIGN (0x8)
 *(.ram)
                0x1fff8150                _edata = .

.igot.plt       0x1fff8150        0x0 load address 0x00005c88
 .igot.plt      0x1fff8150        0x0 c:/program files (x86)/cypress/psoc creator/4.1/psoc creator/import/gnu/arm/5.4.1/bin/../lib/gcc/arm-none-eabi/5.4.1/armv7-m/crtbegin.o

.bss            0x1fff8150     0x8638 load address 0x00005c88
                0x1fff8150                PROVIDE (__bss_start__, .)
 *(.shbss)
 *(.bss .bss.* .gnu.linkonce.b.*)
 .bss           0x1fff8150       0x1c c:/program files (x86)/cypress/psoc creator/4.1/psoc creator/import/gnu/arm/5.4.1/bin/../lib/gcc/arm-none-eabi/5.4.1/armv7-m/crtbegin.o
 .bss           0x1fff816c      0x104 .\CortexM3\ARM_GCC_541\Debug\tasks.o
                0x1fff816c                pxCurrentTCB
 .bss           0x1fff8270     0x8014 .\CortexM3\ARM_GCC_541\Debug\heap_2.o
 .bss           0x20000284       0x10 .\CortexM3\ARM_GCC_541\Debug\main.o
                0x20000288                gatekeeper
                0x2000028c                queue_handle
                0x20000290                isMaster
 .bss           0x20000294        0x8 .\CortexM3\ARM_GCC_541\Debug\Serial.o
 .bss           0x2000029c        0x9 .\CortexM3\ARM_GCC_541\Debug\FreeRTOS_Demo.a(UART_1.o)
                0x2000029c                UART_1_initVar
                0x2000029d                UART_1_errorStatus
                0x2000029e                UART_1_rxBufferRead
                0x200002a0                UART_1_rxBufferWrite
                0x200002a2                UART_1_rxBufferLoopDetect
                0x200002a3                UART_1_rxBufferOverflow
 .bss           0x200002a5        0x1 .\CortexM3\ARM_GCC_541\Debug\FreeRTOS_Demo.a(PWM_M1.o)
                0x200002a5                PWM_M1_initVar
 .bss           0x200002a6        0x1 .\CortexM3\ARM_GCC_541\Debug\FreeRTOS_Demo.a(PWM_M2.o)
                0x200002a6                PWM_M2_initVar
 .bss           0x200002a7        0x1 .\CortexM3\ARM_GCC_541\Debug\FreeRTOS_Demo.a(M1QuadDec.o)
                0x200002a7                M1QuadDec_initVar
 .bss           0x200002a8        0x4 .\CortexM3\ARM_GCC_541\Debug\FreeRTOS_Demo.a(M1QuadDec_INT.o)
                0x200002a8                M1QuadDec_count32SoftPart
 .bss           0x200002ac        0x1 .\CortexM3\ARM_GCC_541\Debug\FreeRTOS_Demo.a(M2QuadDec.o)
                0x200002ac                M2QuadDec_initVar
 *fill*         0x200002ad        0x3 
 .bss           0x200002b0        0x4 .\CortexM3\ARM_GCC_541\Debug\FreeRTOS_Demo.a(M2QuadDec_INT.o)
                0x200002b0                M2QuadDec_count32SoftPart
 .bss           0x200002b4        0x1 .\CortexM3\ARM_GCC_541\Debug\FreeRTOS_Demo.a(M1QuadDec_Cnt16.o)
                0x200002b4                M1QuadDec_Cnt16_initVar
 .bss           0x200002b5        0x1 .\CortexM3\ARM_GCC_541\Debug\FreeRTOS_Demo.a(M2QuadDec_Cnt16.o)
                0x200002b5                M2QuadDec_Cnt16_initVar
 .bss           0x200002b6        0x1 .\CortexM3\ARM_GCC_541\Debug\FreeRTOS_Demo.a(Timer_1.o)
                0x200002b6                Timer_1_initVar
 .bss           0x200002b7        0x1 .\CortexM3\ARM_GCC_541\Debug\FreeRTOS_Demo.a(PWM_1.o)
                0x200002b7                PWM_1_initVar
 .bss           0x200002b8        0x8 .\CortexM3\ARM_GCC_541\Debug\FreeRTOS_Demo.a(PWM_1_PM.o)
 .bss           0x200002c0        0x1 .\CortexM3\ARM_GCC_541\Debug\FreeRTOS_Demo.a(PWM_2.o)
                0x200002c0                PWM_2_initVar
 *fill*         0x200002c1        0x3 
 .bss           0x200002c4        0x8 .\CortexM3\ARM_GCC_541\Debug\FreeRTOS_Demo.a(PWM_2_PM.o)
 .bss.__malloc_sbrk_start
                0x200002cc        0x4 c:/program files (x86)/cypress/psoc creator/4.1/psoc creator/import/gnu/arm/5.4.1/bin/../lib/gcc/arm-none-eabi/5.4.1/../../../../arm-none-eabi/lib/armv7-m\libg_nano.a(lib_a-nano-mallocr.o)
                0x200002cc                __malloc_sbrk_start
 .bss.__malloc_free_list
                0x200002d0        0x4 c:/program files (x86)/cypress/psoc creator/4.1/psoc creator/import/gnu/arm/5.4.1/bin/../lib/gcc/arm-none-eabi/5.4.1/../../../../arm-none-eabi/lib/armv7-m\libg_nano.a(lib_a-nano-mallocr.o)
                0x200002d0                __malloc_free_list
 *(COMMON)
 *fill*         0x200002d4        0x4 
 COMMON         0x200002d8       0xa8 .\CortexM3\ARM_GCC_541\Debug\main.o
                0x200002d8                right_wheel
                0x20000300                k
                0x20000318                rx_receive
                0x2000031c                buffer
                0x2000035c                left_wheel
 COMMON         0x20000380      0x400 .\CortexM3\ARM_GCC_541\Debug\FreeRTOS_Demo.a(UART_1.o)
                0x20000380                UART_1_rxBuffer
 COMMON         0x20000780        0x4 c:/program files (x86)/cypress/psoc creator/4.1/psoc creator/import/gnu/arm/5.4.1/bin/../lib/gcc/arm-none-eabi/5.4.1/../../../../arm-none-eabi/lib/armv7-m\libg_nano.a(lib_a-reent.o)
                0x20000780                errno
                0x20000788                . = ALIGN (0x8)
 *fill*         0x20000784        0x4 
 *(.ram.b)
                0x20000788                _end = .
                0x20000788                __end = .
                0x20000788                PROVIDE (end, .)
                0x20000788                PROVIDE (__bss_end__, .)
                0x00005c00                __cy_region_init_ram = LOADADDR (.data)
                0x00000088                __cy_region_init_size_ram = (_edata - ADDR (.data))
                0x00008638                __cy_region_zero_size_ram = (_end - _edata)

.heap           0x20000788        0x0 load address 0x00005c88
                0x20000788                . = _end
                0x20000788                . = (. + 0x0)
                0x20000788                __cy_heap_limit = .

.stack          0x20007c00      0x400
                0x20007c00                __cy_stack_limit = .
                0x20008000                . = (. + 0x400)
 *fill*         0x20007c00      0x400 
                0x00000001                ASSERT ((__cy_stack_limit >= __cy_heap_limit), region RAM overflowed with stack)
                0x00000000                cy_checksum_exclude_size = (CY_APPL_LOADABLE == 0x1)?SIZEOF (.cy_checksum_exclude):0x0
                0x00000001                ASSERT ((cy_checksum_exclude_size <= CY_CHECKSUM_EXCLUDE_SIZE), CY_BOOT: Section .cy_checksum_exclude size exceedes specified limit.)

.cyloadermeta
 *(.cyloadermeta)

.cyloadablemeta
 *(.cyloadablemeta)

.cyconfigecc    0x80000000      0xecc
 *(.cyconfigecc)
 .cyconfigecc   0x80000000      0xecc .\CortexM3\ARM_GCC_541\Debug\cymetadata.o
                0x80000000                cy_meta_configecc

.cycustnvl      0x90000000        0x4
 *(.cycustnvl)
 .cycustnvl     0x90000000        0x4 .\CortexM3\ARM_GCC_541\Debug\cymetadata.o
                0x90000000                cy_meta_custnvl

.cywolatch      0x90100000        0x4
 *(.cywolatch)
 .cywolatch     0x90100000        0x4 .\CortexM3\ARM_GCC_541\Debug\cymetadata.o
                0x90100000                cy_meta_wonvl

.cyeeprom       0x90200000        0x0
 *(.cyeeprom)
                0x00000001                ASSERT ((. <= ((0x90200000 + ee_offset) + ee_size)), .cyeeprom data will not fit in EEPROM)

.cyflashprotect
                0x90400000      0x100
 *(.cyflashprotect)
 .cyflashprotect
                0x90400000      0x100 .\CortexM3\ARM_GCC_541\Debug\cymetadata.o
                0x90400000                cy_meta_flashprotect

.cymeta         0x90500000        0xc
 *(.cymeta)
 .cymeta        0x90500000        0xc .\CortexM3\ARM_GCC_541\Debug\cymetadata.o
                0x90500000                cy_metadata

.rel.dyn        0x00005c88        0x0 load address 0x9050000c
 .rel.iplt      0x00005c88        0x0 c:/program files (x86)/cypress/psoc creator/4.1/psoc creator/import/gnu/arm/5.4.1/bin/../lib/gcc/arm-none-eabi/5.4.1/armv7-m/crtbegin.o

.stab
 *(.stab)

.stabstr
 *(.stabstr)

.debug
 *(.debug)

.line
 *(.line)

.debug_srcinfo
 *(.debug_srcinfo)

.debug_sfnames
 *(.debug_sfnames)

.debug_aranges  0x00000000     0x1580
 *(.debug_aranges)
 .debug_aranges
                0x00000000       0x18 .\CortexM3\ARM_GCC_541\Debug\croutine.o
 .debug_aranges
                0x00000018       0x40 .\CortexM3\ARM_GCC_541\Debug\list.o
 .debug_aranges
                0x00000058      0x110 .\CortexM3\ARM_GCC_541\Debug\queue.o
 .debug_aranges
                0x00000168      0x1b8 .\CortexM3\ARM_GCC_541\Debug\tasks.o
 .debug_aranges
                0x00000320       0x70 .\CortexM3\ARM_GCC_541\Debug\port.o
 .debug_aranges
                0x00000390       0x40 .\CortexM3\ARM_GCC_541\Debug\heap_2.o
 .debug_aranges
                0x000003d0       0x30 .\CortexM3\ARM_GCC_541\Debug\IntQueueTimer.o
 .debug_aranges
                0x00000400       0x48 .\CortexM3\ARM_GCC_541\Debug\main.o
 .debug_aranges
                0x00000448       0x48 .\CortexM3\ARM_GCC_541\Debug\Serial.o
 .debug_aranges
                0x00000490       0x50 .\CortexM3\ARM_GCC_541\Debug\movement.o
 .debug_aranges
                0x000004e0       0x38 .\CortexM3\ARM_GCC_541\Debug\comtest.o
 .debug_aranges
                0x00000518       0x60 .\CortexM3\ARM_GCC_541\Debug\cyfitter_cfg.o
 .debug_aranges
                0x00000578       0x18 .\CortexM3\ARM_GCC_541\Debug\cymetadata.o
 .debug_aranges
                0x00000590       0x48 .\CortexM3\ARM_GCC_541\Debug\Cm3Start.o
 .debug_aranges
                0x000005d8       0xf0 .\CortexM3\ARM_GCC_541\Debug\FreeRTOS_Demo.a(UART_1.o)
 .debug_aranges
                0x000006c8       0x20 .\CortexM3\ARM_GCC_541\Debug\FreeRTOS_Demo.a(UART_1_INT.o)
 .debug_aranges
                0x000006e8       0x80 .\CortexM3\ARM_GCC_541\Debug\FreeRTOS_Demo.a(isr_UART1_TX_BYTE_COMPLETE.o)
 .debug_aranges
                0x00000768       0x80 .\CortexM3\ARM_GCC_541\Debug\FreeRTOS_Demo.a(isr_UART1_RX_BYTE_RECEIVED.o)
 .debug_aranges
                0x000007e8       0x70 .\CortexM3\ARM_GCC_541\Debug\FreeRTOS_Demo.a(Clock_1.o)
 .debug_aranges
                0x00000858       0x70 .\CortexM3\ARM_GCC_541\Debug\FreeRTOS_Demo.a(UART_1_IntClock.o)
 .debug_aranges
                0x000008c8      0x2a0 .\CortexM3\ARM_GCC_541\Debug\FreeRTOS_Demo.a(CyLib.o)
 .debug_aranges
                0x00000b68       0x98 .\CortexM3\ARM_GCC_541\Debug\FreeRTOS_Demo.a(cyPm.o)
 .debug_aranges
                0x00000c00       0x98 .\CortexM3\ARM_GCC_541\Debug\FreeRTOS_Demo.a(PWM_M1.o)
 .debug_aranges
                0x00000c98       0x70 .\CortexM3\ARM_GCC_541\Debug\FreeRTOS_Demo.a(MClock.o)
 .debug_aranges
                0x00000d08       0x38 .\CortexM3\ARM_GCC_541\Debug\FreeRTOS_Demo.a(M1_FWD.o)
 .debug_aranges
                0x00000d40       0x38 .\CortexM3\ARM_GCC_541\Debug\FreeRTOS_Demo.a(M1_BWD.o)
 .debug_aranges
                0x00000d78       0x98 .\CortexM3\ARM_GCC_541\Debug\FreeRTOS_Demo.a(PWM_M2.o)
 .debug_aranges
                0x00000e10       0x38 .\CortexM3\ARM_GCC_541\Debug\FreeRTOS_Demo.a(M2_FWD.o)
 .debug_aranges
                0x00000e48       0x38 .\CortexM3\ARM_GCC_541\Debug\FreeRTOS_Demo.a(M2_BWD.o)
 .debug_aranges
                0x00000e80       0x38 .\CortexM3\ARM_GCC_541\Debug\FreeRTOS_Demo.a(Standby.o)
 .debug_aranges
                0x00000eb8       0x60 .\CortexM3\ARM_GCC_541\Debug\FreeRTOS_Demo.a(M1QuadDec.o)
 .debug_aranges
                0x00000f18       0x20 .\CortexM3\ARM_GCC_541\Debug\FreeRTOS_Demo.a(M1QuadDec_INT.o)
 .debug_aranges
                0x00000f38       0x70 .\CortexM3\ARM_GCC_541\Debug\FreeRTOS_Demo.a(M1Clock.o)
 .debug_aranges
                0x00000fa8       0x60 .\CortexM3\ARM_GCC_541\Debug\FreeRTOS_Demo.a(M2QuadDec.o)
 .debug_aranges
                0x00001008       0x20 .\CortexM3\ARM_GCC_541\Debug\FreeRTOS_Demo.a(M2QuadDec_INT.o)
 .debug_aranges
                0x00001028       0x98 .\CortexM3\ARM_GCC_541\Debug\FreeRTOS_Demo.a(M1QuadDec_Cnt16.o)
 .debug_aranges
                0x000010c0       0x98 .\CortexM3\ARM_GCC_541\Debug\FreeRTOS_Demo.a(M2QuadDec_Cnt16.o)
 .debug_aranges
                0x00001158       0x90 .\CortexM3\ARM_GCC_541\Debug\FreeRTOS_Demo.a(Timer_1.o)
 .debug_aranges
                0x000011e8       0x98 .\CortexM3\ARM_GCC_541\Debug\FreeRTOS_Demo.a(PWM_1.o)
 .debug_aranges
                0x00001280       0x38 .\CortexM3\ARM_GCC_541\Debug\FreeRTOS_Demo.a(PWM_1_PM.o)
 .debug_aranges
                0x000012b8       0x38 .\CortexM3\ARM_GCC_541\Debug\FreeRTOS_Demo.a(LED_RED.o)
 .debug_aranges
                0x000012f0       0x38 .\CortexM3\ARM_GCC_541\Debug\FreeRTOS_Demo.a(LED_BLUE.o)
 .debug_aranges
                0x00001328       0x98 .\CortexM3\ARM_GCC_541\Debug\FreeRTOS_Demo.a(PWM_2.o)
 .debug_aranges
                0x000013c0       0x38 .\CortexM3\ARM_GCC_541\Debug\FreeRTOS_Demo.a(PWM_2_PM.o)
 .debug_aranges
                0x000013f8       0x70 .\CortexM3\ARM_GCC_541\Debug\FreeRTOS_Demo.a(Clock_2.o)
 .debug_aranges
                0x00001468       0x20 .\CortexM3\ARM_GCC_541\Debug\FreeRTOS_Demo.a(CyBootAsmGnu.o)
 .debug_aranges
                0x00001488       0x80 .\CortexM3\ARM_GCC_541\Debug\FreeRTOS_Demo.a(CyFlash.o)
 .debug_aranges
                0x00001508       0x78 .\CortexM3\ARM_GCC_541\Debug\FreeRTOS_Demo.a(CySpc.o)

.debug_pubnames
 *(.debug_pubnames)

.debug_info     0x00000000     0xa136
 *(.debug_info .gnu.linkonce.wi.*)
 .debug_info    0x00000000       0xae .\CortexM3\ARM_GCC_541\Debug\croutine.o
 .debug_info    0x000000ae      0x2e8 .\CortexM3\ARM_GCC_541\Debug\list.o
 .debug_info    0x00000396     0x1035 .\CortexM3\ARM_GCC_541\Debug\queue.o
 .debug_info    0x000013cb     0x1704 .\CortexM3\ARM_GCC_541\Debug\tasks.o
 .debug_info    0x00002acf      0x31b .\CortexM3\ARM_GCC_541\Debug\port.o
 .debug_info    0x00002dea      0x326 .\CortexM3\ARM_GCC_541\Debug\heap_2.o
 .debug_info    0x00003110      0x16c .\CortexM3\ARM_GCC_541\Debug\IntQueueTimer.o
 .debug_info    0x0000327c      0x4b1 .\CortexM3\ARM_GCC_541\Debug\main.o
 .debug_info    0x0000372d      0x3e8 .\CortexM3\ARM_GCC_541\Debug\Serial.o
 .debug_info    0x00003b15      0x405 .\CortexM3\ARM_GCC_541\Debug\movement.o
 .debug_info    0x00003f1a      0x24c .\CortexM3\ARM_GCC_541\Debug\comtest.o
 .debug_info    0x00004166      0x463 .\CortexM3\ARM_GCC_541\Debug\cyfitter_cfg.o
 .debug_info    0x000045c9      0x139 .\CortexM3\ARM_GCC_541\Debug\cymetadata.o
 .debug_info    0x00004702      0x325 .\CortexM3\ARM_GCC_541\Debug\Cm3Start.o
 .debug_info    0x00004a27      0x5f8 .\CortexM3\ARM_GCC_541\Debug\FreeRTOS_Demo.a(UART_1.o)
 .debug_info    0x0000501f      0x15b .\CortexM3\ARM_GCC_541\Debug\FreeRTOS_Demo.a(UART_1_INT.o)
 .debug_info    0x0000517a      0x241 .\CortexM3\ARM_GCC_541\Debug\FreeRTOS_Demo.a(isr_UART1_TX_BYTE_COMPLETE.o)
 .debug_info    0x000053bb      0x241 .\CortexM3\ARM_GCC_541\Debug\FreeRTOS_Demo.a(isr_UART1_RX_BYTE_RECEIVED.o)
 .debug_info    0x000055fc      0x25d .\CortexM3\ARM_GCC_541\Debug\FreeRTOS_Demo.a(Clock_1.o)
 .debug_info    0x00005859      0x25d .\CortexM3\ARM_GCC_541\Debug\FreeRTOS_Demo.a(UART_1_IntClock.o)
 .debug_info    0x00005ab6      0xe51 .\CortexM3\ARM_GCC_541\Debug\FreeRTOS_Demo.a(CyLib.o)
 .debug_info    0x00006907      0x56d .\CortexM3\ARM_GCC_541\Debug\FreeRTOS_Demo.a(cyPm.o)
 .debug_info    0x00006e74      0x2a7 .\CortexM3\ARM_GCC_541\Debug\FreeRTOS_Demo.a(PWM_M1.o)
 .debug_info    0x0000711b      0x25d .\CortexM3\ARM_GCC_541\Debug\FreeRTOS_Demo.a(MClock.o)
 .debug_info    0x00007378      0x11e .\CortexM3\ARM_GCC_541\Debug\FreeRTOS_Demo.a(M1_FWD.o)
 .debug_info    0x00007496      0x11e .\CortexM3\ARM_GCC_541\Debug\FreeRTOS_Demo.a(M1_BWD.o)
 .debug_info    0x000075b4      0x2a7 .\CortexM3\ARM_GCC_541\Debug\FreeRTOS_Demo.a(PWM_M2.o)
 .debug_info    0x0000785b      0x11e .\CortexM3\ARM_GCC_541\Debug\FreeRTOS_Demo.a(M2_FWD.o)
 .debug_info    0x00007979      0x11e .\CortexM3\ARM_GCC_541\Debug\FreeRTOS_Demo.a(M2_BWD.o)
 .debug_info    0x00007a97      0x11e .\CortexM3\ARM_GCC_541\Debug\FreeRTOS_Demo.a(Standby.o)
 .debug_info    0x00007bb5      0x234 .\CortexM3\ARM_GCC_541\Debug\FreeRTOS_Demo.a(M1QuadDec.o)
 .debug_info    0x00007de9       0xf2 .\CortexM3\ARM_GCC_541\Debug\FreeRTOS_Demo.a(M1QuadDec_INT.o)
 .debug_info    0x00007edb      0x25d .\CortexM3\ARM_GCC_541\Debug\FreeRTOS_Demo.a(M1Clock.o)
 .debug_info    0x00008138      0x234 .\CortexM3\ARM_GCC_541\Debug\FreeRTOS_Demo.a(M2QuadDec.o)
 .debug_info    0x0000836c       0xf2 .\CortexM3\ARM_GCC_541\Debug\FreeRTOS_Demo.a(M2QuadDec_INT.o)
 .debug_info    0x0000845e      0x291 .\CortexM3\ARM_GCC_541\Debug\FreeRTOS_Demo.a(M1QuadDec_Cnt16.o)
 .debug_info    0x000086ef      0x291 .\CortexM3\ARM_GCC_541\Debug\FreeRTOS_Demo.a(M2QuadDec_Cnt16.o)
 .debug_info    0x00008980      0x25b .\CortexM3\ARM_GCC_541\Debug\FreeRTOS_Demo.a(Timer_1.o)
 .debug_info    0x00008bdb      0x2a7 .\CortexM3\ARM_GCC_541\Debug\FreeRTOS_Demo.a(PWM_1.o)
 .debug_info    0x00008e82      0x15d .\CortexM3\ARM_GCC_541\Debug\FreeRTOS_Demo.a(PWM_1_PM.o)
 .debug_info    0x00008fdf      0x11e .\CortexM3\ARM_GCC_541\Debug\FreeRTOS_Demo.a(LED_RED.o)
 .debug_info    0x000090fd      0x11e .\CortexM3\ARM_GCC_541\Debug\FreeRTOS_Demo.a(LED_BLUE.o)
 .debug_info    0x0000921b      0x2a7 .\CortexM3\ARM_GCC_541\Debug\FreeRTOS_Demo.a(PWM_2.o)
 .debug_info    0x000094c2      0x15d .\CortexM3\ARM_GCC_541\Debug\FreeRTOS_Demo.a(PWM_2_PM.o)
 .debug_info    0x0000961f      0x25d .\CortexM3\ARM_GCC_541\Debug\FreeRTOS_Demo.a(Clock_2.o)
 .debug_info    0x0000987c       0xef .\CortexM3\ARM_GCC_541\Debug\FreeRTOS_Demo.a(CyBootAsmGnu.o)
 .debug_info    0x0000996b      0x371 .\CortexM3\ARM_GCC_541\Debug\FreeRTOS_Demo.a(CyFlash.o)
 .debug_info    0x00009cdc      0x45a .\CortexM3\ARM_GCC_541\Debug\FreeRTOS_Demo.a(CySpc.o)

.debug_abbrev   0x00000000     0x341b
 *(.debug_abbrev)
 .debug_abbrev  0x00000000       0x4b .\CortexM3\ARM_GCC_541\Debug\croutine.o
 .debug_abbrev  0x0000004b       0xd8 .\CortexM3\ARM_GCC_541\Debug\list.o
 .debug_abbrev  0x00000123      0x278 .\CortexM3\ARM_GCC_541\Debug\queue.o
 .debug_abbrev  0x0000039b      0x293 .\CortexM3\ARM_GCC_541\Debug\tasks.o
 .debug_abbrev  0x0000062e      0x1ca .\CortexM3\ARM_GCC_541\Debug\port.o
 .debug_abbrev  0x000007f8      0x177 .\CortexM3\ARM_GCC_541\Debug\heap_2.o
 .debug_abbrev  0x0000096f       0xd0 .\CortexM3\ARM_GCC_541\Debug\IntQueueTimer.o
 .debug_abbrev  0x00000a3f      0x1ec .\CortexM3\ARM_GCC_541\Debug\main.o
 .debug_abbrev  0x00000c2b      0x140 .\CortexM3\ARM_GCC_541\Debug\Serial.o
 .debug_abbrev  0x00000d6b       0xeb .\CortexM3\ARM_GCC_541\Debug\movement.o
 .debug_abbrev  0x00000e56       0xd4 .\CortexM3\ARM_GCC_541\Debug\comtest.o
 .debug_abbrev  0x00000f2a      0x1b7 .\CortexM3\ARM_GCC_541\Debug\cyfitter_cfg.o
 .debug_abbrev  0x000010e1       0x77 .\CortexM3\ARM_GCC_541\Debug\cymetadata.o
 .debug_abbrev  0x00001158      0x1d6 .\CortexM3\ARM_GCC_541\Debug\Cm3Start.o
 .debug_abbrev  0x0000132e      0x15f .\CortexM3\ARM_GCC_541\Debug\FreeRTOS_Demo.a(UART_1.o)
 .debug_abbrev  0x0000148d       0x8a .\CortexM3\ARM_GCC_541\Debug\FreeRTOS_Demo.a(UART_1_INT.o)
 .debug_abbrev  0x00001517      0x172 .\CortexM3\ARM_GCC_541\Debug\FreeRTOS_Demo.a(isr_UART1_TX_BYTE_COMPLETE.o)
 .debug_abbrev  0x00001689      0x172 .\CortexM3\ARM_GCC_541\Debug\FreeRTOS_Demo.a(isr_UART1_RX_BYTE_RECEIVED.o)
 .debug_abbrev  0x000017fb      0x11d .\CortexM3\ARM_GCC_541\Debug\FreeRTOS_Demo.a(Clock_1.o)
 .debug_abbrev  0x00001918      0x11d .\CortexM3\ARM_GCC_541\Debug\FreeRTOS_Demo.a(UART_1_IntClock.o)
 .debug_abbrev  0x00001a35      0x217 .\CortexM3\ARM_GCC_541\Debug\FreeRTOS_Demo.a(CyLib.o)
 .debug_abbrev  0x00001c4c      0x161 .\CortexM3\ARM_GCC_541\Debug\FreeRTOS_Demo.a(cyPm.o)
 .debug_abbrev  0x00001dad      0x12e .\CortexM3\ARM_GCC_541\Debug\FreeRTOS_Demo.a(PWM_M1.o)
 .debug_abbrev  0x00001edb      0x11d .\CortexM3\ARM_GCC_541\Debug\FreeRTOS_Demo.a(MClock.o)
 .debug_abbrev  0x00001ff8       0x90 .\CortexM3\ARM_GCC_541\Debug\FreeRTOS_Demo.a(M1_FWD.o)
 .debug_abbrev  0x00002088       0x90 .\CortexM3\ARM_GCC_541\Debug\FreeRTOS_Demo.a(M1_BWD.o)
 .debug_abbrev  0x00002118      0x12e .\CortexM3\ARM_GCC_541\Debug\FreeRTOS_Demo.a(PWM_M2.o)
 .debug_abbrev  0x00002246       0x90 .\CortexM3\ARM_GCC_541\Debug\FreeRTOS_Demo.a(M2_FWD.o)
 .debug_abbrev  0x000022d6       0x90 .\CortexM3\ARM_GCC_541\Debug\FreeRTOS_Demo.a(M2_BWD.o)
 .debug_abbrev  0x00002366       0x90 .\CortexM3\ARM_GCC_541\Debug\FreeRTOS_Demo.a(Standby.o)
 .debug_abbrev  0x000023f6      0x11a .\CortexM3\ARM_GCC_541\Debug\FreeRTOS_Demo.a(M1QuadDec.o)
 .debug_abbrev  0x00002510       0x78 .\CortexM3\ARM_GCC_541\Debug\FreeRTOS_Demo.a(M1QuadDec_INT.o)
 .debug_abbrev  0x00002588      0x11d .\CortexM3\ARM_GCC_541\Debug\FreeRTOS_Demo.a(M1Clock.o)
 .debug_abbrev  0x000026a5      0x11a .\CortexM3\ARM_GCC_541\Debug\FreeRTOS_Demo.a(M2QuadDec.o)
 .debug_abbrev  0x000027bf       0x78 .\CortexM3\ARM_GCC_541\Debug\FreeRTOS_Demo.a(M2QuadDec_INT.o)
 .debug_abbrev  0x00002837      0x12c .\CortexM3\ARM_GCC_541\Debug\FreeRTOS_Demo.a(M1QuadDec_Cnt16.o)
 .debug_abbrev  0x00002963      0x12c .\CortexM3\ARM_GCC_541\Debug\FreeRTOS_Demo.a(M2QuadDec_Cnt16.o)
 .debug_abbrev  0x00002a8f      0x11b .\CortexM3\ARM_GCC_541\Debug\FreeRTOS_Demo.a(Timer_1.o)
 .debug_abbrev  0x00002baa      0x12e .\CortexM3\ARM_GCC_541\Debug\FreeRTOS_Demo.a(PWM_1.o)
 .debug_abbrev  0x00002cd8       0x8e .\CortexM3\ARM_GCC_541\Debug\FreeRTOS_Demo.a(PWM_1_PM.o)
 .debug_abbrev  0x00002d66       0x90 .\CortexM3\ARM_GCC_541\Debug\FreeRTOS_Demo.a(LED_RED.o)
 .debug_abbrev  0x00002df6       0x90 .\CortexM3\ARM_GCC_541\Debug\FreeRTOS_Demo.a(LED_BLUE.o)
 .debug_abbrev  0x00002e86      0x12e .\CortexM3\ARM_GCC_541\Debug\FreeRTOS_Demo.a(PWM_2.o)
 .debug_abbrev  0x00002fb4       0x8e .\CortexM3\ARM_GCC_541\Debug\FreeRTOS_Demo.a(PWM_2_PM.o)
 .debug_abbrev  0x00003042      0x11d .\CortexM3\ARM_GCC_541\Debug\FreeRTOS_Demo.a(Clock_2.o)
 .debug_abbrev  0x0000315f       0x14 .\CortexM3\ARM_GCC_541\Debug\FreeRTOS_Demo.a(CyBootAsmGnu.o)
 .debug_abbrev  0x00003173      0x13c .\CortexM3\ARM_GCC_541\Debug\FreeRTOS_Demo.a(CyFlash.o)
 .debug_abbrev  0x000032af      0x16c .\CortexM3\ARM_GCC_541\Debug\FreeRTOS_Demo.a(CySpc.o)

.debug_line     0x00000000     0x5f6a
 *(.debug_line)
 .debug_line    0x00000000      0x13f .\CortexM3\ARM_GCC_541\Debug\croutine.o
 .debug_line    0x0000013f      0x245 .\CortexM3\ARM_GCC_541\Debug\list.o
 .debug_line    0x00000384      0x748 .\CortexM3\ARM_GCC_541\Debug\queue.o
 .debug_line    0x00000acc      0xaaa .\CortexM3\ARM_GCC_541\Debug\tasks.o
 .debug_line    0x00001576      0x2d6 .\CortexM3\ARM_GCC_541\Debug\port.o
 .debug_line    0x0000184c      0x2e9 .\CortexM3\ARM_GCC_541\Debug\heap_2.o
 .debug_line    0x00001b35      0x1e0 .\CortexM3\ARM_GCC_541\Debug\IntQueueTimer.o
 .debug_line    0x00001d15      0x334 .\CortexM3\ARM_GCC_541\Debug\main.o
 .debug_line    0x00002049      0x2c4 .\CortexM3\ARM_GCC_541\Debug\Serial.o
 .debug_line    0x0000230d      0x259 .\CortexM3\ARM_GCC_541\Debug\movement.o
 .debug_line    0x00002566      0x23c .\CortexM3\ARM_GCC_541\Debug\comtest.o
 .debug_line    0x000027a2      0x224 .\CortexM3\ARM_GCC_541\Debug\cyfitter_cfg.o
 .debug_line    0x000029c6      0x141 .\CortexM3\ARM_GCC_541\Debug\cymetadata.o
 .debug_line    0x00002b07      0x1dc .\CortexM3\ARM_GCC_541\Debug\Cm3Start.o
 .debug_line    0x00002ce3      0x30d .\CortexM3\ARM_GCC_541\Debug\FreeRTOS_Demo.a(UART_1.o)
 .debug_line    0x00002ff0       0x8a .\CortexM3\ARM_GCC_541\Debug\FreeRTOS_Demo.a(UART_1_INT.o)
 .debug_line    0x0000307a      0x165 .\CortexM3\ARM_GCC_541\Debug\FreeRTOS_Demo.a(isr_UART1_TX_BYTE_COMPLETE.o)
 .debug_line    0x000031df      0x165 .\CortexM3\ARM_GCC_541\Debug\FreeRTOS_Demo.a(isr_UART1_RX_BYTE_RECEIVED.o)
 .debug_line    0x00003344      0x1a6 .\CortexM3\ARM_GCC_541\Debug\FreeRTOS_Demo.a(Clock_1.o)
 .debug_line    0x000034ea      0x1ae .\CortexM3\ARM_GCC_541\Debug\FreeRTOS_Demo.a(UART_1_IntClock.o)
 .debug_line    0x00003698      0x883 .\CortexM3\ARM_GCC_541\Debug\FreeRTOS_Demo.a(CyLib.o)
 .debug_line    0x00003f1b      0x38b .\CortexM3\ARM_GCC_541\Debug\FreeRTOS_Demo.a(cyPm.o)
 .debug_line    0x000042a6      0x18a .\CortexM3\ARM_GCC_541\Debug\FreeRTOS_Demo.a(PWM_M1.o)
 .debug_line    0x00004430      0x1a5 .\CortexM3\ARM_GCC_541\Debug\FreeRTOS_Demo.a(MClock.o)
 .debug_line    0x000045d5       0x96 .\CortexM3\ARM_GCC_541\Debug\FreeRTOS_Demo.a(M1_FWD.o)
 .debug_line    0x0000466b       0x96 .\CortexM3\ARM_GCC_541\Debug\FreeRTOS_Demo.a(M1_BWD.o)
 .debug_line    0x00004701      0x18a .\CortexM3\ARM_GCC_541\Debug\FreeRTOS_Demo.a(PWM_M2.o)
 .debug_line    0x0000488b       0x96 .\CortexM3\ARM_GCC_541\Debug\FreeRTOS_Demo.a(M2_FWD.o)
 .debug_line    0x00004921       0x96 .\CortexM3\ARM_GCC_541\Debug\FreeRTOS_Demo.a(M2_BWD.o)
 .debug_line    0x000049b7       0x97 .\CortexM3\ARM_GCC_541\Debug\FreeRTOS_Demo.a(Standby.o)
 .debug_line    0x00004a4e      0x124 .\CortexM3\ARM_GCC_541\Debug\FreeRTOS_Demo.a(M1QuadDec.o)
 .debug_line    0x00004b72       0x6f .\CortexM3\ARM_GCC_541\Debug\FreeRTOS_Demo.a(M1QuadDec_INT.o)
 .debug_line    0x00004be1      0x1a6 .\CortexM3\ARM_GCC_541\Debug\FreeRTOS_Demo.a(M1Clock.o)
 .debug_line    0x00004d87      0x124 .\CortexM3\ARM_GCC_541\Debug\FreeRTOS_Demo.a(M2QuadDec.o)
 .debug_line    0x00004eab       0x6f .\CortexM3\ARM_GCC_541\Debug\FreeRTOS_Demo.a(M2QuadDec_INT.o)
 .debug_line    0x00004f1a      0x18d .\CortexM3\ARM_GCC_541\Debug\FreeRTOS_Demo.a(M1QuadDec_Cnt16.o)
 .debug_line    0x000050a7      0x18d .\CortexM3\ARM_GCC_541\Debug\FreeRTOS_Demo.a(M2QuadDec_Cnt16.o)
 .debug_line    0x00005234      0x170 .\CortexM3\ARM_GCC_541\Debug\FreeRTOS_Demo.a(Timer_1.o)
 .debug_line    0x000053a4      0x189 .\CortexM3\ARM_GCC_541\Debug\FreeRTOS_Demo.a(PWM_1.o)
 .debug_line    0x0000552d       0xb1 .\CortexM3\ARM_GCC_541\Debug\FreeRTOS_Demo.a(PWM_1_PM.o)
 .debug_line    0x000055de       0x97 .\CortexM3\ARM_GCC_541\Debug\FreeRTOS_Demo.a(LED_RED.o)
 .debug_line    0x00005675       0x98 .\CortexM3\ARM_GCC_541\Debug\FreeRTOS_Demo.a(LED_BLUE.o)
 .debug_line    0x0000570d      0x189 .\CortexM3\ARM_GCC_541\Debug\FreeRTOS_Demo.a(PWM_2.o)
 .debug_line    0x00005896       0xb1 .\CortexM3\ARM_GCC_541\Debug\FreeRTOS_Demo.a(PWM_2_PM.o)
 .debug_line    0x00005947      0x1a6 .\CortexM3\ARM_GCC_541\Debug\FreeRTOS_Demo.a(Clock_2.o)
 .debug_line    0x00005aed       0x66 .\CortexM3\ARM_GCC_541\Debug\FreeRTOS_Demo.a(CyBootAsmGnu.o)
 .debug_line    0x00005b53      0x205 .\CortexM3\ARM_GCC_541\Debug\FreeRTOS_Demo.a(CyFlash.o)
 .debug_line    0x00005d58      0x212 .\CortexM3\ARM_GCC_541\Debug\FreeRTOS_Demo.a(CySpc.o)

.debug_frame    0x00000000     0x5658
 *(.debug_frame)
 .debug_frame   0x00000000       0xd8 .\CortexM3\ARM_GCC_541\Debug\list.o
 .debug_frame   0x000000d8      0x4e8 .\CortexM3\ARM_GCC_541\Debug\queue.o
 .debug_frame   0x000005c0      0x818 .\CortexM3\ARM_GCC_541\Debug\tasks.o
 .debug_frame   0x00000dd8      0x16c .\CortexM3\ARM_GCC_541\Debug\port.o
 .debug_frame   0x00000f44       0xd0 .\CortexM3\ARM_GCC_541\Debug\heap_2.o
 .debug_frame   0x00001014       0x64 .\CortexM3\ARM_GCC_541\Debug\IntQueueTimer.o
 .debug_frame   0x00001078       0xd8 .\CortexM3\ARM_GCC_541\Debug\main.o
 .debug_frame   0x00001150      0x100 .\CortexM3\ARM_GCC_541\Debug\Serial.o
 .debug_frame   0x00001250      0x13c .\CortexM3\ARM_GCC_541\Debug\movement.o
 .debug_frame   0x0000138c       0xa0 .\CortexM3\ARM_GCC_541\Debug\comtest.o
 .debug_frame   0x0000142c      0x16c .\CortexM3\ARM_GCC_541\Debug\cyfitter_cfg.o
 .debug_frame   0x00001598       0xd8 .\CortexM3\ARM_GCC_541\Debug\Cm3Start.o
 .debug_frame   0x00001670      0x428 .\CortexM3\ARM_GCC_541\Debug\FreeRTOS_Demo.a(UART_1.o)
 .debug_frame   0x00001a98       0x38 .\CortexM3\ARM_GCC_541\Debug\FreeRTOS_Demo.a(UART_1_INT.o)
 .debug_frame   0x00001ad0      0x1e8 .\CortexM3\ARM_GCC_541\Debug\FreeRTOS_Demo.a(isr_UART1_TX_BYTE_COMPLETE.o)
 .debug_frame   0x00001cb8      0x1e8 .\CortexM3\ARM_GCC_541\Debug\FreeRTOS_Demo.a(isr_UART1_RX_BYTE_RECEIVED.o)
 .debug_frame   0x00001ea0      0x1b4 .\CortexM3\ARM_GCC_541\Debug\FreeRTOS_Demo.a(Clock_1.o)
 .debug_frame   0x00002054      0x1b4 .\CortexM3\ARM_GCC_541\Debug\FreeRTOS_Demo.a(UART_1_IntClock.o)
 .debug_frame   0x00002208      0xc0c .\CortexM3\ARM_GCC_541\Debug\FreeRTOS_Demo.a(CyLib.o)
 .debug_frame   0x00002e14      0x234 .\CortexM3\ARM_GCC_541\Debug\FreeRTOS_Demo.a(cyPm.o)
 .debug_frame   0x00003048      0x25c .\CortexM3\ARM_GCC_541\Debug\FreeRTOS_Demo.a(PWM_M1.o)
 .debug_frame   0x000032a4      0x1b4 .\CortexM3\ARM_GCC_541\Debug\FreeRTOS_Demo.a(MClock.o)
 .debug_frame   0x00003458       0xa8 .\CortexM3\ARM_GCC_541\Debug\FreeRTOS_Demo.a(M1_FWD.o)
 .debug_frame   0x00003500       0xa8 .\CortexM3\ARM_GCC_541\Debug\FreeRTOS_Demo.a(M1_BWD.o)
 .debug_frame   0x000035a8      0x25c .\CortexM3\ARM_GCC_541\Debug\FreeRTOS_Demo.a(PWM_M2.o)
 .debug_frame   0x00003804       0xa8 .\CortexM3\ARM_GCC_541\Debug\FreeRTOS_Demo.a(M2_FWD.o)
 .debug_frame   0x000038ac       0xa8 .\CortexM3\ARM_GCC_541\Debug\FreeRTOS_Demo.a(M2_BWD.o)
 .debug_frame   0x00003954       0xa8 .\CortexM3\ARM_GCC_541\Debug\FreeRTOS_Demo.a(Standby.o)
 .debug_frame   0x000039fc      0x158 .\CortexM3\ARM_GCC_541\Debug\FreeRTOS_Demo.a(M1QuadDec.o)
 .debug_frame   0x00003b54       0x38 .\CortexM3\ARM_GCC_541\Debug\FreeRTOS_Demo.a(M1QuadDec_INT.o)
 .debug_frame   0x00003b8c      0x1b4 .\CortexM3\ARM_GCC_541\Debug\FreeRTOS_Demo.a(M1Clock.o)
 .debug_frame   0x00003d40      0x158 .\CortexM3\ARM_GCC_541\Debug\FreeRTOS_Demo.a(M2QuadDec.o)
 .debug_frame   0x00003e98       0x38 .\CortexM3\ARM_GCC_541\Debug\FreeRTOS_Demo.a(M2QuadDec_INT.o)
 .debug_frame   0x00003ed0      0x258 .\CortexM3\ARM_GCC_541\Debug\FreeRTOS_Demo.a(M1QuadDec_Cnt16.o)
 .debug_frame   0x00004128      0x258 .\CortexM3\ARM_GCC_541\Debug\FreeRTOS_Demo.a(M2QuadDec_Cnt16.o)
 .debug_frame   0x00004380      0x230 .\CortexM3\ARM_GCC_541\Debug\FreeRTOS_Demo.a(Timer_1.o)
 .debug_frame   0x000045b0      0x25c .\CortexM3\ARM_GCC_541\Debug\FreeRTOS_Demo.a(PWM_1.o)
 .debug_frame   0x0000480c       0x80 .\CortexM3\ARM_GCC_541\Debug\FreeRTOS_Demo.a(PWM_1_PM.o)
 .debug_frame   0x0000488c       0xa8 .\CortexM3\ARM_GCC_541\Debug\FreeRTOS_Demo.a(LED_RED.o)
 .debug_frame   0x00004934       0xa8 .\CortexM3\ARM_GCC_541\Debug\FreeRTOS_Demo.a(LED_BLUE.o)
 .debug_frame   0x000049dc      0x25c .\CortexM3\ARM_GCC_541\Debug\FreeRTOS_Demo.a(PWM_2.o)
 .debug_frame   0x00004c38       0x80 .\CortexM3\ARM_GCC_541\Debug\FreeRTOS_Demo.a(PWM_2_PM.o)
 .debug_frame   0x00004cb8      0x1b4 .\CortexM3\ARM_GCC_541\Debug\FreeRTOS_Demo.a(Clock_2.o)
 .debug_frame   0x00004e6c      0x210 .\CortexM3\ARM_GCC_541\Debug\FreeRTOS_Demo.a(CyFlash.o)
 .debug_frame   0x0000507c      0x1f8 .\CortexM3\ARM_GCC_541\Debug\FreeRTOS_Demo.a(CySpc.o)
 .debug_frame   0x00005274       0x20 c:/program files (x86)/cypress/psoc creator/4.1/psoc creator/import/gnu/arm/5.4.1/bin/../lib/gcc/arm-none-eabi/5.4.1/../../../../arm-none-eabi/lib/armv7-m\libg_nano.a(lib_a-errno.o)
 .debug_frame   0x00005294       0x28 c:/program files (x86)/cypress/psoc creator/4.1/psoc creator/import/gnu/arm/5.4.1/bin/../lib/gcc/arm-none-eabi/5.4.1/../../../../arm-none-eabi/lib/armv7-m\libg_nano.a(lib_a-exit.o)
 .debug_frame   0x000052bc       0x2c c:/program files (x86)/cypress/psoc creator/4.1/psoc creator/import/gnu/arm/5.4.1/bin/../lib/gcc/arm-none-eabi/5.4.1/../../../../arm-none-eabi/lib/armv7-m\libg_nano.a(lib_a-init.o)
 .debug_frame   0x000052e8       0x28 c:/program files (x86)/cypress/psoc creator/4.1/psoc creator/import/gnu/arm/5.4.1/bin/../lib/gcc/arm-none-eabi/5.4.1/../../../../arm-none-eabi/lib/armv7-m\libg_nano.a(lib_a-memcpy-stub.o)
 .debug_frame   0x00005310       0x20 c:/program files (x86)/cypress/psoc creator/4.1/psoc creator/import/gnu/arm/5.4.1/bin/../lib/gcc/arm-none-eabi/5.4.1/../../../../arm-none-eabi/lib/armv7-m\libg_nano.a(lib_a-memset.o)
 .debug_frame   0x00005330       0x70 c:/program files (x86)/cypress/psoc creator/4.1/psoc creator/import/gnu/arm/5.4.1/bin/../lib/gcc/arm-none-eabi/5.4.1/../../../../arm-none-eabi/lib/armv7-m\libg_nano.a(lib_a-sprintf.o)
 .debug_frame   0x000053a0       0x90 c:/program files (x86)/cypress/psoc creator/4.1/psoc creator/import/gnu/arm/5.4.1/bin/../lib/gcc/arm-none-eabi/5.4.1/../../../../arm-none-eabi/lib/armv7-m\libg_nano.a(lib_a-nano-svfprintf.o)
 .debug_frame   0x00005430       0x60 c:/program files (x86)/cypress/psoc creator/4.1/psoc creator/import/gnu/arm/5.4.1/bin/../lib/gcc/arm-none-eabi/5.4.1/../../../../arm-none-eabi/lib/armv7-m\libg_nano.a(lib_a-nano-vfprintf_i.o)
 .debug_frame   0x00005490       0x28 c:/program files (x86)/cypress/psoc creator/4.1/psoc creator/import/gnu/arm/5.4.1/bin/../lib/gcc/arm-none-eabi/5.4.1/../../../../arm-none-eabi/lib/armv7-m\libg_nano.a(lib_a-memchr-stub.o)
 .debug_frame   0x000054b8       0x28 c:/program files (x86)/cypress/psoc creator/4.1/psoc creator/import/gnu/arm/5.4.1/bin/../lib/gcc/arm-none-eabi/5.4.1/../../../../arm-none-eabi/lib/armv7-m\libg_nano.a(lib_a-memmove.o)
 .debug_frame   0x000054e0       0x38 c:/program files (x86)/cypress/psoc creator/4.1/psoc creator/import/gnu/arm/5.4.1/bin/../lib/gcc/arm-none-eabi/5.4.1/../../../../arm-none-eabi/lib/armv7-m\libg_nano.a(lib_a-nano-freer.o)
 .debug_frame   0x00005518       0x2c c:/program files (x86)/cypress/psoc creator/4.1/psoc creator/import/gnu/arm/5.4.1/bin/../lib/gcc/arm-none-eabi/5.4.1/../../../../arm-none-eabi/lib/armv7-m\libg_nano.a(lib_a-nano-mallocr.o)
 .debug_frame   0x00005544       0x3c c:/program files (x86)/cypress/psoc creator/4.1/psoc creator/import/gnu/arm/5.4.1/bin/../lib/gcc/arm-none-eabi/5.4.1/../../../../arm-none-eabi/lib/armv7-m\libg_nano.a(lib_a-nano-reallocr.o)
 .debug_frame   0x00005580       0x2c c:/program files (x86)/cypress/psoc creator/4.1/psoc creator/import/gnu/arm/5.4.1/bin/../lib/gcc/arm-none-eabi/5.4.1/../../../../arm-none-eabi/lib/armv7-m\libg_nano.a(lib_a-sbrkr.o)
 .debug_frame   0x000055ac       0x30 c:/program files (x86)/cypress/psoc creator/4.1/psoc creator/import/gnu/arm/5.4.1/bin/../lib/gcc/arm-none-eabi/5.4.1/../../../../arm-none-eabi/lib/armv7-m\libg_nano.a(lib_a-mlock.o)